Archive member included to satisfy reference by file (symbol)

c:\Users\dell\Desktop\Projects\Robofest\Dev\Hardware_tests_pico\Magentic_Sensor\build\libraries\Wire\Wire.a(Wire.cpp.o)
                              c:\Users\dell\Desktop\Projects\Robofest\Dev\Hardware_tests_pico\Magentic_Sensor\build\libraries\QMC5883LCompass\QMC5883LCompass.cpp.o (_ZN7TwoWire17beginTransmissionEh)
c:\Users\dell\Desktop\Projects\Robofest\Dev\Hardware_tests_pico\Magentic_Sensor\build/core\core.a(SerialUSB.cpp.o)
                              c:\Users\dell\Desktop\Projects\Robofest\Dev\Hardware_tests_pico\Magentic_Sensor\build\sketch\Magnetic_Sensor.ino.cpp.o (_ZN9SerialUSB5beginEm)
c:\Users\dell\Desktop\Projects\Robofest\Dev\Hardware_tests_pico\Magentic_Sensor\build/core\core.a(_freertos.cpp.o)
                              c:\Users\dell\Desktop\Projects\Robofest\Dev\Hardware_tests_pico\Magentic_Sensor\build/core\core.a(SerialUSB.cpp.o) (__get_freertos_mutex_for_ptr)
c:\Users\dell\Desktop\Projects\Robofest\Dev\Hardware_tests_pico\Magentic_Sensor\build/core\core.a(Print.cpp.o)
                              c:\Users\dell\Desktop\Projects\Robofest\Dev\Hardware_tests_pico\Magentic_Sensor\build\sketch\Magnetic_Sensor.ino.cpp.o (_ZN7arduino5Print7printlnEdi)
c:\Users\dell\Desktop\Projects\Robofest\Dev\Hardware_tests_pico\Magentic_Sensor\build/core\core.a(delay.cpp.o)
                              c:\Users\dell\Desktop\Projects\Robofest\Dev\Hardware_tests_pico\Magentic_Sensor\build\sketch\Magnetic_Sensor.ino.cpp.o (delay)
c:\Users\dell\Desktop\Projects\Robofest\Dev\Hardware_tests_pico\Magentic_Sensor\build/core\core.a(main.cpp.o)
                              c:/users/dell/appdata/local/arduino15/packages/rp2040/tools/pqt-gcc/1.4.0-c-0196c06/bin/../lib/gcc/arm-none-eabi/10.3.0/../../../../arm-none-eabi/lib/thumb/crt0.o (main)
c:\Users\dell\Desktop\Projects\Robofest\Dev\Hardware_tests_pico\Magentic_Sensor\build/core\core.a(wiring_digital.cpp.o)
                              c:\Users\dell\Desktop\Projects\Robofest\Dev\Hardware_tests_pico\Magentic_Sensor\build\libraries\Wire\Wire.a(Wire.cpp.o) (pinMode)
c:\Users\dell\Desktop\Projects\Robofest\Dev\Hardware_tests_pico\Magentic_Sensor\build/core\core.a(wiring_private.cpp.o)
                              c:\Users\dell\Desktop\Projects\Robofest\Dev\Hardware_tests_pico\Magentic_Sensor\build/core\core.a(main.cpp.o) (interrupts)
c:\Users\dell\Desktop\Projects\Robofest\Dev\Hardware_tests_pico\Magentic_Sensor\build/core\core.a(RP2040USB.cpp.o)
                              c:\Users\dell\Desktop\Projects\Robofest\Dev\Hardware_tests_pico\Magentic_Sensor\build/core\core.a(main.cpp.o) (_Z10__USBStartv)
C:\Users\dell\AppData\Local\Arduino15\packages\rp2040\hardware\rp2040\2.5.2/lib/libpico.a(sync.c.obj)
                              c:\Users\dell\Desktop\Projects\Robofest\Dev\Hardware_tests_pico\Magentic_Sensor\build/core\core.a(main.cpp.o) (next_striped_spin_lock_num)
C:\Users\dell\AppData\Local\Arduino15\packages\rp2040\hardware\rp2040\2.5.2/lib/libpico.a(gpio.c.obj)
                              c:\Users\dell\Desktop\Projects\Robofest\Dev\Hardware_tests_pico\Magentic_Sensor\build\libraries\Wire\Wire.a(Wire.cpp.o) (gpio_set_function)
C:\Users\dell\AppData\Local\Arduino15\packages\rp2040\hardware\rp2040\2.5.2/lib/libpico.a(irq.c.obj)
                              c:\Users\dell\Desktop\Projects\Robofest\Dev\Hardware_tests_pico\Magentic_Sensor\build\libraries\Wire\Wire.a(Wire.cpp.o) (irq_set_enabled)
C:\Users\dell\AppData\Local\Arduino15\packages\rp2040\hardware\rp2040\2.5.2/lib/libpico.a(irq_handler_chain.S.obj)
                              C:\Users\dell\AppData\Local\Arduino15\packages\rp2040\hardware\rp2040\2.5.2/lib/libpico.a(irq.c.obj) (irq_handler_chain_slots)
C:\Users\dell\AppData\Local\Arduino15\packages\rp2040\hardware\rp2040\2.5.2/lib/libpico.a(time.c.obj)
                              c:\Users\dell\Desktop\Projects\Robofest\Dev\Hardware_tests_pico\Magentic_Sensor\build/core\core.a(RP2040USB.cpp.o) (alarm_pool_get_default)
C:\Users\dell\AppData\Local\Arduino15\packages\rp2040\hardware\rp2040\2.5.2/lib/libpico.a(timer.c.obj)
                              C:\Users\dell\AppData\Local\Arduino15\packages\rp2040\hardware\rp2040\2.5.2/lib/libpico.a(time.c.obj) (hardware_alarm_claim)
C:\Users\dell\AppData\Local\Arduino15\packages\rp2040\hardware\rp2040\2.5.2/lib/libpico.a(pheap.c.obj)
                              C:\Users\dell\AppData\Local\Arduino15\packages\rp2040\hardware\rp2040\2.5.2/lib/libpico.a(time.c.obj) (ph_post_alloc_init)
C:\Users\dell\AppData\Local\Arduino15\packages\rp2040\hardware\rp2040\2.5.2/lib/libpico.a(queue.c.obj)
                              c:\Users\dell\Desktop\Projects\Robofest\Dev\Hardware_tests_pico\Magentic_Sensor\build/core\core.a(main.cpp.o) (queue_init_with_spinlock)
C:\Users\dell\AppData\Local\Arduino15\packages\rp2040\hardware\rp2040\2.5.2/lib/libpico.a(mutex.c.obj)
[...]
Memory Configuration

Name             Origin             Length             Attributes
FLASH            0x10000000         0x001ff000         xr
RAM              0x20000000         0x00040000         xrw
SCRATCH_X        0x20040000         0x00001000         xrw
SCRATCH_Y        0x20041000         0x00001000         xrw
*default*        0x00000000         0xffffffff

Linker script and memory map

LOAD c:/users/dell/appdata/local/arduino15/packages/rp2040/tools/pqt-gcc/1.4.0-c-0196c06/bin/../lib/gcc/arm-none-eabi/10.3.0/thumb/crti.o
LOAD c:/users/dell/appdata/local/arduino15/packages/rp2040/tools/pqt-gcc/1.4.0-c-0196c06/bin/../lib/gcc/arm-none-eabi/10.3.0/thumb/crtbegin.o
LOAD c:/users/dell/appdata/local/arduino15/packages/rp2040/tools/pqt-gcc/1.4.0-c-0196c06/bin/../lib/gcc/arm-none-eabi/10.3.0/../../../../arm-none-eabi/lib/thumb/crt0.o
                [!provide]                PROVIDE (_EEPROM_start = 0x101ff000)
                [!provide]                PROVIDE (_FS_start = 0x101ff000)
                [!provide]                PROVIDE (_FS_end = 0x101ff000)

.flash_begin    0x10000000        0x0
                0x10000000                __flash_binary_start = .

.boot2          0x10000000      0x100
                0x10000000                __boot2_start__ = .
 *(.boot2)
 .boot2         0x10000000      0x100 c:\Users\dell\Desktop\Projects\Robofest\Dev\Hardware_tests_pico\Magentic_Sensor\build/boot2.o
                0x10000100                __boot2_end__ = .
                0x00000001                ASSERT (((__boot2_end__ - __boot2_start__) == 0x100), ERROR: Pico second stage bootloader must be 256 bytes in size)

.ota            0x10000100     0x25e8
 *(.OTA)
 .OTA           0x10000100     0x25e8 C:\Users\dell\AppData\Local\Arduino15\packages\rp2040\hardware\rp2040\2.5.2/lib/ota.o
                0x10000100                _binary_ota_bin_start
                0x100026e8                _binary_ota_bin_end

.partition      0x100026e8      0x918
                0x10002ff0                . = (__flash_binary_start + 0x2ff0)
 *fill*         0x100026e8      0x908 
                0x10002ff0        0x4 LONG 0x101ff000
                0x10002ff4        0x4 LONG 0x101ff000
                0x10002ff8        0x4 LONG 0x101ff000
                0x10002ffc        0x4 LONG 0x1ff000

.text           0x10003000     0xd378
                0x10003000                __logical_binary_start = .
 *(.vectors)
 .vectors       0x10003000       0xd4 C:\Users\dell\AppData\Local\Arduino15\packages\rp2040\hardware\rp2040\2.5.2/lib/libpico.a(crt0.S.obj)
                0x10003000                __VECTOR_TABLE
                0x10003000                __vectors
                0x100030c0                isr_invalid
                0x100030c0                __default_isrs_start
                0x100030c2                isr_nmi
                0x100030c4                isr_hardfault
                0x100030c6                isr_svcall
                0x100030c8                isr_pendsv
                0x100030ca                isr_systick
                0x100030cc                isr_irq23
                0x100030cc                isr_irq18
                0x100030cc                isr_irq11
                0x100030cc                isr_irq28
                0x100030cc                isr_irq19
                0x100030cc                isr_irq0
                0x100030cc                isr_irq6
                0x100030cc                isr_irq5
                0x100030cc                isr_irq12
                0x100030cc                isr_irq22
                0x100030cc                isr_irq31
                0x100030cc                isr_irq17
                0x100030cc                isr_irq27
                0x100030cc                isr_irq30
                0x100030cc                isr_irq2
                0x100030cc                isr_irq10
                0x100030cc                isr_irq8
                0x100030cc                isr_irq24
                0x100030cc                isr_irq1
                0x100030cc                isr_irq7
                0x100030cc                isr_irq21
                0x100030cc                isr_irq20
                0x100030cc                isr_irq15
                0x100030cc                isr_irq25
                0x100030cc                isr_irq13
                0x100030cc                __unhandled_user_irq
                0x100030cc                isr_irq4
                0x100030cc                isr_irq16
                0x100030cc                isr_irq29
                0x100030cc                isr_irq26
                0x100030cc                __default_isrs_end
                0x100030cc                isr_irq3
                0x100030cc                isr_irq14
                0x100030cc                isr_irq9
                0x100030d2                unhandled_user_irq_num_in_r0
 *(.binary_info_header)
 .binary_info_header
                0x100030d4        0x0 C:\Users\dell\AppData\Local\Arduino15\packages\rp2040\hardware\rp2040\2.5.2/lib/libpico.a(crt0.S.obj)
                0x100030d4                __binary_info_header_end = .
 *(.reset)
 .reset         0x100030d4       0xa8 C:\Users\dell\AppData\Local\Arduino15\packages\rp2040\hardware\rp2040\2.5.2/lib/libpico.a(crt0.S.obj)
                0x100030d4                _entry_point
                0x10003152                __get_current_exception
 *(.init)
 .init          0x1000317c        0x4 c:/users/dell/appdata/local/arduino15/packages/rp2040/tools/pqt-gcc/1.4.0-c-0196c06/bin/../lib/gcc/arm-none-eabi/10.3.0/thumb/crti.o
                0x1000317c                _init
 *(EXCLUDE_FILE(*libm.a: *libc.a:*lib_a-mem*.o *libgcc.a:) .text*)
 .text          0x10003180       0x98 c:/users/dell/appdata/local/arduino15/packages/rp2040/tools/pqt-gcc/1.4.0-c-0196c06/bin/../lib/gcc/arm-none-eabi/10.3.0/thumb/crtbegin.o
 .text._Z20test_magentic_sensorv
                0x10003218       0xc8 c:\Users\dell\Desktop\Projects\Robofest\Dev\Hardware_tests_pico\Magentic_Sensor\build\sketch\Magnetic_Sensor.ino.cpp.o
                0x10003218                _Z20test_magentic_sensorv
 .text.loop     0x100032e0        0x6 c:\Users\dell\Desktop\Projects\Robofest\Dev\Hardware_tests_pico\Magentic_Sensor\build\sketch\Magnetic_Sensor.ino.cpp.o
                0x100032e0                loop
 *fill*         0x100032e6        0x2 
 .text.setup    0x100032e8       0x28 c:\Users\dell\Desktop\Projects\Robofest\Dev\Hardware_tests_pico\Magentic_Sensor\build\sketch\Magnetic_Sensor.ino.cpp.o
                0x100032e8                setup
 .text._ZN15QMC5883LCompassC2Ev
                0x10003310       0x3c c:\Users\dell\Desktop\Projects\Robofest\Dev\Hardware_tests_pico\Magentic_Sensor\build\libraries\QMC5883LCompass\QMC5883LCompass.cpp.o
                0x10003310                _ZN15QMC5883LCompassC1Ev
                0x10003310                _ZN15QMC5883LCompassC2Ev
 .text._ZN15QMC5883LCompass17_applyCalibrationEv
                0x1000334c      0x118 c:\Users\dell\Desktop\Projects\Robofest\Dev\Hardware_tests_pico\Magentic_Sensor\build\libraries\QMC5883LCompass\QMC5883LCompass.cpp.o
                0x1000334c                _ZN15QMC5883LCompass17_applyCalibrationEv
 .text._ZN15QMC5883LCompass10_smoothingEv
                0x10003464       0xfc c:\Users\dell\Desktop\Projects\Robofest\Dev\Hardware_tests_pico\Magentic_Sensor\build\libraries\QMC5883LCompass\QMC5883LCompass.cpp.o
                0x10003464                _ZN15QMC5883LCompass10_smoothingEv
 .text._ZN15QMC5883LCompass4_getEi
                0x10003560       0x2a c:\Users\dell\Desktop\Projects\Robofest\Dev\Hardware_tests_pico\Magentic_Sensor\build\libraries\QMC5883LCompass\QMC5883LCompass.cpp.o
                0x10003560                _ZN15QMC5883LCompass4_getEi
 .text._ZN15QMC5883LCompass4getXEv
                0x1000358a        0xa c:\Users\dell\Desktop\Projects\Robofest\Dev\Hardware_tests_pico\Magentic_Sensor\build\libraries\QMC5883LCompass\QMC5883LCompass.cpp.o
                0x1000358a                _ZN15QMC5883LCompass4getXEv
 .text._ZN15QMC5883LCompass4getYEv
                0x10003594        0xa c:\Users\dell\Desktop\Projects\Robofest\Dev\Hardware_tests_pico\Magentic_Sensor\build\libraries\QMC5883LCompass\QMC5883LCompass.cpp.o
                0x10003594                _ZN15QMC5883LCompass4getYEv
 *fill*         0x1000359e        0x2 
 .text._ZN15QMC5883LCompass10getAzimuthEv
                0x100035a0       0x50 c:\Users\dell\Desktop\Projects\Robofest\Dev\Hardware_tests_pico\Magentic_Sensor\build\libraries\QMC5883LCompass\QMC5883LCompass.cpp.o
                0x100035a0                _ZN15QMC5883LCompass10getAzimuthEv
 .text._ZN15QMC5883LCompass9_writeRegEhh
                0x100035f0       0x2c c:\Users\dell\Desktop\Projects\Robofest\Dev\Hardware_tests_pico\Magentic_Sensor\build\libraries\QMC5883LCompass\QMC5883LCompass.cpp.o
                0x100035f0                _ZN15QMC5883LCompass9_writeRegEhh
 .text._ZN15QMC5883LCompass4initEv
                0x1000361c       0x24 c:\Users\dell\Desktop\Projects\Robofest\Dev\Hardware_tests_pico\Magentic_Sensor\build\libraries\QMC5883LCompass\QMC5883LCompass.cpp.o
                0x1000361c                _ZN15QMC5883LCompass4initEv
 .text._ZN15QMC5883LCompass4readEv
                0x10003640       0x90 c:\Users\dell\Desktop\Projects\Robofest\Dev\Hardware_tests_pico\Magentic_Sensor\build\libraries\QMC5883LCompass\QMC5883LCompass.cpp.o
                0x10003640                _ZN15QMC5883LCompass4readEv
 .text._ZN7arduino5Print17availableForWriteEv
                0x100036d0        0x4 c:\Users\dell\Desktop\Projects\Robofest\Dev\Hardware_tests_pico\Magentic_Sensor\build\libraries\Wire\Wire.a(Wire.cpp.o)
                0x100036d0                _ZN7arduino5Print17availableForWriteEv
 .text._ZN7TwoWire17beginTransmissionEh
                0x100036d4       0x1c c:\Users\dell\Desktop\Projects\Robofest\Dev\Hardware_tests_pico\Magentic_Sensor\build\libraries\Wire\Wire.a(Wire.cpp.o)
                0x100036d4                _ZN7TwoWire17beginTransmissionEh
 .text._ZN7TwoWire11requestFromEhj
                0x100036f0        0xc c:\Users\dell\Desktop\Projects\Robofest\Dev\Hardware_tests_pico\Magentic_Sensor\build\libraries\Wire\Wire.a(Wire.cpp.o)
                0x100036f0                _ZN7TwoWire11requestFromEhj
 .text._ZN7TwoWire15endTransmissionEv
                0x100036fc        0xc c:\Users\dell\Desktop\Projects\Robofest\Dev\Hardware_tests_pico\Magentic_Sensor\build\libraries\Wire\Wire.a(Wire.cpp.o)
                0x100036fc                _ZN7TwoWire15endTransmissionEv
 .text._ZN7TwoWire5writeEPKhj
                0x10003708       0x24 c:\Users\dell\Desktop\Projects\Robofest\Dev\Hardware_tests_pico\Magentic_Sensor\build\libraries\Wire\Wire.a(Wire.cpp.o)
                0x10003708                _ZN7TwoWire5writeEPKhj
 .text._ZN7TwoWire9availableEv
                0x1000372c       0x14 c:\Users\dell\Desktop\Projects\Robofest\Dev\Hardware_tests_pico\Magentic_Sensor\build\libraries\Wire\Wire.a(Wire.cpp.o)
                0x1000372c                _ZN7TwoWire9availableEv
 .text._ZN7TwoWire4readEv
                0x10003740       0x26 c:\Users\dell\Desktop\Projects\Robofest\Dev\Hardware_tests_pico\Magentic_Sensor\build\libraries\Wire\Wire.a(Wire.cpp.o)
                0x10003740                _ZN7TwoWire4readEv
 .text._ZN7TwoWire4peekEv
                0x10003766       0x22 c:\Users\dell\Desktop\Projects\Robofest\Dev\Hardware_tests_pico\Magentic_Sensor\build\libraries\Wire\Wire.a(Wire.cpp.o)
                0x10003766                _ZN7TwoWire4peekEv
 .text._ZN7TwoWire5flushEv
                0x10003788        0x2 c:\Users\dell\Desktop\Projects\Robofest\Dev\Hardware_tests_pico\Magentic_Sensor\build\libraries\Wire\Wire.a(Wire.cpp.o)
                0x10003788                _ZN7TwoWire5flushEv
 .text._ZN7TwoWire9onReceiveEPFviE
                0x1000378a        0x6 c:\Users\dell\Desktop\Projects\Robofest\Dev\Hardware_tests_pico\Magentic_Sensor\build\libraries\Wire\Wire.a(Wire.cpp.o)
                0x1000378a                _ZN7TwoWire9onReceiveEPFviE
 .text._ZN7TwoWire9onRequestEPFvvE
                0x10003790        0x6 c:\Users\dell\Desktop\Projects\Robofest\Dev\Hardware_tests_pico\Magentic_Sensor\build\libraries\Wire\Wire.a(Wire.cpp.o)
                0x10003790                _ZN7TwoWire9onRequestEPFvvE
 .text._ZN7TwoWire8setClockEm
                0x10003796       0x12 c:\Users\dell\Desktop\Projects\Robofest\Dev\Hardware_tests_pico\Magentic_Sensor\build\libraries\Wire\Wire.a(Wire.cpp.o)
                0x10003796                _ZN7TwoWire8setClockEm
 .text.gpio_pull_up
                0x100037a8        0xc c:\Users\dell\Desktop\Projects\Robofest\Dev\Hardware_tests_pico\Magentic_Sensor\build\libraries\Wire\Wire.a(Wire.cpp.o)
 .text._ZL13_clockStretchh
                0x100037b4       0x36 c:\Users\dell\Desktop\Projects\Robofest\Dev\Hardware_tests_pico\Magentic_Sensor\build\libraries\Wire\Wire.a(Wire.cpp.o)
 .text._ZN7TwoWire5writeEh
                0x100037ea       0x44 c:\Users\dell\Desktop\Projects\Robofest\Dev\Hardware_tests_pico\Magentic_Sensor\build\libraries\Wire\Wire.a(Wire.cpp.o)
                0x100037ea                _ZN7TwoWire5writeEh
 .text._ZN7TwoWire5beginEv
                0x1000382e       0x46 c:\Users\dell\Desktop\Projects\Robofest\Dev\Hardware_tests_pico\Magentic_Sensor\build\libraries\Wire\Wire.a(Wire.cpp.o)
                0x1000382e                _ZN7TwoWire5beginEv
 .text._ZN7TwoWire5beginEh
                0x10003874       0x7c c:\Users\dell\Desktop\Projects\Robofest\Dev\Hardware_tests_pico\Magentic_Sensor\build\libraries\Wire\Wire.a(Wire.cpp.o)
                0x10003874                _ZN7TwoWire5beginEh
 .text._ZN7TwoWire3endEv
                0x100038f0       0x5c c:\Users\dell\Desktop\Projects\Robofest\Dev\Hardware_tests_pico\Magentic_Sensor\build\libraries\Wire\Wire.a(Wire.cpp.o)
                0x100038f0                _ZN7TwoWire3endEv
 .text._ZL20update_us_since_bootP15absolute_time_ty.part.0
                0x1000394c       0x1c c:\Users\dell\Desktop\Projects\Robofest\Dev\Hardware_tests_pico\Magentic_Sensor\build\libraries\Wire\Wire.a(Wire.cpp.o)
 .text.make_timeout_time_ms
                0x10003968       0x3c c:\Users\dell\Desktop\Projects\Robofest\Dev\Hardware_tests_pico\Magentic_Sensor\build\libraries\Wire\Wire.a(Wire.cpp.o)
 .text._ZN7TwoWire11requestFromEhjb
                0x100039a4       0x64 c:\Users\dell\Desktop\Projects\Robofest\Dev\Hardware_tests_pico\Magentic_Sensor\build\libraries\Wire\Wire.a(Wire.cpp.o)
                0x100039a4                _ZN7TwoWire11requestFromEhjb
 .text._ZN7TwoWireC2EP8i2c_insthh
                0x10003a08       0x38 c:\Users\dell\Desktop\Projects\Robofest\Dev\Hardware_tests_pico\Magentic_Sensor\build\libraries\Wire\Wire.a(Wire.cpp.o)
                0x10003a08                _ZN7TwoWireC1EP8i2c_insthh
                0x10003a08                _ZN7TwoWireC2EP8i2c_insthh
 .text._ZN7TwoWire6setSDAEh
                0x10003a40       0x6c c:\Users\dell\Desktop\Projects\Robofest\Dev\Hardware_tests_pico\Magentic_Sensor\build\libraries\Wire\Wire.a(Wire.cpp.o)
                0x10003a40                _ZN7TwoWire6setSDAEh
 .text._ZN7TwoWire6setSCLEh
                0x10003aac       0x6c c:\Users\dell\Desktop\Projects\Robofest\Dev\Hardware_tests_pico\Magentic_Sensor\build\libraries\Wire\Wire.a(Wire.cpp.o)
                0x10003aac                _ZN7TwoWire6setSCLEh
 .text._ZN7TwoWire5onIRQEv
                0x10003b18       0xd0 c:\Users\dell\Desktop\Projects\Robofest\Dev\Hardware_tests_pico\Magentic_Sensor\build\libraries\Wire\Wire.a(Wire.cpp.o)
                0x10003b18                _ZN7TwoWire5onIRQEv
 .text._ZL9_handler1v
                0x10003be8       0x10 c:\Users\dell\Desktop\Projects\Robofest\Dev\Hardware_tests_pico\Magentic_Sensor\build\libraries\Wire\Wire.a(Wire.cpp.o)
 .text._ZL9_handler0v
                0x10003bf8       0x10 c:\Users\dell\Desktop\Projects\Robofest\Dev\Hardware_tests_pico\Magentic_Sensor\build\libraries\Wire\Wire.a(Wire.cpp.o)
 .text._Z6_probeihhi
                0x10003c08      0x168 c:\Users\dell\Desktop\Projects\Robofest\Dev\Hardware_tests_pico\Magentic_Sensor\build\libraries\Wire\Wire.a(Wire.cpp.o)
                0x10003c08                _Z6_probeihhi
 .text._ZN7TwoWire15endTransmissionEb
                0x10003d70       0x76 c:\Users\dell\Desktop\Projects\Robofest\Dev\Hardware_tests_pico\Magentic_Sensor\build\libraries\Wire\Wire.a(Wire.cpp.o)
                0x10003d70                _ZN7TwoWire15endTransmissionEb
 *fill*         0x10003de6        0x2 
 .text.startup._GLOBAL__sub_I__ZN7TwoWireC2EP8i2c_insthh
                0x10003de8       0x2c c:\Users\dell\Desktop\Projects\Robofest\Dev\Hardware_tests_pico\Magentic_Sensor\build\libraries\Wire\Wire.a(Wire.cpp.o)
 .text._ZN9SerialUSB5beginEmt
                0x10003e14        0xa c:\Users\dell\Desktop\Projects\Robofest\Dev\Hardware_tests_pico\Magentic_Sensor\build/core\core.a(SerialUSB.cpp.o)
                0x10003e14                _ZN9SerialUSB5beginEmt
 .text._ZN9SerialUSB5beginEm
                0x10003e1e        0xc c:\Users\dell\Desktop\Projects\Robofest\Dev\Hardware_tests_pico\Magentic_Sensor\build/core\core.a(SerialUSB.cpp.o)
                0x10003e1e                _ZN9SerialUSB5beginEm
 .text._ZN9SerialUSB3endEv
                0x10003e2a        0x2 c:\Users\dell\Desktop\Projects\Robofest\Dev\Hardware_tests_pico\Magentic_Sensor\build/core\core.a(SerialUSB.cpp.o)
                0x10003e2a                _ZN9SerialUSB3endEv
 .text._ZN9SerialUSB5writeEh
                0x10003e2c       0x14 c:\Users\dell\Desktop\Projects\Robofest\Dev\Hardware_tests_pico\Magentic_Sensor\build/core\core.a(SerialUSB.cpp.o)
                0x10003e2c                _ZN9SerialUSB5writeEh
 .text._ZL16CheckSerialResetv
                0x10003e40       0x34 c:\Users\dell\Desktop\Projects\Robofest\Dev\Hardware_tests_pico\Magentic_Sensor\build/core\core.a(SerialUSB.cpp.o)
 .text._ZN9CoreMutexC2EP5mutexb
                0x10003e74       0x48 c:\Users\dell\Desktop\Projects\Robofest\Dev\Hardware_tests_pico\Magentic_Sensor\build/core\core.a(SerialUSB.cpp.o)
                0x10003e74                _ZN9CoreMutexC1EP5mutexb
                0x10003e74                _ZN9CoreMutexC2EP5mutexb
 .text._ZN9CoreMutexD2Ev
                0x10003ebc       0x2c c:\Users\dell\Desktop\Projects\Robofest\Dev\Hardware_tests_pico\Magentic_Sensor\build/core\core.a(SerialUSB.cpp.o)
                0x10003ebc                _ZN9CoreMutexD1Ev
                0x10003ebc                _ZN9CoreMutexD2Ev
 .text._ZN9SerialUSB4peekEv
                0x10003ee8       0x48 c:\Users\dell\Desktop\Projects\Robofest\Dev\Hardware_tests_pico\Magentic_Sensor\build/core\core.a(SerialUSB.cpp.o)
                0x10003ee8                _ZN9SerialUSB4peekEv
 .text._ZN9SerialUSB4readEv
                0x10003f30       0x54 c:\Users\dell\Desktop\Projects\Robofest\Dev\Hardware_tests_pico\Magentic_Sensor\build/core\core.a(SerialUSB.cpp.o)
                0x10003f30                _ZN9SerialUSB4readEv
 .text._ZN9SerialUSB9availableEv
                0x10003f84       0x34 c:\Users\dell\Desktop\Projects\Robofest\Dev\Hardware_tests_pico\Magentic_Sensor\build/core\core.a(SerialUSB.cpp.o)
                0x10003f84                _ZN9SerialUSB9availableEv
 .text._ZN9SerialUSB17availableForWriteEv
                0x10003fb8       0x34 c:\Users\dell\Desktop\Projects\Robofest\Dev\Hardware_tests_pico\Magentic_Sensor\build/core\core.a(SerialUSB.cpp.o)
                0x10003fb8                _ZN9SerialUSB17availableForWriteEv
 .text._ZN9SerialUSB5flushEv
                0x10003fec       0x30 c:\Users\dell\Desktop\Projects\Robofest\Dev\Hardware_tests_pico\Magentic_Sensor\build/core\core.a(SerialUSB.cpp.o)
                0x10003fec                _ZN9SerialUSB5flushEv
 .text._ZN9SerialUSB5writeEPKhj
                0x1000401c       0xdc c:\Users\dell\Desktop\Projects\Robofest\Dev\Hardware_tests_pico\Magentic_Sensor\build/core\core.a(SerialUSB.cpp.o)
                0x1000401c                _ZN9SerialUSB5writeEPKhj
 .text._ZN9SerialUSBcvbEv
                0x100040f8       0x38 c:\Users\dell\Desktop\Projects\Robofest\Dev\Hardware_tests_pico\Magentic_Sensor\build/core\core.a(SerialUSB.cpp.o)
                0x100040f8                _ZN9SerialUSBcvbEv
 .text._Z18__USBInstallSerialv
                0x10004130        0x2 c:\Users\dell\Desktop\Projects\Robofest\Dev\Hardware_tests_pico\Magentic_Sensor\build/core\core.a(SerialUSB.cpp.o)
                0x10004130                _Z18__USBInstallSerialv
 *fill*         0x10004132        0x2 
 .text.tud_cdc_line_state_cb
                0x10004134       0x10 c:\Users\dell\Desktop\Projects\Robofest\Dev\Hardware_tests_pico\Magentic_Sensor\build/core\core.a(SerialUSB.cpp.o)
                0x10004134                tud_cdc_line_state_cb
 .text.tud_cdc_line_coding_cb
                0x10004144       0x24 c:\Users\dell\Desktop\Projects\Robofest\Dev\Hardware_tests_pico\Magentic_Sensor\build/core\core.a(SerialUSB.cpp.o)
                0x10004144                tud_cdc_line_coding_cb
 .text._ZN7arduino14serialEventRunEv
                0x10004168       0x20 c:\Users\dell\Desktop\Projects\Robofest\Dev\Hardware_tests_pico\Magentic_Sensor\build/core\core.a(SerialUSB.cpp.o)
                0x10004168                _ZN7arduino14serialEventRunEv
 .text.startup._GLOBAL__sub_I__Z18__USBInstallSerialv
                0x10004188       0x20 c:\Users\dell\Desktop\Projects\Robofest\Dev\Hardware_tests_pico\Magentic_Sensor\build/core\core.a(SerialUSB.cpp.o)
 .text.__get_freertos_mutex_for_ptr
                0x100041a8       0x50 c:\Users\dell\Desktop\Projects\Robofest\Dev\Hardware_tests_pico\Magentic_Sensor\build/core\core.a(_freertos.cpp.o)
                0x100041a8                __get_freertos_mutex_for_ptr
 .text._ZN7arduino5Print5writeEPKc
                0x100041f8       0x1c c:\Users\dell\Desktop\Projects\Robofest\Dev\Hardware_tests_pico\Magentic_Sensor\build/core\core.a(Print.cpp.o)
                0x100041f8                _ZN7arduino5Print5writeEPKc
 .text._ZN7arduino5Print5printEc
                0x10004214        0xa c:\Users\dell\Desktop\Projects\Robofest\Dev\Hardware_tests_pico\Magentic_Sensor\build/core\core.a(Print.cpp.o)
                0x10004214                _ZN7arduino5Print5printEc
 *fill*         0x1000421e        0x2 
 .text._ZN7arduino5Print7printlnEv
                0x10004220       0x10 c:\Users\dell\Desktop\Projects\Robofest\Dev\Hardware_tests_pico\Magentic_Sensor\build/core\core.a(Print.cpp.o)
                0x10004220                _ZN7arduino5Print7printlnEv
 .text._ZN7arduino5Print11printNumberEmh
                0x10004230       0x50 c:\Users\dell\Desktop\Projects\Robofest\Dev\Hardware_tests_pico\Magentic_Sensor\build/core\core.a(Print.cpp.o)
                0x10004230                _ZN7arduino5Print11printNumberEmh
 .text._ZN7arduino5Print10printFloatEdi
                0x10004280      0x16c c:\Users\dell\Desktop\Projects\Robofest\Dev\Hardware_tests_pico\Magentic_Sensor\build/core\core.a(Print.cpp.o)
                0x10004280                _ZN7arduino5Print10printFloatEdi
 .text._ZN7arduino5Print7printlnEdi
                0x100043ec       0x18 c:\Users\dell\Desktop\Projects\Robofest\Dev\Hardware_tests_pico\Magentic_Sensor\build/core\core.a(Print.cpp.o)
                0x100043ec                _ZN7arduino5Print7printlnEdi
 .text.delay    0x10004404        0xc c:\Users\dell\Desktop\Projects\Robofest\Dev\Hardware_tests_pico\Magentic_Sensor\build/core\core.a(delay.cpp.o)
                0x10004404                delay
 .text._ZN6RP204015_SystickHandlerEv
                0x10004410       0x1c c:\Users\dell\Desktop\Projects\Robofest\Dev\Hardware_tests_pico\Magentic_Sensor\build/core\core.a(main.cpp.o)
                0x10004410                _ZN6RP204015_SystickHandlerEv
 .text._ZN6_MFIFO12registerCoreEv.part.0
                0x1000442c       0x24 c:\Users\dell\Desktop\Projects\Robofest\Dev\Hardware_tests_pico\Magentic_Sensor\build/core\core.a(main.cpp.o)
 .text.main1    0x10004450       0x30 c:\Users\dell\Desktop\Projects\Robofest\Dev\Hardware_tests_pico\Magentic_Sensor\build/core\core.a(main.cpp.o)
                0x10004450                main1
 .text._ZN6_MFIFO5beginEi.part.0.constprop.0
                0x10004480       0x3c c:\Users\dell\Desktop\Projects\Robofest\Dev\Hardware_tests_pico\Magentic_Sensor\build/core\core.a(main.cpp.o)
 .text._ZN6RP20405beginEv
                0x100044bc      0x178 c:\Users\dell\Desktop\Projects\Robofest\Dev\Hardware_tests_pico\Magentic_Sensor\build/core\core.a(main.cpp.o)
                0x100044bc                _ZN6RP20405beginEv
 .text.initVariant
                0x10004634        0x2 c:\Users\dell\Desktop\Projects\Robofest\Dev\Hardware_tests_pico\Magentic_Sensor\build/core\core.a(main.cpp.o)
                0x10004634                initVariant
 *fill*         0x10004636        0x2 
 .text._Z6__loopv
                0x10004638       0x30 c:\Users\dell\Desktop\Projects\Robofest\Dev\Hardware_tests_pico\Magentic_Sensor\build/core\core.a(main.cpp.o)
                0x10004638                _Z6__loopv
 .text.__wrap___getreent
                0x10004668       0x1c c:\Users\dell\Desktop\Projects\Robofest\Dev\Hardware_tests_pico\Magentic_Sensor\build/core\core.a(main.cpp.o)
                0x10004668                __wrap___getreent
 .text.startup._GLOBAL__sub_I_rp2040
                0x10004684       0x14 c:\Users\dell\Desktop\Projects\Robofest\Dev\Hardware_tests_pico\Magentic_Sensor\build/core\core.a(main.cpp.o)
 .text.startup.main
                0x10004698      0x128 c:\Users\dell\Desktop\Projects\Robofest\Dev\Hardware_tests_pico\Magentic_Sensor\build/core\core.a(main.cpp.o)
                0x10004698                main
 .text.__pinMode
                0x100047c0       0xa4 c:\Users\dell\Desktop\Projects\Robofest\Dev\Hardware_tests_pico\Magentic_Sensor\build/core\core.a(wiring_digital.cpp.o)
                0x100047c0                pinMode
                0x100047c0                __pinMode
 .text.__digitalWrite
                0x10004864       0x44 c:\Users\dell\Desktop\Projects\Robofest\Dev\Hardware_tests_pico\Magentic_Sensor\build/core\core.a(wiring_digital.cpp.o)
                0x10004864                __digitalWrite
                0x10004864                digitalWrite
 .text.__digitalRead
                0x100048a8       0x16 c:\Users\dell\Desktop\Projects\Robofest\Dev\Hardware_tests_pico\Magentic_Sensor\build/core\core.a(wiring_digital.cpp.o)
                0x100048a8                __digitalRead
                0x100048a8                digitalRead
 .text._ZNSt5dequeImSaImEE4backEv
                0x100048be       0x18 c:\Users\dell\Desktop\Projects\Robofest\Dev\Hardware_tests_pico\Magentic_Sensor\build/core\core.a(wiring_private.cpp.o)
                0x100048be                _ZNSt5dequeImSaImEE4backEv
 *fill*         0x100048d6        0x2 
 .text.interrupts
                0x100048d8       0x58 c:\Users\dell\Desktop\Projects\Robofest\Dev\Hardware_tests_pico\Magentic_Sensor\build/core\core.a(wiring_private.cpp.o)
                0x100048d8                interrupts
 .text.noInterrupts
                0x10004930      0x164 c:\Users\dell\Desktop\Projects\Robofest\Dev\Hardware_tests_pico\Magentic_Sensor\build/core\core.a(wiring_private.cpp.o)
                0x10004930                noInterrupts
 .text.startup._GLOBAL__sub_I_interrupts
                0x10004a94       0x74 c:\Users\dell\Desktop\Projects\Robofest\Dev\Hardware_tests_pico\Magentic_Sensor\build/core\core.a(wiring_private.cpp.o)
 .text._ZL10timer_tasklPv
                0x10004b08       0x18 c:\Users\dell\Desktop\Projects\Robofest\Dev\Hardware_tests_pico\Magentic_Sensor\build/core\core.a(RP2040USB.cpp.o)
 .text._ZL7usb_irqv
                0x10004b20       0x20 c:\Users\dell\Desktop\Projects\Robofest\Dev\Hardware_tests_pico\Magentic_Sensor\build/core\core.a(RP2040USB.cpp.o)
 .text._ZL20update_us_since_bootP15absolute_time_ty.part.0
                0x10004b40       0x1c c:\Users\dell\Desktop\Projects\Robofest\Dev\Hardware_tests_pico\Magentic_Sensor\build/core\core.a(RP2040USB.cpp.o)
 .text.tud_descriptor_device_cb
                0x10004b5c       0x84 c:\Users\dell\Desktop\Projects\Robofest\Dev\Hardware_tests_pico\Magentic_Sensor\build/core\core.a(RP2040USB.cpp.o)
                0x10004b5c                tud_descriptor_device_cb
 .text._Z20__SetupDescHIDReportv
                0x10004be0      0x254 c:\Users\dell\Desktop\Projects\Robofest\Dev\Hardware_tests_pico\Magentic_Sensor\build/core\core.a(RP2040USB.cpp.o)
                0x10004be0                _Z20__SetupDescHIDReportv
 .text.tud_hid_descriptor_report_cb
                0x10004e34        0xc c:\Users\dell\Desktop\Projects\Robofest\Dev\Hardware_tests_pico\Magentic_Sensor\build/core\core.a(RP2040USB.cpp.o)
                0x10004e34                tud_hid_descriptor_report_cb
 .text.tud_descriptor_configuration_cb
                0x10004e40        0xc c:\Users\dell\Desktop\Projects\Robofest\Dev\Hardware_tests_pico\Magentic_Sensor\build/core\core.a(RP2040USB.cpp.o)
                0x10004e40                tud_descriptor_configuration_cb
 .text._Z20__SetupUSBDescriptorv
                0x10004e4c      0x154 c:\Users\dell\Desktop\Projects\Robofest\Dev\Hardware_tests_pico\Magentic_Sensor\build/core\core.a(RP2040USB.cpp.o)
                0x10004e4c                _Z20__SetupUSBDescriptorv
 .text.tud_descriptor_string_cb
                0x10004fa0       0x68 c:\Users\dell\Desktop\Projects\Robofest\Dev\Hardware_tests_pico\Magentic_Sensor\build/core\core.a(RP2040USB.cpp.o)
                0x10004fa0                tud_descriptor_string_cb
 .text._Z10__USBStartv
                0x10005008       0x7c c:\Users\dell\Desktop\Projects\Robofest\Dev\Hardware_tests_pico\Magentic_Sensor\build/core\core.a(RP2040USB.cpp.o)
                0x10005008                _Z10__USBStartv
 .text.tud_hid_get_report_cb
                0x10005084        0x4 c:\Users\dell\Desktop\Projects\Robofest\Dev\Hardware_tests_pico\Magentic_Sensor\build/core\core.a(RP2040USB.cpp.o)
                0x10005084                tud_hid_get_report_cb
 .text.tud_hid_set_report_cb
                0x10005088        0x2 c:\Users\dell\Desktop\Projects\Robofest\Dev\Hardware_tests_pico\Magentic_Sensor\build/core\core.a(RP2040USB.cpp.o)
                0x10005088                tud_hid_set_report_cb
 *fill*         0x1000508a        0x2 
 .text.spin_locks_reset
                0x1000508c       0x1c C:\Users\dell\AppData\Local\Arduino15\packages\rp2040\hardware\rp2040\2.5.2/lib/libpico.a(sync.c.obj)
                0x1000508c                spin_locks_reset
 .text.next_striped_spin_lock_num
                0x100050a8       0x18 C:\Users\dell\AppData\Local\Arduino15\packages\rp2040\hardware\rp2040\2.5.2/lib/libpico.a(sync.c.obj)
                0x100050a8                next_striped_spin_lock_num
 .text.spin_lock_claim_unused
                0x100050c0       0x1c C:\Users\dell\AppData\Local\Arduino15\packages\rp2040\hardware\rp2040\2.5.2/lib/libpico.a(sync.c.obj)
                0x100050c0                spin_lock_claim_unused
 .text.gpio_set_function
                0x100050dc       0x2c C:\Users\dell\AppData\Local\Arduino15\packages\rp2040\hardware\rp2040\2.5.2/lib/libpico.a(gpio.c.obj)
                0x100050dc                gpio_set_function
 .text.gpio_set_pulls
                0x10005108       0x2c C:\Users\dell\AppData\Local\Arduino15\packages\rp2040\hardware\rp2040\2.5.2/lib/libpico.a(gpio.c.obj)
                0x10005108                gpio_set_pulls
 .text.gpio_set_drive_strength
                0x10005134       0x20 C:\Users\dell\AppData\Local\Arduino15\packages\rp2040\hardware\rp2040\2.5.2/lib/libpico.a(gpio.c.obj)
                0x10005134                gpio_set_drive_strength
 .text.gpio_init
                0x10005154       0x16 C:\Users\dell\AppData\Local\Arduino15\packages\rp2040\hardware\rp2040\2.5.2/lib/libpico.a(gpio.c.obj)
                0x10005154                gpio_init
 *fill*         0x1000516a        0x2 
 .text.set_raw_irq_handler_and_unlock
                0x1000516c       0x28 C:\Users\dell\AppData\Local\Arduino15\packages\rp2040\hardware\rp2040\2.5.2/lib/libpico.a(irq.c.obj)
 .text.irq_is_enabled
                0x10005194       0x18 C:\Users\dell\AppData\Local\Arduino15\packages\rp2040\hardware\rp2040\2.5.2/lib/libpico.a(irq.c.obj)
                0x10005194                irq_is_enabled
 .text.irq_set_mask_enabled
                0x100051ac       0x20 C:\Users\dell\AppData\Local\Arduino15\packages\rp2040\hardware\rp2040\2.5.2/lib/libpico.a(irq.c.obj)
                0x100051ac                irq_set_mask_enabled
 .text.irq_set_enabled
                0x100051cc        0xe C:\Users\dell\AppData\Local\Arduino15\packages\rp2040\hardware\rp2040\2.5.2/lib/libpico.a(irq.c.obj)
                0x100051cc                irq_set_enabled
 *fill*         0x100051da        0x2 
 .text.irq_set_pending
                0x100051dc       0x10 C:\Users\dell\AppData\Local\Arduino15\packages\rp2040\hardware\rp2040\2.5.2/lib/libpico.a(irq.c.obj)
                0x100051dc                irq_set_pending
 .text.irq_get_vtable_handler
                0x100051ec       0x10 C:\Users\dell\AppData\Local\Arduino15\packages\rp2040\hardware\rp2040\2.5.2/lib/libpico.a(irq.c.obj)
                0x100051ec                irq_get_vtable_handler
 .text.irq_set_exclusive_handler
                0x100051fc       0x40 C:\Users\dell\AppData\Local\Arduino15\packages\rp2040\hardware\rp2040\2.5.2/lib/libpico.a(irq.c.obj)
                0x100051fc                irq_set_exclusive_handler
 .text.irq_remove_handler
                0x1000523c      0x160 C:\Users\dell\AppData\Local\Arduino15\packages\rp2040\hardware\rp2040\2.5.2/lib/libpico.a(irq.c.obj)
                0x1000523c                irq_remove_handler
 .text.irq_add_tail_to_free_list
                0x1000539c       0xa8 C:\Users\dell\AppData\Local\Arduino15\packages\rp2040\hardware\rp2040\2.5.2/lib/libpico.a(irq.c.obj)
                0x1000539c                irq_add_tail_to_free_list
 .text.irq_init_priorities
                0x10005444       0x24 C:\Users\dell\AppData\Local\Arduino15\packages\rp2040\hardware\rp2040\2.5.2/lib/libpico.a(irq.c.obj)
                0x10005444                irq_init_priorities
 .text.user_irq_claim_unused
                0x10005468       0x2c C:\Users\dell\AppData\Local\Arduino15\packages\rp2040\hardware\rp2040\2.5.2/lib/libpico.a(irq.c.obj)
                0x10005468                user_irq_claim_unused
 .text.time_reached
                0x10005494       0x28 C:\Users\dell\AppData\Local\Arduino15\packages\rp2040\hardware\rp2040\2.5.2/lib/libpico.a(time.c.obj)
 .text.timer_pool_entry_comparator
                0x100054bc       0x30 C:\Users\dell\AppData\Local\Arduino15\packages\rp2040\hardware\rp2040\2.5.2/lib/libpico.a(time.c.obj)
                0x100054bc                timer_pool_entry_comparator
 .text.alarm_pool_post_alloc_init
                0x100054ec       0x3c C:\Users\dell\AppData\Local\Arduino15\packages\rp2040\hardware\rp2040\2.5.2/lib/libpico.a(time.c.obj)
 .text.sleep_until_callback
                0x10005528       0x30 C:\Users\dell\AppData\Local\Arduino15\packages\rp2040\hardware\rp2040\2.5.2/lib/libpico.a(time.c.obj)
 .text.ph_add_child_node.isra.0
                0x10005558       0x22 C:\Users\dell\AppData\Local\Arduino15\packages\rp2040\hardware\rp2040\2.5.2/lib/libpico.a(time.c.obj)
 *fill*         0x1000557a        0x2 
 .text.add_alarm_under_lock
                0x1000557c       0xc8 C:\Users\dell\AppData\Local\Arduino15\packages\rp2040\hardware\rp2040\2.5.2/lib/libpico.a(time.c.obj)
 .text.alarm_pool_alarm_callback
                0x10005644      0x188 C:\Users\dell\AppData\Local\Arduino15\packages\rp2040\hardware\rp2040\2.5.2/lib/libpico.a(time.c.obj)
 .text.alarm_pool_init_default
                0x100057cc       0x34 C:\Users\dell\AppData\Local\Arduino15\packages\rp2040\hardware\rp2040\2.5.2/lib/libpico.a(time.c.obj)
                0x100057cc                alarm_pool_init_default
 .text.alarm_pool_get_default
                0x10005800        0x8 C:\Users\dell\AppData\Local\Arduino15\packages\rp2040\hardware\rp2040\2.5.2/lib/libpico.a(time.c.obj)
                0x10005800                alarm_pool_get_default
 .text.alarm_pool_add_alarm_at
                0x10005808       0xda C:\Users\dell\AppData\Local\Arduino15\packages\rp2040\hardware\rp2040\2.5.2/lib/libpico.a(time.c.obj)
                0x10005808                alarm_pool_add_alarm_at
 .text.alarm_pool_cancel_alarm
                0x100058e2       0x66 C:\Users\dell\AppData\Local\Arduino15\packages\rp2040\hardware\rp2040\2.5.2/lib/libpico.a(time.c.obj)
                0x100058e2                alarm_pool_cancel_alarm
 .text.sleep_until
                0x10005948       0x98 C:\Users\dell\AppData\Local\Arduino15\packages\rp2040\hardware\rp2040\2.5.2/lib/libpico.a(time.c.obj)
                0x10005948                sleep_until
 .text.sleep_us
                0x100059e0       0x2c C:\Users\dell\AppData\Local\Arduino15\packages\rp2040\hardware\rp2040\2.5.2/lib/libpico.a(time.c.obj)
                0x100059e0                sleep_us
 .text.sleep_ms
                0x10005a0c       0x14 C:\Users\dell\AppData\Local\Arduino15\packages\rp2040\hardware\rp2040\2.5.2/lib/libpico.a(time.c.obj)
                0x10005a0c                sleep_ms
 .text.best_effort_wfe_or_timeout
                0x10005a20       0x40 C:\Users\dell\AppData\Local\Arduino15\packages\rp2040\hardware\rp2040\2.5.2/lib/libpico.a(time.c.obj)
                0x10005a20                best_effort_wfe_or_timeout
 .text.hardware_alarm_irq_handler
                0x10005a60       0x90 C:\Users\dell\AppData\Local\Arduino15\packages\rp2040\hardware\rp2040\2.5.2/lib/libpico.a(timer.c.obj)
 .text.hardware_alarm_claim
                0x10005af0       0x18 C:\Users\dell\AppData\Local\Arduino15\packages\rp2040\hardware\rp2040\2.5.2/lib/libpico.a(timer.c.obj)
                0x10005af0                hardware_alarm_claim
 .text.time_us_64
                0x10005b08       0x14 C:\Users\dell\AppData\Local\Arduino15\packages\rp2040\hardware\rp2040\2.5.2/lib/libpico.a(timer.c.obj)
                0x10005b08                time_us_64
 .text.busy_wait_until
                0x10005b1c       0x1c C:\Users\dell\AppData\Local\Arduino15\packages\rp2040\hardware\rp2040\2.5.2/lib/libpico.a(timer.c.obj)
                0x10005b1c                busy_wait_until
 .text.hardware_alarm_set_callback
                0x10005b38       0x94 C:\Users\dell\AppData\Local\Arduino15\packages\rp2040\hardware\rp2040\2.5.2/lib/libpico.a(timer.c.obj)
                0x10005b38                hardware_alarm_set_callback
 .text.hardware_alarm_set_target
                0x10005bcc       0xbc C:\Users\dell\AppData\Local\Arduino15\packages\rp2040\hardware\rp2040\2.5.2/lib/libpico.a(timer.c.obj)
                0x10005bcc                hardware_alarm_set_target
 .text.hardware_alarm_cancel
                0x10005c88       0x40 C:\Users\dell\AppData\Local\Arduino15\packages\rp2040\hardware\rp2040\2.5.2/lib/libpico.a(timer.c.obj)
                0x10005c88                hardware_alarm_cancel
 .text.ph_add_child_node.isra.0
                0x10005cc8       0x22 C:\Users\dell\AppData\Local\Arduino15\packages\rp2040\hardware\rp2040\2.5.2/lib/libpico.a(pheap.c.obj)
 .text.ph_merge_nodes
                0x10005cea       0x36 C:\Users\dell\AppData\Local\Arduino15\packages\rp2040\hardware\rp2040\2.5.2/lib/libpico.a(pheap.c.obj)
 .text.ph_clear
                0x10005d20       0x34 C:\Users\dell\AppData\Local\Arduino15\packages\rp2040\hardware\rp2040\2.5.2/lib/libpico.a(pheap.c.obj)
                0x10005d20                ph_clear
 .text.ph_post_alloc_init
                0x10005d54        0xe C:\Users\dell\AppData\Local\Arduino15\packages\rp2040\hardware\rp2040\2.5.2/lib/libpico.a(pheap.c.obj)
                0x10005d54                ph_post_alloc_init
 .text.ph_merge_two_pass
                0x10005d62       0x48 C:\Users\dell\AppData\Local\Arduino15\packages\rp2040\hardware\rp2040\2.5.2/lib/libpico.a(pheap.c.obj)
                0x10005d62                ph_merge_two_pass
 .text.ph_remove_any_head
                0x10005daa       0x4a C:\Users\dell\AppData\Local\Arduino15\packages\rp2040\hardware\rp2040\2.5.2/lib/libpico.a(pheap.c.obj)
 .text.ph_remove_head
                0x10005df4       0x14 C:\Users\dell\AppData\Local\Arduino15\packages\rp2040\hardware\rp2040\2.5.2/lib/libpico.a(pheap.c.obj)
                0x10005df4                ph_remove_head
 .text.ph_remove_and_free_node
                0x10005e08       0x6e C:\Users\dell\AppData\Local\Arduino15\packages\rp2040\hardware\rp2040\2.5.2/lib/libpico.a(pheap.c.obj)
                0x10005e08                ph_remove_and_free_node
 .text.queue_init_with_spinlock
                0x10005e76       0x22 C:\Users\dell\AppData\Local\Arduino15\packages\rp2040\hardware\rp2040\2.5.2/lib/libpico.a(queue.c.obj)
                0x10005e76                queue_init_with_spinlock
 .text.mutex_init
                0x10005e98       0x1a C:\Users\dell\AppData\Local\Arduino15\packages\rp2040\hardware\rp2040\2.5.2/lib/libpico.a(mutex.c.obj)
                0x10005e98                mutex_init
 .text.recursive_mutex_init
                0x10005eb2       0x1a C:\Users\dell\AppData\Local\Arduino15\packages\rp2040\hardware\rp2040\2.5.2/lib/libpico.a(mutex.c.obj)
                0x10005eb2                recursive_mutex_init
 .text.exception_get_vtable_handler
                0x10005ecc       0x10 C:\Users\dell\AppData\Local\Arduino15\packages\rp2040\hardware\rp2040\2.5.2/lib/libpico.a(exception.c.obj)
                0x10005ecc                exception_get_vtable_handler
 .text.exception_set_exclusive_handler
                0x10005edc       0x48 C:\Users\dell\AppData\Local\Arduino15\packages\rp2040\hardware\rp2040\2.5.2/lib/libpico.a(exception.c.obj)
                0x10005edc                exception_set_exclusive_handler
 .text.rom_func_lookup
                0x10005f24       0x10 C:\Users\dell\AppData\Local\Arduino15\packages\rp2040\hardware\rp2040\2.5.2/lib/libpico.a(bootrom.c.obj)
                0x10005f24                rom_func_lookup
 .text.rom_data_lookup
                0x10005f34       0x10 C:\Users\dell\AppData\Local\Arduino15\packages\rp2040\hardware\rp2040\2.5.2/lib/libpico.a(bootrom.c.obj)
                0x10005f34                rom_data_lookup
 .text.rom_funcs_lookup
                0x10005f44       0x26 C:\Users\dell\AppData\Local\Arduino15\packages\rp2040\hardware\rp2040\2.5.2/lib/libpico.a(bootrom.c.obj)
                0x10005f44                rom_funcs_lookup
 .text.i2c_write_blocking_internal
                0x10005f6a       0xea C:\Users\dell\AppData\Local\Arduino15\packages\rp2040\hardware\rp2040\2.5.2/lib/libpico.a(i2c.c.obj)
 .text.i2c_read_blocking_internal
                0x10006054       0x94 C:\Users\dell\AppData\Local\Arduino15\packages\rp2040\hardware\rp2040\2.5.2/lib/libpico.a(i2c.c.obj)
 .text.i2c_deinit
                0x100060e8       0x18 C:\Users\dell\AppData\Local\Arduino15\packages\rp2040\hardware\rp2040\2.5.2/lib/libpico.a(i2c.c.obj)
                0x100060e8                i2c_deinit
 .text.i2c_set_baudrate
                0x10006100       0xac C:\Users\dell\AppData\Local\Arduino15\packages\rp2040\hardware\rp2040\2.5.2/lib/libpico.a(i2c.c.obj)
                0x10006100                i2c_set_baudrate
 .text.i2c_init
                0x100061ac       0x4c C:\Users\dell\AppData\Local\Arduino15\packages\rp2040\hardware\rp2040\2.5.2/lib/libpico.a(i2c.c.obj)
                0x100061ac                i2c_init
 .text.i2c_set_slave_mode
                0x100061f8       0x3c C:\Users\dell\AppData\Local\Arduino15\packages\rp2040\hardware\rp2040\2.5.2/lib/libpico.a(i2c.c.obj)
                0x100061f8                i2c_set_slave_mode
 .text.i2c_write_blocking_until
                0x10006234       0x36 C:\Users\dell\AppData\Local\Arduino15\packages\rp2040\hardware\rp2040\2.5.2/lib/libpico.a(i2c.c.obj)
                0x10006234                i2c_write_blocking_until
 .text.i2c_read_blocking_until
                0x1000626a       0x36 C:\Users\dell\AppData\Local\Arduino15\packages\rp2040\hardware\rp2040\2.5.2/lib/libpico.a(i2c.c.obj)
                0x1000626a                i2c_read_blocking_until
 .text._pio_find_offset_for_program.isra.0
                0x100062a0       0x48 C:\Users\dell\AppData\Local\Arduino15\packages\rp2040\hardware\rp2040\2.5.2/lib/libpico.a(pio.c.obj)
 .text._pio_add_program_at_offset
                0x100062e8       0x80 C:\Users\dell\AppData\Local\Arduino15\packages\rp2040\hardware\rp2040\2.5.2/lib/libpico.a(pio.c.obj)
 .text.pio_claim_unused_sm
                0x10006368       0x34 C:\Users\dell\AppData\Local\Arduino15\packages\rp2040\hardware\rp2040\2.5.2/lib/libpico.a(pio.c.obj)
                0x10006368                pio_claim_unused_sm
 .text.pio_can_add_program
                0x1000639c       0x2a C:\Users\dell\AppData\Local\Arduino15\packages\rp2040\hardware\rp2040\2.5.2/lib/libpico.a(pio.c.obj)
                0x1000639c                pio_can_add_program
 *fill*         0x100063c6        0x2 
 .text.pio_add_program
                0x100063c8       0x3c C:\Users\dell\AppData\Local\Arduino15\packages\rp2040\hardware\rp2040\2.5.2/lib/libpico.a(pio.c.obj)
                0x100063c8                pio_add_program
 .text.pio_sm_init
                0x10006404       0x88 C:\Users\dell\AppData\Local\Arduino15\packages\rp2040\hardware\rp2040\2.5.2/lib/libpico.a(pio.c.obj)
                0x10006404                pio_sm_init
 .text          0x1000648c       0x10 C:\Users\dell\AppData\Local\Arduino15\packages\rp2040\hardware\rp2040\2.5.2/lib/libpico.a(bit_ops_aeabi.S.obj)
 .text.startup._retrieve_unique_id_on_boot
                0x1000649c       0x10 C:\Users\dell\AppData\Local\Arduino15\packages\rp2040\hardware\rp2040\2.5.2/lib/libpico.a(unique_id.c.obj)
 .text.pico_get_unique_board_id_string
                0x100064ac       0x44 C:\Users\dell\AppData\Local\Arduino15\packages\rp2040\hardware\rp2040\2.5.2/lib/libpico.a(unique_id.c.obj)
                0x100064ac                pico_get_unique_board_id_string
 .text.set_sys_clock_pll
                0x100064f0       0x78 C:\Users\dell\AppData\Local\Arduino15\packages\rp2040\hardware\rp2040\2.5.2/lib/libpico.a(stdlib.c.obj)
                0x100064f0                set_sys_clock_pll
 .text.check_sys_clock_khz
                0x10006568       0x8c C:\Users\dell\AppData\Local\Arduino15\packages\rp2040\hardware\rp2040\2.5.2/lib/libpico.a(stdlib.c.obj)
                0x10006568                check_sys_clock_khz
 .text.runtime_init
                0x100065f4       0xcc C:\Users\dell\AppData\Local\Arduino15\packages\rp2040\hardware\rp2040\2.5.2/lib/libpico.a(runtime.c.obj)
                0x100065f4                runtime_init
 .text._exit    0x100066c0        0x4 C:\Users\dell\AppData\Local\Arduino15\packages\rp2040\hardware\rp2040\2.5.2/lib/libpico.a(runtime.c.obj)
                0x100066c0                _exit
 .text._sbrk    0x100066c4       0x30 C:\Users\dell\AppData\Local\Arduino15\packages\rp2040\hardware\rp2040\2.5.2/lib/libpico.a(runtime.c.obj)
                0x100066c4                _sbrk
 .text.exit     0x100066f4        0x4 C:\Users\dell\AppData\Local\Arduino15\packages\rp2040\hardware\rp2040\2.5.2/lib/libpico.a(runtime.c.obj)
                0x100066f4                exit
 .text.__assert_func
                0x100066f8       0x30 C:\Users\dell\AppData\Local\Arduino15\packages\rp2040\hardware\rp2040\2.5.2/lib/libpico.a(runtime.c.obj)
                0x100066f8                __assert_func
 .text.panic    0x10006728       0x2c C:\Users\dell\AppData\Local\Arduino15\packages\rp2040\hardware\rp2040\2.5.2/lib/libpico.a(runtime.c.obj)
                0x10006728                panic
 .text.hard_assertion_failure
                0x10006754        0xc C:\Users\dell\AppData\Local\Arduino15\packages\rp2040\hardware\rp2040\2.5.2/lib/libpico.a(runtime.c.obj)
                0x10006754                hard_assertion_failure
 .text.__wrap___aeabi_idiv
                0x10006760       0x50 C:\Users\dell\AppData\Local\Arduino15\packages\rp2040\hardware\rp2040\2.5.2/lib/libpico.a(divider.S.obj)
                0x10006760                __wrap___aeabi_idivmod
                0x10006760                divmod_s32s32
                0x10006760                div_s32s32
                0x10006760                __wrap___aeabi_idiv
                0x10006768                divmod_s32s32_unsafe
                0x10006794                divmod_s32s32_savestate
 .text.__wrap___aeabi_uidiv
                0x100067b0       0x4c C:\Users\dell\AppData\Local\Arduino15\packages\rp2040\hardware\rp2040\2.5.2/lib/libpico.a(divider.S.obj)
                0x100067b0                __wrap___aeabi_uidiv
                0x100067b0                __wrap___aeabi_uidivmod
                0x100067b0                div_u32u32
                0x100067b0                divmod_u32u32
                0x100067b8                divmod_u32u32_unsafe
                0x100067e0                divmod_u32u32_savestate
 .text.__wrap___aeabi_ldiv
                0x100067fc      0x434 C:\Users\dell\AppData\Local\Arduino15\packages\rp2040\hardware\rp2040\2.5.2/lib/libpico.a(divider.S.obj)
                0x100067fc                div_s64s64
                0x100067fc                divmod_s64s64
                0x100067fc                __wrap___aeabi_ldivmod
                0x10006834                divmod_u64u64
                0x10006834                div_u64u64
                0x10006834                __wrap___aeabi_uldivmod
                0x10006844                divmod_u64u64_savestate
                0x1000686c                divmod_s64s64_unsafe
                0x100068f4                divmod_u64u64_unsafe
 .text.push_r8_r11
                0x10006c30        0xc C:\Users\dell\AppData\Local\Arduino15\packages\rp2040\hardware\rp2040\2.5.2/lib/libpico.a(double_aeabi.S.obj)
                0x10006c30                push_r8_r11
 .text.pop_r8_r11
                0x10006c3c        0xc C:\Users\dell\AppData\Local\Arduino15\packages\rp2040\hardware\rp2040\2.5.2/lib/libpico.a(double_aeabi.S.obj)
                0x10006c3c                pop_r8_r11
 .text.__wrap___aeabi_darithmetic
                0x10006c48       0x80 C:\Users\dell\AppData\Local\Arduino15\packages\rp2040\hardware\rp2040\2.5.2/lib/libpico.a(double_aeabi.S.obj)
                0x10006c48                __wrap___aeabi_drsub
                0x10006c4e                __wrap___aeabi_dsub
                0x10006c60                __wrap___aeabi_dadd
                0x10006c72                __wrap___aeabi_ddiv
                0x10006cae                __wrap___aeabi_dmul
 .text.__wrap___aeabi_cdcmple
                0x10006cc8       0x6c C:\Users\dell\AppData\Local\Arduino15\packages\rp2040\hardware\rp2040\2.5.2/lib/libpico.a(double_aeabi.S.obj)
                0x10006cc8                __wrap___aeabi_cdrcmple
                0x10006cd8                __wrap___aeabi_cdcmpeq
                0x10006cd8                __wrap___aeabi_cdcmple
 .text.__wrap___aeabi_dcmpeq
                0x10006d34       0x10 C:\Users\dell\AppData\Local\Arduino15\packages\rp2040\hardware\rp2040\2.5.2/lib/libpico.a(double_aeabi.S.obj)
                0x10006d34                __wrap___aeabi_dcmpeq
 .text.__wrap___aeabi_dcmplt
                0x10006d44        0xc C:\Users\dell\AppData\Local\Arduino15\packages\rp2040\hardware\rp2040\2.5.2/lib/libpico.a(double_aeabi.S.obj)
                0x10006d44                __wrap___aeabi_dcmplt
 .text.__wrap___aeabi_dcmple
                0x10006d50       0x10 C:\Users\dell\AppData\Local\Arduino15\packages\rp2040\hardware\rp2040\2.5.2/lib/libpico.a(double_aeabi.S.obj)
                0x10006d50                __wrap___aeabi_dcmple
 .text.__wrap___aeabi_dcmpge
                0x10006d60       0x10 C:\Users\dell\AppData\Local\Arduino15\packages\rp2040\hardware\rp2040\2.5.2/lib/libpico.a(double_aeabi.S.obj)
                0x10006d60                __wrap___aeabi_dcmpge
 .text.__wrap___aeabi_dcmpgt
                0x10006d70        0xa C:\Users\dell\AppData\Local\Arduino15\packages\rp2040\hardware\rp2040\2.5.2/lib/libpico.a(double_aeabi.S.obj)
                0x10006d70                __wrap___aeabi_dcmpgt
 .text.__wrap___aeabi_dcmpun
                0x10006d7a       0x1c C:\Users\dell\AppData\Local\Arduino15\packages\rp2040\hardware\rp2040\2.5.2/lib/libpico.a(double_aeabi.S.obj)
                0x10006d7a                __wrap___aeabi_dcmpun
 *fill*         0x10006d96        0x2 
 .text.__wrap___aeabi_i2d
                0x10006d98       0x38 C:\Users\dell\AppData\Local\Arduino15\packages\rp2040\hardware\rp2040\2.5.2/lib/libpico.a(double_aeabi.S.obj)
                0x10006d98                __wrap___aeabi_ui2d
                0x10006da0                __wrap___aeabi_i2d
 .text.__wrap___aeabi_d2iz
                0x10006dd0       0x48 C:\Users\dell\AppData\Local\Arduino15\packages\rp2040\hardware\rp2040\2.5.2/lib/libpico.a(double_aeabi.S.obj)
                0x10006dd0                double2int_z
                0x10006dd0                __wrap___aeabi_d2iz
 .text.__wrap___aeabi_d2uiz
                0x10006e18       0x18 C:\Users\dell\AppData\Local\Arduino15\packages\rp2040\hardware\rp2040\2.5.2/lib/libpico.a(double_aeabi.S.obj)
                0x10006e18                __wrap___aeabi_d2uiz
                0x10006e18                double2uint
 .text.__wrap___aeabi_l2d
                0x10006e30       0x18 C:\Users\dell\AppData\Local\Arduino15\packages\rp2040\hardware\rp2040\2.5.2/lib/libpico.a(double_aeabi.S.obj)
                0x10006e30                __wrap___aeabi_l2d
 .text.__wrap___aeabi_d2lz
                0x10006e48       0x26 C:\Users\dell\AppData\Local\Arduino15\packages\rp2040\hardware\rp2040\2.5.2/lib/libpico.a(double_aeabi.S.obj)
                0x10006e48                double2int64_z
                0x10006e48                __wrap___aeabi_d2lz
 *fill*         0x10006e6e        0x2 
 .text.double2int64
                0x10006e70       0x18 C:\Users\dell\AppData\Local\Arduino15\packages\rp2040\hardware\rp2040\2.5.2/lib/libpico.a(double_aeabi.S.obj)
                0x10006e70                double2int64
 .text.double2ufix64
                0x10006e88       0x18 C:\Users\dell\AppData\Local\Arduino15\packages\rp2040\hardware\rp2040\2.5.2/lib/libpico.a(double_aeabi.S.obj)
                0x10006e88                double2ufix64
 .text.__wrap___aeabi_d2f
                0x10006ea0       0x18 C:\Users\dell\AppData\Local\Arduino15\packages\rp2040\hardware\rp2040\2.5.2/lib/libpico.a(double_aeabi.S.obj)
                0x10006ea0                __wrap___aeabi_d2f
 .text.__wrap_atan2
                0x10006eb8       0x18 C:\Users\dell\AppData\Local\Arduino15\packages\rp2040\hardware\rp2040\2.5.2/lib/libpico.a(double_aeabi.S.obj)
                0x10006eb8                __wrap_atan2
 .text.__aeabi_double_init
                0x10006ed0       0x58 C:\Users\dell\AppData\Local\Arduino15\packages\rp2040\hardware\rp2040\2.5.2/lib/libpico.a(double_init_rom.c.obj)
                0x10006ed0                __aeabi_double_init
 .text.double_table_shim_on_use_helper
                0x10006f28       0x2c C:\Users\dell\AppData\Local\Arduino15\packages\rp2040\hardware\rp2040\2.5.2/lib/libpico.a(double_v1_rom_shim.S.obj)
                0x10006f28                double_table_shim_on_use_helper
 .text.__wrap___aeabi_dsub
                0x10006f54       0x10 C:\Users\dell\AppData\Local\Arduino15\packages\rp2040\hardware\rp2040\2.5.2/lib/libpico.a(double_v1_rom_shim.S.obj)
                0x10006f54                drsub_shim
                0x10006f5a                dsub_shim
 .text.dadd_shim
                0x10006f64      0x15c C:\Users\dell\AppData\Local\Arduino15\packages\rp2040\hardware\rp2040\2.5.2/lib/libpico.a(double_v1_rom_shim.S.obj)
                0x10006f64                dadd_shim
 .text.dmul_shim
                0x100070c0      0x15c C:\Users\dell\AppData\Local\Arduino15\packages\rp2040\hardware\rp2040\2.5.2/lib/libpico.a(double_v1_rom_shim.S.obj)
                0x100070c0                dmul_shim
 .text.ddiv_shim
                0x1000721c      0x1b0 C:\Users\dell\AppData\Local\Arduino15\packages\rp2040\hardware\rp2040\2.5.2/lib/libpico.a(double_v1_rom_shim.S.obj)
                0x1000721c                ddiv_shim
 .text.dcordic_vec_step
                0x100073cc        0xe C:\Users\dell\AppData\Local\Arduino15\packages\rp2040\hardware\rp2040\2.5.2/lib/libpico.a(double_v1_rom_shim.S.obj)
                0x100073cc                dcordic_vec_step
 .text.dcordic_rot_step
                0x100073da       0x76 C:\Users\dell\AppData\Local\Arduino15\packages\rp2040\hardware\rp2040\2.5.2/lib/libpico.a(double_v1_rom_shim.S.obj)
                0x100073da                dcordic_rot_step
 .text.double2uint_shim
                0x10007450        0xe C:\Users\dell\AppData\Local\Arduino15\packages\rp2040\hardware\rp2040\2.5.2/lib/libpico.a(double_v1_rom_shim.S.obj)
                0x10007450                double2uint_shim
                0x10007452                double2ufix_shim
 .text.double2int64_shim
                0x1000745e       0x1a C:\Users\dell\AppData\Local\Arduino15\packages\rp2040\hardware\rp2040\2.5.2/lib/libpico.a(double_v1_rom_shim.S.obj)
                0x1000745e                double2int64_shim
                0x10007460                double2fix64_shim
 .text.double2uint64_shim
                0x10007478       0x70 C:\Users\dell\AppData\Local\Arduino15\packages\rp2040\hardware\rp2040\2.5.2/lib/libpico.a(double_v1_rom_shim.S.obj)
                0x10007478                double2uint64_shim
                0x1000747a                double2ufix64_shim
                0x1000749a                d2fix_a
 .text.double2float_shim
                0x100074e8       0x5c C:\Users\dell\AppData\Local\Arduino15\packages\rp2040\hardware\rp2040\2.5.2/lib/libpico.a(double_v1_rom_shim.S.obj)
                0x100074e8                double2float_shim
 .text.x2double_shims
                0x10007544       0x90 C:\Users\dell\AppData\Local\Arduino15\packages\rp2040\hardware\rp2040\2.5.2/lib/libpico.a(double_v1_rom_shim.S.obj)
                0x10007544                uint2double_shim
                0x10007546                ufix2double_shim
                0x1000754c                int2double_shim
                0x1000754e                fix2double_shim
                0x10007554                uint642double_shim
                0x10007556                ufix642double_shim
                0x1000755c                int642double_shim
                0x1000755e                fix642double_shim
 .text.dunpacks
                0x100075d4       0x3c C:\Users\dell\AppData\Local\Arduino15\packages\rp2040\hardware\rp2040\2.5.2/lib/libpico.a(double_v1_rom_shim.S.obj)
                0x100075d4                dunpacks
 .text.dreduce  0x10007610       0x82 C:\Users\dell\AppData\Local\Arduino15\packages\rp2040\hardware\rp2040\2.5.2/lib/libpico.a(double_v1_rom_shim.S.obj)
                0x10007610                dreduce
 *fill*         0x10007692        0x2 
 .text.dtrig_guts
                0x10007694      0x2ec C:\Users\dell\AppData\Local\Arduino15\packages\rp2040\hardware\rp2040\2.5.2/lib/libpico.a(double_v1_rom_shim.S.obj)
                0x1000776c                datan2_shim
 .text.__aeabi_lmul
                0x10007980       0x32 C:\Users\dell\AppData\Local\Arduino15\packages\rp2040\hardware\rp2040\2.5.2/lib/libpico.a(pico_int64_ops_aeabi.S.obj)
                0x10007980                __wrap___aeabi_lmul
 *fill*         0x100079b2        0x2 
 .text.__wrap___aeabi_farithmetic
                0x100079b4       0x48 C:\Users\dell\AppData\Local\Arduino15\packages\rp2040\hardware\rp2040\2.5.2/lib/libpico.a(float_aeabi.S.obj)
                0x100079b4                __wrap___aeabi_frsub
                0x100079ba                __wrap___aeabi_fsub
                0x100079c0                __wrap___aeabi_fadd
                0x100079c6                __wrap___aeabi_fdiv
                0x100079ee                __wrap___aeabi_fmul
 .text.__wrap___aeabi_cfcmple
                0x100079fc       0x50 C:\Users\dell\AppData\Local\Arduino15\packages\rp2040\hardware\rp2040\2.5.2/lib/libpico.a(float_aeabi.S.obj)
                0x100079fc                __wrap___aeabi_cfrcmple
                0x10007a08                __wrap___aeabi_cfcmple
                0x10007a08                __wrap___aeabi_cfcmpeq
 .text.__wrap___aeabi_fcmplt
                0x10007a4c        0xc C:\Users\dell\AppData\Local\Arduino15\packages\rp2040\hardware\rp2040\2.5.2/lib/libpico.a(float_aeabi.S.obj)
                0x10007a4c                __wrap___aeabi_fcmplt
 .text.__wrap___aeabi_fcmple
                0x10007a58       0x10 C:\Users\dell\AppData\Local\Arduino15\packages\rp2040\hardware\rp2040\2.5.2/lib/libpico.a(float_aeabi.S.obj)
                0x10007a58                __wrap___aeabi_fcmple
 .text.__wrap___aeabi_fcmpun
                0x10007a68       0x18 C:\Users\dell\AppData\Local\Arduino15\packages\rp2040\hardware\rp2040\2.5.2/lib/libpico.a(float_aeabi.S.obj)
                0x10007a68                __wrap___aeabi_fcmpun
 .text.__wrap___aeabi_i2f
                0x10007a80       0x44 C:\Users\dell\AppData\Local\Arduino15\packages\rp2040\hardware\rp2040\2.5.2/lib/libpico.a(float_aeabi.S.obj)
                0x10007a80                __wrap___aeabi_i2f
 .text.__wrap___aeabi_f2iz
                0x10007ac4       0x4e C:\Users\dell\AppData\Local\Arduino15\packages\rp2040\hardware\rp2040\2.5.2/lib/libpico.a(float_aeabi.S.obj)
                0x10007ac4                float2int_z
                0x10007ac4                __wrap___aeabi_f2iz
 *fill*         0x10007b12        0x2 
 .text.float2int
                0x10007b14       0x14 C:\Users\dell\AppData\Local\Arduino15\packages\rp2040\hardware\rp2040\2.5.2/lib/libpico.a(float_aeabi.S.obj)
                0x10007b14                float2int
 .text.__wrap___aeabi_f2uiz
                0x10007b28        0xc C:\Users\dell\AppData\Local\Arduino15\packages\rp2040\hardware\rp2040\2.5.2/lib/libpico.a(float_aeabi.S.obj)
                0x10007b28                __wrap___aeabi_f2uiz
 .text.__wrap___aeabi_f2d
                0x10007b34       0x14 C:\Users\dell\AppData\Local\Arduino15\packages\rp2040\hardware\rp2040\2.5.2/lib/libpico.a(float_aeabi.S.obj)
                0x10007b34                __wrap___aeabi_f2d
 .text.__aeabi_float_init
                0x10007b48       0x5c C:\Users\dell\AppData\Local\Arduino15\packages\rp2040\hardware\rp2040\2.5.2/lib/libpico.a(float_init_rom.c.obj)
                0x10007b48                __aeabi_float_init
 .text.float_table_shim_on_use_helper
                0x10007ba4       0x2c C:\Users\dell\AppData\Local\Arduino15\packages\rp2040\hardware\rp2040\2.5.2/lib/libpico.a(float_v1_rom_shim.S.obj)
                0x10007ba4                float_table_shim_on_use_helper
 .text.float232_shims
                0x10007bd0       0x18 C:\Users\dell\AppData\Local\Arduino15\packages\rp2040\hardware\rp2040\2.5.2/lib/libpico.a(float_v1_rom_shim.S.obj)
                0x10007bd0                float2int_shim
                0x10007bd2                float2fix_shim
 .text.float2double_shim
                0x10007be8       0x30 C:\Users\dell\AppData\Local\Arduino15\packages\rp2040\hardware\rp2040\2.5.2/lib/libpico.a(float_v1_rom_shim.S.obj)
                0x10007be8                float2double_shim
 .text          0x10007c18       0x10 C:\Users\dell\AppData\Local\Arduino15\packages\rp2040\hardware\rp2040\2.5.2/lib/libpico.a(mem_ops_aeabi.S.obj)
                0x10007c18                __aeabi_mem_init
 .text.memset   0x10007c28        0xc C:\Users\dell\AppData\Local\Arduino15\packages\rp2040\hardware\rp2040\2.5.2/lib/libpico.a(mem_ops_aeabi.S.obj)
                0x10007c28                __wrap_memset
 .text.memcpy   0x10007c34        0xc C:\Users\dell\AppData\Local\Arduino15\packages\rp2040\hardware\rp2040\2.5.2/lib/libpico.a(mem_ops_aeabi.S.obj)
                0x10007c34                __wrap_memcpy
                0x10007c34                __wrap___aeabi_memcpy
 .text._Znwj    0x10007c40        0x8 C:\Users\dell\AppData\Local\Arduino15\packages\rp2040\hardware\rp2040\2.5.2/lib/libpico.a(new_delete.cpp.obj)
                0x10007c40                _Znwj
 .text._ZdlPvj  0x10007c48        0x8 C:\Users\dell\AppData\Local\Arduino15\packages\rp2040\hardware\rp2040\2.5.2/lib/libpico.a(new_delete.cpp.obj)
                0x10007c48                _ZdlPvj
 .text.multicore_fifo_pop_blocking_inline
                0x10007c50       0x14 C:\Users\dell\AppData\Local\Arduino15\packages\rp2040\hardware\rp2040\2.5.2/lib/libpico.a(multicore.c.obj)
 .text.core1_trampoline
                0x10007c64        0x2 C:\Users\dell\AppData\Local\Arduino15\packages\rp2040\hardware\rp2040\2.5.2/lib/libpico.a(multicore.c.obj)
 .text.core1_wrapper
                0x10007c66        0xc C:\Users\dell\AppData\Local\Arduino15\packages\rp2040\hardware\rp2040\2.5.2/lib/libpico.a(multicore.c.obj)
                0x10007c66                core1_wrapper
 .text.multicore_fifo_push_blocking_inline
                0x10007c72       0x12 C:\Users\dell\AppData\Local\Arduino15\packages\rp2040\hardware\rp2040\2.5.2/lib/libpico.a(multicore.c.obj)
 .text.multicore_fifo_pop_blocking
                0x10007c84        0x8 C:\Users\dell\AppData\Local\Arduino15\packages\rp2040\hardware\rp2040\2.5.2/lib/libpico.a(multicore.c.obj)
                0x10007c84                multicore_fifo_pop_blocking
 .text.multicore_launch_core1_raw
                0x10007c8c       0x6a C:\Users\dell\AppData\Local\Arduino15\packages\rp2040\hardware\rp2040\2.5.2/lib/libpico.a(multicore.c.obj)
                0x10007c8c                multicore_launch_core1_raw
 *fill*         0x10007cf6        0x2 
 .text.multicore_launch_core1_with_stack
                0x10007cf8       0x34 C:\Users\dell\AppData\Local\Arduino15\packages\rp2040\hardware\rp2040\2.5.2/lib/libpico.a(multicore.c.obj)
                0x10007cf8                multicore_launch_core1_with_stack
 .text.multicore_launch_core1
                0x10007d2c       0x20 C:\Users\dell\AppData\Local\Arduino15\packages\rp2040\hardware\rp2040\2.5.2/lib/libpico.a(multicore.c.obj)
                0x10007d2c                multicore_launch_core1
 .text.get_driver
                0x10007d4c       0x40 C:\Users\dell\AppData\Local\Arduino15\packages\rp2040\hardware\rp2040\2.5.2/lib/libpico.a(usbd.c.obj)
 .text.configuration_reset
                0x10007d8c       0x4c C:\Users\dell\AppData\Local\Arduino15\packages\rp2040\hardware\rp2040\2.5.2/lib/libpico.a(usbd.c.obj)
 .text.invoke_class_control
                0x10007dd8       0x1a C:\Users\dell\AppData\Local\Arduino15\packages\rp2040\hardware\rp2040\2.5.2/lib/libpico.a(usbd.c.obj)
 .text.osal_queue_send.constprop.0.isra.0
                0x10007df2       0x30 C:\Users\dell\AppData\Local\Arduino15\packages\rp2040\hardware\rp2040\2.5.2/lib/libpico.a(usbd.c.obj)
 *fill*         0x10007e22        0x2 
 .text.tud_mounted
                0x10007e24       0x10 C:\Users\dell\AppData\Local\Arduino15\packages\rp2040\hardware\rp2040\2.5.2/lib/libpico.a(usbd.c.obj)
                0x10007e24                tud_mounted
 .text.tud_suspended
                0x10007e34       0x10 C:\Users\dell\AppData\Local\Arduino15\packages\rp2040\hardware\rp2040\2.5.2/lib/libpico.a(usbd.c.obj)
                0x10007e34                tud_suspended
 .text.tud_inited
                0x10007e44        0xc C:\Users\dell\AppData\Local\Arduino15\packages\rp2040\hardware\rp2040\2.5.2/lib/libpico.a(usbd.c.obj)
                0x10007e44                tud_inited
 .text.tud_init
                0x10007e50       0x98 C:\Users\dell\AppData\Local\Arduino15\packages\rp2040\hardware\rp2040\2.5.2/lib/libpico.a(usbd.c.obj)
                0x10007e50                tud_init
 .text.dcd_event_handler
                0x10007ee8       0x7c C:\Users\dell\AppData\Local\Arduino15\packages\rp2040\hardware\rp2040\2.5.2/lib/libpico.a(usbd.c.obj)
                0x10007ee8                dcd_event_handler
 .text.dcd_event_bus_signal
                0x10007f64       0x22 C:\Users\dell\AppData\Local\Arduino15\packages\rp2040\hardware\rp2040\2.5.2/lib/libpico.a(usbd.c.obj)
                0x10007f64                dcd_event_bus_signal
 .text.dcd_event_bus_reset
                0x10007f86       0x2a C:\Users\dell\AppData\Local\Arduino15\packages\rp2040\hardware\rp2040\2.5.2/lib/libpico.a(usbd.c.obj)
                0x10007f86                dcd_event_bus_reset
 .text.dcd_event_setup_received
                0x10007fb0       0x26 C:\Users\dell\AppData\Local\Arduino15\packages\rp2040\hardware\rp2040\2.5.2/lib/libpico.a(usbd.c.obj)
                0x10007fb0                dcd_event_setup_received
 .text.dcd_event_xfer_complete
                0x10007fd6       0x38 C:\Users\dell\AppData\Local\Arduino15\packages\rp2040\hardware\rp2040\2.5.2/lib/libpico.a(usbd.c.obj)
                0x10007fd6                dcd_event_xfer_complete
 *fill*         0x1000800e        0x2 
 .text.usbd_edpt_open
                0x10008010       0x30 C:\Users\dell\AppData\Local\Arduino15\packages\rp2040\hardware\rp2040\2.5.2/lib/libpico.a(usbd.c.obj)
                0x10008010                usbd_edpt_open
 .text.usbd_open_edpt_pair
                0x10008040       0x4e C:\Users\dell\AppData\Local\Arduino15\packages\rp2040\hardware\rp2040\2.5.2/lib/libpico.a(usbd.c.obj)
                0x10008040                usbd_open_edpt_pair
 *fill*         0x1000808e        0x2 
 .text.usbd_edpt_claim
                0x10008090       0x68 C:\Users\dell\AppData\Local\Arduino15\packages\rp2040\hardware\rp2040\2.5.2/lib/libpico.a(usbd.c.obj)
                0x10008090                usbd_edpt_claim
 .text.usbd_edpt_release
                0x100080f8       0x4c C:\Users\dell\AppData\Local\Arduino15\packages\rp2040\hardware\rp2040\2.5.2/lib/libpico.a(usbd.c.obj)
                0x100080f8                usbd_edpt_release
 .text.usbd_edpt_xfer
                0x10008144       0x44 C:\Users\dell\AppData\Local\Arduino15\packages\rp2040\hardware\rp2040\2.5.2/lib/libpico.a(usbd.c.obj)
                0x10008144                usbd_edpt_xfer
 .text.usbd_edpt_stall
                0x10008188       0x34 C:\Users\dell\AppData\Local\Arduino15\packages\rp2040\hardware\rp2040\2.5.2/lib/libpico.a(usbd.c.obj)
                0x10008188                usbd_edpt_stall
 .text.usbd_edpt_clear_stall
                0x100081bc       0x34 C:\Users\dell\AppData\Local\Arduino15\packages\rp2040\hardware\rp2040\2.5.2/lib/libpico.a(usbd.c.obj)
                0x100081bc                usbd_edpt_clear_stall
 .text.usbd_edpt_stalled
                0x100081f0       0x1c C:\Users\dell\AppData\Local\Arduino15\packages\rp2040\hardware\rp2040\2.5.2/lib/libpico.a(usbd.c.obj)
                0x100081f0                usbd_edpt_stalled
 .text.tud_task
                0x1000820c      0x558 C:\Users\dell\AppData\Local\Arduino15\packages\rp2040\hardware\rp2040\2.5.2/lib/libpico.a(usbd.c.obj)
                0x1000820c                tud_task
 .text._data_stage_xact
                0x10008764       0x58 C:\Users\dell\AppData\Local\Arduino15\packages\rp2040\hardware\rp2040\2.5.2/lib/libpico.a(usbd_control.c.obj)
 .text._status_stage_xact.isra.0
                0x100087bc       0x14 C:\Users\dell\AppData\Local\Arduino15\packages\rp2040\hardware\rp2040\2.5.2/lib/libpico.a(usbd_control.c.obj)
 .text.tud_control_status
                0x100087d0       0x24 C:\Users\dell\AppData\Local\Arduino15\packages\rp2040\hardware\rp2040\2.5.2/lib/libpico.a(usbd_control.c.obj)
                0x100087d0                tud_control_status
 .text.tud_control_xfer
                0x100087f4       0x54 C:\Users\dell\AppData\Local\Arduino15\packages\rp2040\hardware\rp2040\2.5.2/lib/libpico.a(usbd_control.c.obj)
                0x100087f4                tud_control_xfer
 .text.usbd_control_reset
                0x10008848       0x14 C:\Users\dell\AppData\Local\Arduino15\packages\rp2040\hardware\rp2040\2.5.2/lib/libpico.a(usbd_control.c.obj)
                0x10008848                usbd_control_reset
 .text.usbd_control_set_complete_callback
                0x1000885c        0xc C:\Users\dell\AppData\Local\Arduino15\packages\rp2040\hardware\rp2040\2.5.2/lib/libpico.a(usbd_control.c.obj)
                0x1000885c                usbd_control_set_complete_callback
 .text.usbd_control_set_request
                0x10008868       0x1c C:\Users\dell\AppData\Local\Arduino15\packages\rp2040\hardware\rp2040\2.5.2/lib/libpico.a(usbd_control.c.obj)
                0x10008868                usbd_control_set_request
 .text.usbd_control_xfer_cb
                0x10008884       0xa4 C:\Users\dell\AppData\Local\Arduino15\packages\rp2040\hardware\rp2040\2.5.2/lib/libpico.a(usbd_control.c.obj)
                0x10008884                usbd_control_xfer_cb
 .text._prep_out_transaction
                0x10008928       0x42 C:\Users\dell\AppData\Local\Arduino15\packages\rp2040\hardware\rp2040\2.5.2/lib/libpico.a(cdc_device.c.obj)
 *fill*         0x1000896a        0x2 
 .text.tud_cdc_n_connected
                0x1000896c       0x30 C:\Users\dell\AppData\Local\Arduino15\packages\rp2040\hardware\rp2040\2.5.2/lib/libpico.a(cdc_device.c.obj)
                0x1000896c                tud_cdc_n_connected
 .text.tud_cdc_n_available
                0x1000899c       0x18 C:\Users\dell\AppData\Local\Arduino15\packages\rp2040\hardware\rp2040\2.5.2/lib/libpico.a(cdc_device.c.obj)
                0x1000899c                tud_cdc_n_available
 .text.tud_cdc_n_read
                0x100089b4       0x28 C:\Users\dell\AppData\Local\Arduino15\packages\rp2040\hardware\rp2040\2.5.2/lib/libpico.a(cdc_device.c.obj)
                0x100089b4                tud_cdc_n_read
 .text.tud_cdc_n_peek
                0x100089dc       0x18 C:\Users\dell\AppData\Local\Arduino15\packages\rp2040\hardware\rp2040\2.5.2/lib/libpico.a(cdc_device.c.obj)
                0x100089dc                tud_cdc_n_peek
 .text.tud_cdc_n_write_flush
                0x100089f4       0x78 C:\Users\dell\AppData\Local\Arduino15\packages\rp2040\hardware\rp2040\2.5.2/lib/libpico.a(cdc_device.c.obj)
                0x100089f4                tud_cdc_n_write_flush
 .text.tud_cdc_n_write
                0x10008a6c       0x34 C:\Users\dell\AppData\Local\Arduino15\packages\rp2040\hardware\rp2040\2.5.2/lib/libpico.a(cdc_device.c.obj)
                0x10008a6c                tud_cdc_n_write
 .text.tud_cdc_n_write_available
                0x10008aa0       0x18 C:\Users\dell\AppData\Local\Arduino15\packages\rp2040\hardware\rp2040\2.5.2/lib/libpico.a(cdc_device.c.obj)
                0x10008aa0                tud_cdc_n_write_available
 .text.cdcd_init
                0x10008ab8       0x7c C:\Users\dell\AppData\Local\Arduino15\packages\rp2040\hardware\rp2040\2.5.2/lib/libpico.a(cdc_device.c.obj)
                0x10008ab8                cdcd_init
 .text.cdcd_reset
                0x10008b34       0x30 C:\Users\dell\AppData\Local\Arduino15\packages\rp2040\hardware\rp2040\2.5.2/lib/libpico.a(cdc_device.c.obj)
                0x10008b34                cdcd_reset
 .text.cdcd_open
                0x10008b64       0xa4 C:\Users\dell\AppData\Local\Arduino15\packages\rp2040\hardware\rp2040\2.5.2/lib/libpico.a(cdc_device.c.obj)
                0x10008b64                cdcd_open
 .text.cdcd_control_xfer_cb
                0x10008c08       0xd8 C:\Users\dell\AppData\Local\Arduino15\packages\rp2040\hardware\rp2040\2.5.2/lib/libpico.a(cdc_device.c.obj)
                0x10008c08                cdcd_control_xfer_cb
 .text.cdcd_xfer_cb
                0x10008ce0       0xe4 C:\Users\dell\AppData\Local\Arduino15\packages\rp2040\hardware\rp2040\2.5.2/lib/libpico.a(cdc_device.c.obj)
                0x10008ce0                cdcd_xfer_cb
 .text.hidd_reset
                0x10008dc4       0x14 C:\Users\dell\AppData\Local\Arduino15\packages\rp2040\hardware\rp2040\2.5.2/lib/libpico.a(hid_device.c.obj)
                0x10008dc4                hidd_reset
 .text.hidd_init
                0x10008dd8        0xa C:\Users\dell\AppData\Local\Arduino15\packages\rp2040\hardware\rp2040\2.5.2/lib/libpico.a(hid_device.c.obj)
                0x10008dd8                hidd_init
 *fill*         0x10008de2        0x2 
 .text.hidd_open
                0x10008de4       0xb4 C:\Users\dell\AppData\Local\Arduino15\packages\rp2040\hardware\rp2040\2.5.2/lib/libpico.a(hid_device.c.obj)
                0x10008de4                hidd_open
 .text.hidd_control_xfer_cb
                0x10008e98      0x1e4 C:\Users\dell\AppData\Local\Arduino15\packages\rp2040\hardware\rp2040\2.5.2/lib/libpico.a(hid_device.c.obj)
                0x10008e98                hidd_control_xfer_cb
 .text.hidd_xfer_cb
                0x1000907c       0x80 C:\Users\dell\AppData\Local\Arduino15\packages\rp2040\hardware\rp2040\2.5.2/lib/libpico.a(hid_device.c.obj)
                0x1000907c                hidd_xfer_cb
 .text.tusb_init
                0x100090fc        0xa C:\Users\dell\AppData\Local\Arduino15\packages\rp2040\hardware\rp2040\2.5.2/lib/libpico.a(tusb.c.obj)
                0x100090fc                tusb_init
 .text.tusb_inited
                0x10009106        0x8 C:\Users\dell\AppData\Local\Arduino15\packages\rp2040\hardware\rp2040\2.5.2/lib/libpico.a(tusb.c.obj)
                0x10009106                tusb_inited
 *fill*         0x1000910e        0x2 
 .text.tu_edpt_validate
                0x10009110       0x60 C:\Users\dell\AppData\Local\Arduino15\packages\rp2040\hardware\rp2040\2.5.2/lib/libpico.a(tusb.c.obj)
                0x10009110                tu_edpt_validate
 .text.tu_edpt_bind_driver
                0x10009170       0x2a C:\Users\dell\AppData\Local\Arduino15\packages\rp2040\hardware\rp2040\2.5.2/lib/libpico.a(tusb.c.obj)
                0x10009170                tu_edpt_bind_driver
 .text.advance_pointer
                0x1000919a       0x18 C:\Users\dell\AppData\Local\Arduino15\packages\rp2040\hardware\rp2040\2.5.2/lib/libpico.a(tusb_fifo.c.obj)
 .text._tu_fifo_correct_read_pointer
                0x100091b2       0x1e C:\Users\dell\AppData\Local\Arduino15\packages\rp2040\hardware\rp2040\2.5.2/lib/libpico.a(tusb_fifo.c.obj)
 .text._ff_unlock
                0x100091d0        0xc C:\Users\dell\AppData\Local\Arduino15\packages\rp2040\hardware\rp2040\2.5.2/lib/libpico.a(tusb_fifo.c.obj)
 .text._ff_pull_const_addr
                0x100091dc       0x58 C:\Users\dell\AppData\Local\Arduino15\packages\rp2040\hardware\rp2040\2.5.2/lib/libpico.a(tusb_fifo.c.obj)
 .text._tu_fifo_peek_n
                0x10009234      0x12a C:\Users\dell\AppData\Local\Arduino15\packages\rp2040\hardware\rp2040\2.5.2/lib/libpico.a(tusb_fifo.c.obj)
 *fill*         0x1000935e        0x2 
 .text._ff_push_const_addr
                0x10009360       0x48 C:\Users\dell\AppData\Local\Arduino15\packages\rp2040\hardware\rp2040\2.5.2/lib/libpico.a(tusb_fifo.c.obj)
 .text._tu_fifo_peek
                0x100093a8       0x48 C:\Users\dell\AppData\Local\Arduino15\packages\rp2040\hardware\rp2040\2.5.2/lib/libpico.a(tusb_fifo.c.obj)
 .text._ff_lock
                0x100093f0       0x10 C:\Users\dell\AppData\Local\Arduino15\packages\rp2040\hardware\rp2040\2.5.2/lib/libpico.a(tusb_fifo.c.obj)
 .text._tu_fifo_read_n
                0x10009400       0x3e C:\Users\dell\AppData\Local\Arduino15\packages\rp2040\hardware\rp2040\2.5.2/lib/libpico.a(tusb_fifo.c.obj)
 .text._tu_fifo_write_n.part.0
                0x1000943e      0x14a C:\Users\dell\AppData\Local\Arduino15\packages\rp2040\hardware\rp2040\2.5.2/lib/libpico.a(tusb_fifo.c.obj)
 .text.tu_fifo_config
                0x10009588       0x52 C:\Users\dell\AppData\Local\Arduino15\packages\rp2040\hardware\rp2040\2.5.2/lib/libpico.a(tusb_fifo.c.obj)
                0x10009588                tu_fifo_config
 .text.tu_fifo_count
                0x100095da       0x20 C:\Users\dell\AppData\Local\Arduino15\packages\rp2040\hardware\rp2040\2.5.2/lib/libpico.a(tusb_fifo.c.obj)
                0x100095da                tu_fifo_count
 .text.tu_fifo_empty
                0x100095fa       0x10 C:\Users\dell\AppData\Local\Arduino15\packages\rp2040\hardware\rp2040\2.5.2/lib/libpico.a(tusb_fifo.c.obj)
                0x100095fa                tu_fifo_empty
 .text.tu_fifo_remaining
                0x1000960a       0x1c C:\Users\dell\AppData\Local\Arduino15\packages\rp2040\hardware\rp2040\2.5.2/lib/libpico.a(tusb_fifo.c.obj)
                0x1000960a                tu_fifo_remaining
 .text.tu_fifo_read
                0x10009626       0x36 C:\Users\dell\AppData\Local\Arduino15\packages\rp2040\hardware\rp2040\2.5.2/lib/libpico.a(tusb_fifo.c.obj)
                0x10009626                tu_fifo_read
 .text.tu_fifo_read_n
                0x1000965c        0xa C:\Users\dell\AppData\Local\Arduino15\packages\rp2040\hardware\rp2040\2.5.2/lib/libpico.a(tusb_fifo.c.obj)
                0x1000965c                tu_fifo_read_n
 .text.tu_fifo_peek
                0x10009666       0x28 C:\Users\dell\AppData\Local\Arduino15\packages\rp2040\hardware\rp2040\2.5.2/lib/libpico.a(tusb_fifo.c.obj)
                0x10009666                tu_fifo_peek
 .text.tu_fifo_write
                0x1000968e       0x60 C:\Users\dell\AppData\Local\Arduino15\packages\rp2040\hardware\rp2040\2.5.2/lib/libpico.a(tusb_fifo.c.obj)
                0x1000968e                tu_fifo_write
 .text.tu_fifo_write_n
                0x100096ee       0x12 C:\Users\dell\AppData\Local\Arduino15\packages\rp2040\hardware\rp2040\2.5.2/lib/libpico.a(tusb_fifo.c.obj)
                0x100096ee                tu_fifo_write_n
 .text.tu_fifo_clear
                0x10009700       0x34 C:\Users\dell\AppData\Local\Arduino15\packages\rp2040\hardware\rp2040\2.5.2/lib/libpico.a(tusb_fifo.c.obj)
                0x10009700                tu_fifo_clear
 .text.tu_fifo_set_overwritable
                0x10009734       0x24 C:\Users\dell\AppData\Local\Arduino15\packages\rp2040\hardware\rp2040\2.5.2/lib/libpico.a(tusb_fifo.c.obj)
                0x10009734                tu_fifo_set_overwritable
 .text.hw_claim_lock
                0x10009758       0x18 C:\Users\dell\AppData\Local\Arduino15\packages\rp2040\hardware\rp2040\2.5.2/lib/libpico.a(claim.c.obj)
                0x10009758                hw_claim_lock
 .text.hw_claim_unlock
                0x10009770       0x14 C:\Users\dell\AppData\Local\Arduino15\packages\rp2040\hardware\rp2040\2.5.2/lib/libpico.a(claim.c.obj)
                0x10009770                hw_claim_unlock
 .text.hw_is_claimed
                0x10009784       0x16 C:\Users\dell\AppData\Local\Arduino15\packages\rp2040\hardware\rp2040\2.5.2/lib/libpico.a(claim.c.obj)
                0x10009784                hw_is_claimed
 .text.hw_claim_or_assert
                0x1000979a       0x3a C:\Users\dell\AppData\Local\Arduino15\packages\rp2040\hardware\rp2040\2.5.2/lib/libpico.a(claim.c.obj)
                0x1000979a                hw_claim_or_assert
 .text.hw_claim_unused_from_range
                0x100097d4       0x54 C:\Users\dell\AppData\Local\Arduino15\packages\rp2040\hardware\rp2040\2.5.2/lib/libpico.a(claim.c.obj)
                0x100097d4                hw_claim_unused_from_range
 .text.running_on_fpga
                0x10009828       0x10 C:\Users\dell\AppData\Local\Arduino15\packages\rp2040\hardware\rp2040\2.5.2/lib/libpico.a(platform.c.obj)
                0x10009828                running_on_fpga
 .text.clock_configure
                0x10009838       0xd4 C:\Users\dell\AppData\Local\Arduino15\packages\rp2040\hardware\rp2040\2.5.2/lib/libpico.a(clocks.c.obj)
                0x10009838                clock_configure
 .text.clocks_init
                0x1000990c       0xf4 C:\Users\dell\AppData\Local\Arduino15\packages\rp2040\hardware\rp2040\2.5.2/lib/libpico.a(clocks.c.obj)
                0x1000990c                clocks_init
 .text.clock_get_hz
                0x10009a00        0xc C:\Users\dell\AppData\Local\Arduino15\packages\rp2040\hardware\rp2040\2.5.2/lib/libpico.a(clocks.c.obj)
                0x10009a00                clock_get_hz
 .text.lock_init
                0x10009a0c       0x10 C:\Users\dell\AppData\Local\Arduino15\packages\rp2040\hardware\rp2040\2.5.2/lib/libpico.a(lock_core.c.obj)
                0x10009a0c                lock_init
 .text.check_single_timeout_us
                0x10009a1c       0x24 C:\Users\dell\AppData\Local\Arduino15\packages\rp2040\hardware\rp2040\2.5.2/lib/libpico.a(timeout_helper.c.obj)
 .text.init_single_timeout_until
                0x10009a40        0xc C:\Users\dell\AppData\Local\Arduino15\packages\rp2040\hardware\rp2040\2.5.2/lib/libpico.a(timeout_helper.c.obj)
                0x10009a40                init_single_timeout_until
 .text.critical_section_init_with_lock_num
                0x10009a4c       0x14 C:\Users\dell\AppData\Local\Arduino15\packages\rp2040\hardware\rp2040\2.5.2/lib/libpico.a(critical_section.c.obj)
                0x10009a4c                critical_section_init_with_lock_num
 .text.critical_section_init
                0x10009a60       0x14 C:\Users\dell\AppData\Local\Arduino15\packages\rp2040\hardware\rp2040\2.5.2/lib/libpico.a(critical_section.c.obj)
                0x10009a60                critical_section_init
 .text.pll_init
                0x10009a74       0x9c C:\Users\dell\AppData\Local\Arduino15\packages\rp2040\hardware\rp2040\2.5.2/lib/libpico.a(pll.c.obj)
                0x10009a74                pll_init
 .text.watchdog_start_tick
                0x10009b10       0x10 C:\Users\dell\AppData\Local\Arduino15\packages\rp2040\hardware\rp2040\2.5.2/lib/libpico.a(watchdog.c.obj)
                0x10009b10                watchdog_start_tick
 .text.xosc_init
                0x10009b20       0x28 C:\Users\dell\AppData\Local\Arduino15\packages\rp2040\hardware\rp2040\2.5.2/lib/libpico.a(xosc.c.obj)
                0x10009b20                xosc_init
 .text.flash_get_unique_id
                0x10009b48       0x42 C:\Users\dell\AppData\Local\Arduino15\packages\rp2040\hardware\rp2040\2.5.2/lib/libpico.a(flash.c.obj)
                0x10009b48                flash_get_unique_id
 *fill*         0x10009b8a        0x2 
 .text.hw_endpoint_init
                0x10009b8c       0xc8 C:\Users\dell\AppData\Local\Arduino15\packages\rp2040\hardware\rp2040\2.5.2/lib/libpico.a(dcd_rp2040.c.obj)
 .text.reset_non_control_endpoints
                0x10009c54       0x3c C:\Users\dell\AppData\Local\Arduino15\packages\rp2040\hardware\rp2040\2.5.2/lib/libpico.a(dcd_rp2040.c.obj)
 .text.dcd_rp2040_irq
                0x10009c90      0x128 C:\Users\dell\AppData\Local\Arduino15\packages\rp2040\hardware\rp2040\2.5.2/lib/libpico.a(dcd_rp2040.c.obj)
 .text.dcd_int_enable
                0x10009db8        0xc C:\Users\dell\AppData\Local\Arduino15\packages\rp2040\hardware\rp2040\2.5.2/lib/libpico.a(dcd_rp2040.c.obj)
                0x10009db8                dcd_int_enable
 .text.dcd_set_address
                0x10009dc4       0x14 C:\Users\dell\AppData\Local\Arduino15\packages\rp2040\hardware\rp2040\2.5.2/lib/libpico.a(dcd_rp2040.c.obj)
                0x10009dc4                dcd_set_address
 .text.dcd_connect
                0x10009dd8       0x10 C:\Users\dell\AppData\Local\Arduino15\packages\rp2040\hardware\rp2040\2.5.2/lib/libpico.a(dcd_rp2040.c.obj)
                0x10009dd8                dcd_connect
 .text.dcd_init
                0x10009de8       0x64 C:\Users\dell\AppData\Local\Arduino15\packages\rp2040\hardware\rp2040\2.5.2/lib/libpico.a(dcd_rp2040.c.obj)
                0x10009de8                dcd_init
 .text.dcd_edpt0_status_complete
                0x10009e4c       0x18 C:\Users\dell\AppData\Local\Arduino15\packages\rp2040\hardware\rp2040\2.5.2/lib/libpico.a(dcd_rp2040.c.obj)
                0x10009e4c                dcd_edpt0_status_complete
 .text.dcd_edpt_open
                0x10009e64       0x20 C:\Users\dell\AppData\Local\Arduino15\packages\rp2040\hardware\rp2040\2.5.2/lib/libpico.a(dcd_rp2040.c.obj)
                0x10009e64                dcd_edpt_open
 .text.dcd_edpt_close_all
                0x10009e84        0x8 C:\Users\dell\AppData\Local\Arduino15\packages\rp2040\hardware\rp2040\2.5.2/lib/libpico.a(dcd_rp2040.c.obj)
                0x10009e84                dcd_edpt_close_all
 .text.dcd_edpt_xfer
                0x10009e8c       0x24 C:\Users\dell\AppData\Local\Arduino15\packages\rp2040\hardware\rp2040\2.5.2/lib/libpico.a(dcd_rp2040.c.obj)
                0x10009e8c                dcd_edpt_xfer
 .text.dcd_edpt_stall
                0x10009eb0       0x34 C:\Users\dell\AppData\Local\Arduino15\packages\rp2040\hardware\rp2040\2.5.2/lib/libpico.a(dcd_rp2040.c.obj)
                0x10009eb0                dcd_edpt_stall
 .text.dcd_edpt_clear_stall
                0x10009ee4       0x2c C:\Users\dell\AppData\Local\Arduino15\packages\rp2040\hardware\rp2040\2.5.2/lib/libpico.a(dcd_rp2040.c.obj)
                0x10009ee4                dcd_edpt_clear_stall
 .text.prepare_ep_buffer
                0x10009f10       0x66 C:\Users\dell\AppData\Local\Arduino15\packages\rp2040\hardware\rp2040\2.5.2/lib/libpico.a(rp2040_usb.c.obj)
 .text.sync_ep_buffer
                0x10009f76       0x48 C:\Users\dell\AppData\Local\Arduino15\packages\rp2040\hardware\rp2040\2.5.2/lib/libpico.a(rp2040_usb.c.obj)
 *fill*         0x10009fbe        0x2 
 .text.rp2040_usb_init
                0x10009fc0       0x4c C:\Users\dell\AppData\Local\Arduino15\packages\rp2040\hardware\rp2040\2.5.2/lib/libpico.a(rp2040_usb.c.obj)
                0x10009fc0                rp2040_usb_init
 .text.hw_endpoint_reset_transfer
                0x1000a00c        0xc C:\Users\dell\AppData\Local\Arduino15\packages\rp2040\hardware\rp2040\2.5.2/lib/libpico.a(rp2040_usb.c.obj)
                0x1000a00c                hw_endpoint_reset_transfer
 .text._hw_endpoint_buffer_control_update32
                0x1000a018       0x58 C:\Users\dell\AppData\Local\Arduino15\packages\rp2040\hardware\rp2040\2.5.2/lib/libpico.a(rp2040_usb.c.obj)
                0x1000a018                _hw_endpoint_buffer_control_update32
 .text._hw_endpoint_start_next_buffer
                0x1000a070       0x6c C:\Users\dell\AppData\Local\Arduino15\packages\rp2040\hardware\rp2040\2.5.2/lib/libpico.a(rp2040_usb.c.obj)
 .text.hw_endpoint_xfer_start
                0x1000a0dc       0x14 C:\Users\dell\AppData\Local\Arduino15\packages\rp2040\hardware\rp2040\2.5.2/lib/libpico.a(rp2040_usb.c.obj)
                0x1000a0dc                hw_endpoint_xfer_start
 .text.hw_endpoint_xfer_continue
                0x1000a0f0       0x54 C:\Users\dell\AppData\Local\Arduino15\packages\rp2040\hardware\rp2040\2.5.2/lib/libpico.a(rp2040_usb.c.obj)
                0x1000a0f0                hw_endpoint_xfer_continue
 .text.unlikely._ZSt17__throw_bad_allocv
                0x1000a144        0x6 c:/users/dell/appdata/local/arduino15/packages/rp2040/tools/pqt-gcc/1.4.0-c-0196c06/bin/../lib/gcc/arm-none-eabi/10.3.0/../../../../arm-none-eabi/lib/thumb\libstdc++.a(functexcept.o)
                0x1000a144                _ZSt17__throw_bad_allocv
 .text.unlikely._ZSt20__throw_length_errorPKc
                0x1000a14a        0x6 c:/users/dell/appdata/local/arduino15/packages/rp2040/tools/pqt-gcc/1.4.0-c-0196c06/bin/../lib/gcc/arm-none-eabi/10.3.0/../../../../arm-none-eabi/lib/thumb\libstdc++.a(functexcept.o)
                0x1000a14a                _ZSt20__throw_length_errorPKc
 .text          0x1000a150        0xe c:/users/dell/appdata/local/arduino15/packages/rp2040/tools/pqt-gcc/1.4.0-c-0196c06/bin/../lib/gcc/arm-none-eabi/10.3.0/../../../../arm-none-eabi/lib/thumb\libc.a(lib_a-abort.o)
                0x1000a150                abort
 .text          0x1000a15e       0x14 c:/users/dell/appdata/local/arduino15/packages/rp2040/tools/pqt-gcc/1.4.0-c-0196c06/bin/../lib/gcc/arm-none-eabi/10.3.0/../../../../arm-none-eabi/lib/thumb\libc.a(lib_a-calloc.o)
                0x1000a15e                calloc
 .text          0x1000a172       0x9c c:/users/dell/appdata/local/arduino15/packages/rp2040/tools/pqt-gcc/1.4.0-c-0196c06/bin/../lib/gcc/arm-none-eabi/10.3.0/../../../../arm-none-eabi/lib/thumb\libc.a(lib_a-callocr.o)
                0x1000a172                _calloc_r
 .text          0x1000a20e        0x8 c:/users/dell/appdata/local/arduino15/packages/rp2040/tools/pqt-gcc/1.4.0-c-0196c06/bin/../lib/gcc/arm-none-eabi/10.3.0/../../../../arm-none-eabi/lib/thumb\libc.a(lib_a-errno.o)
                0x1000a20e                __errno
 *fill*         0x1000a216        0x2 
 .text          0x1000a218      0x238 c:/users/dell/appdata/local/arduino15/packages/rp2040/tools/pqt-gcc/1.4.0-c-0196c06/bin/../lib/gcc/arm-none-eabi/10.3.0/../../../../arm-none-eabi/lib/thumb\libc.a(lib_a-findfp.o)
                0x1000a260                _cleanup_r
                0x1000a2a0                __sfmoreglue
                0x1000a2cc                _cleanup
                0x1000a2dc                __sfp_lock_acquire
                0x1000a2ec                __sfp_lock_release
                0x1000a2fc                __sinit_lock_acquire
                0x1000a30c                __sinit_lock_release
                0x1000a31c                __sinit
                0x1000a390                __sfp
                0x1000a420                __fp_lock_all
                0x1000a438                __fp_unlock_all
 .text          0x1000a450       0x76 c:/users/dell/appdata/local/arduino15/packages/rp2040/tools/pqt-gcc/1.4.0-c-0196c06/bin/../lib/gcc/arm-none-eabi/10.3.0/../../../../arm-none-eabi/lib/thumb\libc.a(lib_a-fwalk.o)
                0x1000a450                _fwalk
                0x1000a486                _fwalk_reent
 .text          0x1000a4c6       0x20 c:/users/dell/appdata/local/arduino15/packages/rp2040/tools/pqt-gcc/1.4.0-c-0196c06/bin/../lib/gcc/arm-none-eabi/10.3.0/../../../../arm-none-eabi/lib/thumb\libc.a(lib_a-malloc.o)
                0x1000a4c6                malloc
                0x1000a4d6                free
 *fill*         0x1000a4e6        0x2 
 .text          0x1000a4e8      0x420 c:/users/dell/appdata/local/arduino15/packages/rp2040/tools/pqt-gcc/1.4.0-c-0196c06/bin/../lib/gcc/arm-none-eabi/10.3.0/../../../../arm-none-eabi/lib/thumb\libc.a(lib_a-mallocr.o)
                0x1000a4e8                _malloc_r