Archive member included to satisfy reference by file (symbol)

c:\Users\dell\Desktop\Projects\Robofest\Dev\Hardware_tests_pico\Encoders\build/core\core.a(SerialUSB.cpp.o)
                              c:\Users\dell\Desktop\Projects\Robofest\Dev\Hardware_tests_pico\Encoders\build\sketch\Encoders.ino.cpp.o (_ZN9SerialUSB5beginEm)
c:\Users\dell\Desktop\Projects\Robofest\Dev\Hardware_tests_pico\Encoders\build/core\core.a(_freertos.cpp.o)
                              c:\Users\dell\Desktop\Projects\Robofest\Dev\Hardware_tests_pico\Encoders\build/core\core.a(SerialUSB.cpp.o) (__get_freertos_mutex_for_ptr)
c:\Users\dell\Desktop\Projects\Robofest\Dev\Hardware_tests_pico\Encoders\build/core\core.a(Print.cpp.o)
                              c:\Users\dell\Desktop\Projects\Robofest\Dev\Hardware_tests_pico\Encoders\build\sketch\Encoders.ino.cpp.o (_ZN7arduino5Print7printlnEii)
c:\Users\dell\Desktop\Projects\Robofest\Dev\Hardware_tests_pico\Encoders\build/core\core.a(delay.cpp.o)
                              c:\Users\dell\Desktop\Projects\Robofest\Dev\Hardware_tests_pico\Encoders\build\sketch\Encoders.ino.cpp.o (delay)
c:\Users\dell\Desktop\Projects\Robofest\Dev\Hardware_tests_pico\Encoders\build/core\core.a(main.cpp.o)
                              c:/users/dell/appdata/local/arduino15/packages/rp2040/tools/pqt-gcc/1.4.0-c-0196c06/bin/../lib/gcc/arm-none-eabi/10.3.0/../../../../arm-none-eabi/lib/thumb/crt0.o (main)
c:\Users\dell\Desktop\Projects\Robofest\Dev\Hardware_tests_pico\Encoders\build/core\core.a(wiring_digital.cpp.o)
                              c:\Users\dell\Desktop\Projects\Robofest\Dev\Hardware_tests_pico\Encoders\build\sketch\Encoders.ino.cpp.o (pinMode)
c:\Users\dell\Desktop\Projects\Robofest\Dev\Hardware_tests_pico\Encoders\build/core\core.a(wiring_private.cpp.o)
                              c:\Users\dell\Desktop\Projects\Robofest\Dev\Hardware_tests_pico\Encoders\build/core\core.a(main.cpp.o) (interrupts)
c:\Users\dell\Desktop\Projects\Robofest\Dev\Hardware_tests_pico\Encoders\build/core\core.a(RP2040USB.cpp.o)
                              c:\Users\dell\Desktop\Projects\Robofest\Dev\Hardware_tests_pico\Encoders\build/core\core.a(main.cpp.o) (_Z10__USBStartv)
C:\Users\dell\AppData\Local\Arduino15\packages\rp2040\hardware\rp2040\2.5.2/lib/libpico.a(sync.c.obj)
                              c:\Users\dell\Desktop\Projects\Robofest\Dev\Hardware_tests_pico\Encoders\build/core\core.a(main.cpp.o) (next_striped_spin_lock_num)
C:\Users\dell\AppData\Local\Arduino15\packages\rp2040\hardware\rp2040\2.5.2/lib/libpico.a(gpio.c.obj)
                              c:\Users\dell\Desktop\Projects\Robofest\Dev\Hardware_tests_pico\Encoders\build/core\core.a(wiring_digital.cpp.o) (gpio_set_function)
C:\Users\dell\AppData\Local\Arduino15\packages\rp2040\hardware\rp2040\2.5.2/lib/libpico.a(irq.c.obj)
                              c:\Users\dell\Desktop\Projects\Robofest\Dev\Hardware_tests_pico\Encoders\build/core\core.a(main.cpp.o) (irq_set_enabled)
C:\Users\dell\AppData\Local\Arduino15\packages\rp2040\hardware\rp2040\2.5.2/lib/libpico.a(irq_handler_chain.S.obj)
                              C:\Users\dell\AppData\Local\Arduino15\packages\rp2040\hardware\rp2040\2.5.2/lib/libpico.a(irq.c.obj) (irq_handler_chain_slots)
C:\Users\dell\AppData\Local\Arduino15\packages\rp2040\hardware\rp2040\2.5.2/lib/libpico.a(time.c.obj)
                              c:\Users\dell\Desktop\Projects\Robofest\Dev\Hardware_tests_pico\Encoders\build/core\core.a(RP2040USB.cpp.o) (alarm_pool_get_default)
C:\Users\dell\AppData\Local\Arduino15\packages\rp2040\hardware\rp2040\2.5.2/lib/libpico.a(timer.c.obj)
                              C:\Users\dell\AppData\Local\Arduino15\packages\rp2040\hardware\rp2040\2.5.2/lib/libpico.a(time.c.obj) (hardware_alarm_claim)
C:\Users\dell\AppData\Local\Arduino15\packages\rp2040\hardware\rp2040\2.5.2/lib/libpico.a(pheap.c.obj)
                              C:\Users\dell\AppData\Local\Arduino15\packages\rp2040\hardware\rp2040\2.5.2/lib/libpico.a(time.c.obj) (ph_post_alloc_init)
C:\Users\dell\AppData\Local\Arduino15\packages\rp2040\hardware\rp2040\2.5.2/lib/libpico.a(queue.c.obj)
                              c:\Users\dell\Desktop\Projects\Robofest\Dev\Hardware_tests_pico\Encoders\build/core\core.a(main.cpp.o) (queue_init_with_spinlock)
C:\Users\dell\AppData\Local\Arduino15\packages\rp2040\hardware\rp2040\2.5.2/lib/libpico.a(mutex.c.obj)
                              c:\Users\dell\Desktop\Projects\Robofest\Dev\Hardware_tests_pico\Encoders\build/core\core.a(main.cpp.o) (mutex_init)
C:\Users\dell\AppData\Local\Arduino15\packages\rp2040\hardware\rp2040\2.5.2/lib/libpico.a(exception.c.obj)
                              c:\Users\dell\Desktop\Projects\Robofest\Dev\Hardware_tests_pico\Encoders\build/core\core.a(main.cpp.o) (exception_set_exclusive_handler)
C:\Users\dell\AppData\Local\Arduino15\packages\rp2040\hardware\rp2040\2.5.2/lib/libpico.a(bootrom.c.obj)
[...]
Memory Configuration

Name             Origin             Length             Attributes
FLASH            0x10000000         0x001ff000         xr
RAM              0x20000000         0x00040000         xrw
SCRATCH_X        0x20040000         0x00001000         xrw
SCRATCH_Y        0x20041000         0x00001000         xrw
*default*        0x00000000         0xffffffff

Linker script and memory map

LOAD c:/users/dell/appdata/local/arduino15/packages/rp2040/tools/pqt-gcc/1.4.0-c-0196c06/bin/../lib/gcc/arm-none-eabi/10.3.0/thumb/crti.o
LOAD c:/users/dell/appdata/local/arduino15/packages/rp2040/tools/pqt-gcc/1.4.0-c-0196c06/bin/../lib/gcc/arm-none-eabi/10.3.0/thumb/crtbegin.o
LOAD c:/users/dell/appdata/local/arduino15/packages/rp2040/tools/pqt-gcc/1.4.0-c-0196c06/bin/../lib/gcc/arm-none-eabi/10.3.0/../../../../arm-none-eabi/lib/thumb/crt0.o
                [!provide]                PROVIDE (_EEPROM_start = 0x101ff000)
                [!provide]                PROVIDE (_FS_start = 0x101ff000)
                [!provide]                PROVIDE (_FS_end = 0x101ff000)

.flash_begin    0x10000000        0x0
                0x10000000                __flash_binary_start = .

.boot2          0x10000000      0x100
                0x10000000                __boot2_start__ = .
 *(.boot2)
 .boot2         0x10000000      0x100 c:\Users\dell\Desktop\Projects\Robofest\Dev\Hardware_tests_pico\Encoders\build/boot2.o
                0x10000100                __boot2_end__ = .
                0x00000001                ASSERT (((__boot2_end__ - __boot2_start__) == 0x100), ERROR: Pico second stage bootloader must be 256 bytes in size)

.ota            0x10000100     0x25e8
 *(.OTA)
 .OTA           0x10000100     0x25e8 C:\Users\dell\AppData\Local\Arduino15\packages\rp2040\hardware\rp2040\2.5.2/lib/ota.o
                0x10000100                _binary_ota_bin_start
                0x100026e8                _binary_ota_bin_end

.partition      0x100026e8      0x918
                0x10002ff0                . = (__flash_binary_start + 0x2ff0)
 *fill*         0x100026e8      0x908 
                0x10002ff0        0x4 LONG 0x101ff000
                0x10002ff4        0x4 LONG 0x101ff000
                0x10002ff8        0x4 LONG 0x101ff000
                0x10002ffc        0x4 LONG 0x1ff000

.text           0x10003000     0xc798
                0x10003000                __logical_binary_start = .
 *(.vectors)
 .vectors       0x10003000       0xd4 C:\Users\dell\AppData\Local\Arduino15\packages\rp2040\hardware\rp2040\2.5.2/lib/libpico.a(crt0.S.obj)
                0x10003000                __VECTOR_TABLE
                0x10003000                __vectors
                0x100030c0                isr_invalid
                0x100030c0                __default_isrs_start
                0x100030c2                isr_nmi
                0x100030c4                isr_hardfault
                0x100030c6                isr_svcall
                0x100030c8                isr_pendsv
                0x100030ca                isr_systick
                0x100030cc                isr_irq23
                0x100030cc                isr_irq18
                0x100030cc                isr_irq11
                0x100030cc                isr_irq28
                0x100030cc                isr_irq19
                0x100030cc                isr_irq0
                0x100030cc                isr_irq6
                0x100030cc                isr_irq5
                0x100030cc                isr_irq12
                0x100030cc                isr_irq22
                0x100030cc                isr_irq31
                0x100030cc                isr_irq17
                0x100030cc                isr_irq27
                0x100030cc                isr_irq30
                0x100030cc                isr_irq2
                0x100030cc                isr_irq10
                0x100030cc                isr_irq8
                0x100030cc                isr_irq24
                0x100030cc                isr_irq1
                0x100030cc                isr_irq7
                0x100030cc                isr_irq21
                0x100030cc                isr_irq20
                0x100030cc                isr_irq15
                0x100030cc                isr_irq25
                0x100030cc                isr_irq13
                0x100030cc                __unhandled_user_irq
                0x100030cc                isr_irq4
                0x100030cc                isr_irq16
                0x100030cc                isr_irq29
                0x100030cc                isr_irq26
                0x100030cc                __default_isrs_end
                0x100030cc                isr_irq3
                0x100030cc                isr_irq14
                0x100030cc                isr_irq9
                0x100030d2                unhandled_user_irq_num_in_r0
 *(.binary_info_header)
 .binary_info_header
                0x100030d4        0x0 C:\Users\dell\AppData\Local\Arduino15\packages\rp2040\hardware\rp2040\2.5.2/lib/libpico.a(crt0.S.obj)
                0x100030d4                __binary_info_header_end = .
 *(.reset)
 .reset         0x100030d4       0xa8 C:\Users\dell\AppData\Local\Arduino15\packages\rp2040\hardware\rp2040\2.5.2/lib/libpico.a(crt0.S.obj)
                0x100030d4                _entry_point
                0x10003152                __get_current_exception
 *(.init)
 .init          0x1000317c        0x4 c:/users/dell/appdata/local/arduino15/packages/rp2040/tools/pqt-gcc/1.4.0-c-0196c06/bin/../lib/gcc/arm-none-eabi/10.3.0/thumb/crti.o
                0x1000317c                _init
 *(EXCLUDE_FILE(*libm.a: *libc.a:*lib_a-mem*.o *libgcc.a:) .text*)
 .text          0x10003180       0x98 c:/users/dell/appdata/local/arduino15/packages/rp2040/tools/pqt-gcc/1.4.0-c-0196c06/bin/../lib/gcc/arm-none-eabi/10.3.0/thumb/crtbegin.o
 .text._Z4isrAv
                0x10003218       0x8c c:\Users\dell\Desktop\Projects\Robofest\Dev\Hardware_tests_pico\Encoders\build\sketch\Encoders.ino.cpp.o
                0x10003218                _Z4isrAv
 .text.loop     0x100032a4       0x24 c:\Users\dell\Desktop\Projects\Robofest\Dev\Hardware_tests_pico\Encoders\build\sketch\Encoders.ino.cpp.o
                0x100032a4                loop
 .text.setup    0x100032c8       0x28 c:\Users\dell\Desktop\Projects\Robofest\Dev\Hardware_tests_pico\Encoders\build\sketch\Encoders.ino.cpp.o
                0x100032c8                setup
 .text._ZN9SerialUSB5beginEmt
                0x100032f0        0xa c:\Users\dell\Desktop\Projects\Robofest\Dev\Hardware_tests_pico\Encoders\build/core\core.a(SerialUSB.cpp.o)
                0x100032f0                _ZN9SerialUSB5beginEmt
 .text._ZN9SerialUSB5beginEm
                0x100032fa        0xc c:\Users\dell\Desktop\Projects\Robofest\Dev\Hardware_tests_pico\Encoders\build/core\core.a(SerialUSB.cpp.o)
                0x100032fa                _ZN9SerialUSB5beginEm
 .text._ZN9SerialUSB3endEv
                0x10003306        0x2 c:\Users\dell\Desktop\Projects\Robofest\Dev\Hardware_tests_pico\Encoders\build/core\core.a(SerialUSB.cpp.o)
                0x10003306                _ZN9SerialUSB3endEv
 .text._ZN9SerialUSB5writeEh
                0x10003308       0x14 c:\Users\dell\Desktop\Projects\Robofest\Dev\Hardware_tests_pico\Encoders\build/core\core.a(SerialUSB.cpp.o)
                0x10003308                _ZN9SerialUSB5writeEh
 .text._ZL16CheckSerialResetv
                0x1000331c       0x34 c:\Users\dell\Desktop\Projects\Robofest\Dev\Hardware_tests_pico\Encoders\build/core\core.a(SerialUSB.cpp.o)
 .text._ZN9CoreMutexC2EP5mutexb
                0x10003350       0x48 c:\Users\dell\Desktop\Projects\Robofest\Dev\Hardware_tests_pico\Encoders\build/core\core.a(SerialUSB.cpp.o)
                0x10003350                _ZN9CoreMutexC1EP5mutexb
                0x10003350                _ZN9CoreMutexC2EP5mutexb
 .text._ZN9CoreMutexD2Ev
                0x10003398       0x2c c:\Users\dell\Desktop\Projects\Robofest\Dev\Hardware_tests_pico\Encoders\build/core\core.a(SerialUSB.cpp.o)
                0x10003398                _ZN9CoreMutexD1Ev
                0x10003398                _ZN9CoreMutexD2Ev
 .text._ZN9SerialUSB4peekEv
                0x100033c4       0x48 c:\Users\dell\Desktop\Projects\Robofest\Dev\Hardware_tests_pico\Encoders\build/core\core.a(SerialUSB.cpp.o)
                0x100033c4                _ZN9SerialUSB4peekEv
 .text._ZN9SerialUSB4readEv
                0x1000340c       0x54 c:\Users\dell\Desktop\Projects\Robofest\Dev\Hardware_tests_pico\Encoders\build/core\core.a(SerialUSB.cpp.o)
                0x1000340c                _ZN9SerialUSB4readEv
 .text._ZN9SerialUSB9availableEv
                0x10003460       0x34 c:\Users\dell\Desktop\Projects\Robofest\Dev\Hardware_tests_pico\Encoders\build/core\core.a(SerialUSB.cpp.o)
                0x10003460                _ZN9SerialUSB9availableEv
 .text._ZN9SerialUSB17availableForWriteEv
                0x10003494       0x34 c:\Users\dell\Desktop\Projects\Robofest\Dev\Hardware_tests_pico\Encoders\build/core\core.a(SerialUSB.cpp.o)
                0x10003494                _ZN9SerialUSB17availableForWriteEv
 .text._ZN9SerialUSB5flushEv
                0x100034c8       0x30 c:\Users\dell\Desktop\Projects\Robofest\Dev\Hardware_tests_pico\Encoders\build/core\core.a(SerialUSB.cpp.o)
                0x100034c8                _ZN9SerialUSB5flushEv
 .text._ZN9SerialUSB5writeEPKhj
                0x100034f8       0xdc c:\Users\dell\Desktop\Projects\Robofest\Dev\Hardware_tests_pico\Encoders\build/core\core.a(SerialUSB.cpp.o)
                0x100034f8                _ZN9SerialUSB5writeEPKhj
 .text._ZN9SerialUSBcvbEv
                0x100035d4       0x38 c:\Users\dell\Desktop\Projects\Robofest\Dev\Hardware_tests_pico\Encoders\build/core\core.a(SerialUSB.cpp.o)
                0x100035d4                _ZN9SerialUSBcvbEv
 .text._Z18__USBInstallSerialv
                0x1000360c        0x2 c:\Users\dell\Desktop\Projects\Robofest\Dev\Hardware_tests_pico\Encoders\build/core\core.a(SerialUSB.cpp.o)
                0x1000360c                _Z18__USBInstallSerialv
 *fill*         0x1000360e        0x2 
 .text.tud_cdc_line_state_cb
                0x10003610       0x10 c:\Users\dell\Desktop\Projects\Robofest\Dev\Hardware_tests_pico\Encoders\build/core\core.a(SerialUSB.cpp.o)
                0x10003610                tud_cdc_line_state_cb
 .text.tud_cdc_line_coding_cb
                0x10003620       0x24 c:\Users\dell\Desktop\Projects\Robofest\Dev\Hardware_tests_pico\Encoders\build/core\core.a(SerialUSB.cpp.o)
                0x10003620                tud_cdc_line_coding_cb
 .text._ZN7arduino14serialEventRunEv
                0x10003644       0x20 c:\Users\dell\Desktop\Projects\Robofest\Dev\Hardware_tests_pico\Encoders\build/core\core.a(SerialUSB.cpp.o)
                0x10003644                _ZN7arduino14serialEventRunEv
 .text.startup._GLOBAL__sub_I__Z18__USBInstallSerialv
                0x10003664       0x20 c:\Users\dell\Desktop\Projects\Robofest\Dev\Hardware_tests_pico\Encoders\build/core\core.a(SerialUSB.cpp.o)
 .text.__get_freertos_mutex_for_ptr
                0x10003684       0x50 c:\Users\dell\Desktop\Projects\Robofest\Dev\Hardware_tests_pico\Encoders\build/core\core.a(_freertos.cpp.o)
                0x10003684                __get_freertos_mutex_for_ptr
 .text._ZN7arduino5Print5writeEPKc
                0x100036d4       0x1c c:\Users\dell\Desktop\Projects\Robofest\Dev\Hardware_tests_pico\Encoders\build/core\core.a(Print.cpp.o)
                0x100036d4                _ZN7arduino5Print5writeEPKc
 .text._ZN7arduino5Print5printEc
                0x100036f0        0xa c:\Users\dell\Desktop\Projects\Robofest\Dev\Hardware_tests_pico\Encoders\build/core\core.a(Print.cpp.o)
                0x100036f0                _ZN7arduino5Print5printEc
 *fill*         0x100036fa        0x2 
 .text._ZN7arduino5Print7printlnEv
                0x100036fc       0x10 c:\Users\dell\Desktop\Projects\Robofest\Dev\Hardware_tests_pico\Encoders\build/core\core.a(Print.cpp.o)
                0x100036fc                _ZN7arduino5Print7printlnEv
 .text._ZN7arduino5Print11printNumberEmh
                0x1000370c       0x50 c:\Users\dell\Desktop\Projects\Robofest\Dev\Hardware_tests_pico\Encoders\build/core\core.a(Print.cpp.o)
                0x1000370c                _ZN7arduino5Print11printNumberEmh
 .text._ZN7arduino5Print5printEli
                0x1000375c       0x3e c:\Users\dell\Desktop\Projects\Robofest\Dev\Hardware_tests_pico\Encoders\build/core\core.a(Print.cpp.o)
                0x1000375c                _ZN7arduino5Print5printEli
 .text._ZN7arduino5Print7printlnEii
                0x1000379a       0x14 c:\Users\dell\Desktop\Projects\Robofest\Dev\Hardware_tests_pico\Encoders\build/core\core.a(Print.cpp.o)
                0x1000379a                _ZN7arduino5Print7printlnEii
 *fill*         0x100037ae        0x2 
 .text.get_absolute_time
                0x100037b0       0x2c c:\Users\dell\Desktop\Projects\Robofest\Dev\Hardware_tests_pico\Encoders\build/core\core.a(delay.cpp.o)
 .text.delay    0x100037dc        0xc c:\Users\dell\Desktop\Projects\Robofest\Dev\Hardware_tests_pico\Encoders\build/core\core.a(delay.cpp.o)
                0x100037dc                delay
 .text.micros   0x100037e8        0xc c:\Users\dell\Desktop\Projects\Robofest\Dev\Hardware_tests_pico\Encoders\build/core\core.a(delay.cpp.o)
                0x100037e8                micros
 .text._ZN6RP204015_SystickHandlerEv
                0x100037f4       0x1c c:\Users\dell\Desktop\Projects\Robofest\Dev\Hardware_tests_pico\Encoders\build/core\core.a(main.cpp.o)
                0x100037f4                _ZN6RP204015_SystickHandlerEv
 .text._ZN6_MFIFO12registerCoreEv.part.0
                0x10003810       0x24 c:\Users\dell\Desktop\Projects\Robofest\Dev\Hardware_tests_pico\Encoders\build/core\core.a(main.cpp.o)
 .text.main1    0x10003834       0x30 c:\Users\dell\Desktop\Projects\Robofest\Dev\Hardware_tests_pico\Encoders\build/core\core.a(main.cpp.o)
                0x10003834                main1
 .text._ZN6_MFIFO5beginEi.part.0.constprop.0
                0x10003864       0x3c c:\Users\dell\Desktop\Projects\Robofest\Dev\Hardware_tests_pico\Encoders\build/core\core.a(main.cpp.o)
 .text._ZN6RP20405beginEv
                0x100038a0      0x178 c:\Users\dell\Desktop\Projects\Robofest\Dev\Hardware_tests_pico\Encoders\build/core\core.a(main.cpp.o)
                0x100038a0                _ZN6RP20405beginEv
 .text.initVariant
                0x10003a18        0x2 c:\Users\dell\Desktop\Projects\Robofest\Dev\Hardware_tests_pico\Encoders\build/core\core.a(main.cpp.o)
                0x10003a18                initVariant
 *fill*         0x10003a1a        0x2 
 .text._Z6__loopv
                0x10003a1c       0x30 c:\Users\dell\Desktop\Projects\Robofest\Dev\Hardware_tests_pico\Encoders\build/core\core.a(main.cpp.o)
                0x10003a1c                _Z6__loopv
 .text.__wrap___getreent
                0x10003a4c       0x1c c:\Users\dell\Desktop\Projects\Robofest\Dev\Hardware_tests_pico\Encoders\build/core\core.a(main.cpp.o)
                0x10003a4c                __wrap___getreent
 .text.startup._GLOBAL__sub_I_rp2040
                0x10003a68       0x14 c:\Users\dell\Desktop\Projects\Robofest\Dev\Hardware_tests_pico\Encoders\build/core\core.a(main.cpp.o)
 .text.startup.main
                0x10003a7c      0x128 c:\Users\dell\Desktop\Projects\Robofest\Dev\Hardware_tests_pico\Encoders\build/core\core.a(main.cpp.o)
                0x10003a7c                main
 .text.__pinMode
                0x10003ba4       0xa4 c:\Users\dell\Desktop\Projects\Robofest\Dev\Hardware_tests_pico\Encoders\build/core\core.a(wiring_digital.cpp.o)
                0x10003ba4                pinMode
                0x10003ba4                __pinMode
 .text.__digitalRead
                0x10003c48       0x16 c:\Users\dell\Desktop\Projects\Robofest\Dev\Hardware_tests_pico\Encoders\build/core\core.a(wiring_digital.cpp.o)
                0x10003c48                __digitalRead
                0x10003c48                digitalRead
 .text._ZNSt8_Rb_treeIhSt4pairIKh6CBInfoESt10_Select1stIS3_ESt4lessIhESaIS3_EE8_M_eraseEPSt13_Rb_tree_nodeIS3_E.isra.0
                0x10003c5e       0x1e c:\Users\dell\Desktop\Projects\Robofest\Dev\Hardware_tests_pico\Encoders\build/core\core.a(wiring_private.cpp.o)
 .text._ZNSt5dequeImSaImEE4backEv
                0x10003c7c       0x18 c:\Users\dell\Desktop\Projects\Robofest\Dev\Hardware_tests_pico\Encoders\build/core\core.a(wiring_private.cpp.o)
                0x10003c7c                _ZNSt5dequeImSaImEE4backEv
 .text.interrupts
                0x10003c94       0x58 c:\Users\dell\Desktop\Projects\Robofest\Dev\Hardware_tests_pico\Encoders\build/core\core.a(wiring_private.cpp.o)
                0x10003c94                interrupts
 .text.noInterrupts
                0x10003cec      0x164 c:\Users\dell\Desktop\Projects\Robofest\Dev\Hardware_tests_pico\Encoders\build/core\core.a(wiring_private.cpp.o)
                0x10003cec                noInterrupts
 .text._ZNSt8_Rb_treeIhSt4pairIKh6CBInfoESt10_Select1stIS3_ESt4lessIhESaIS3_EE4findERS1_
                0x10003e50       0x2e c:\Users\dell\Desktop\Projects\Robofest\Dev\Hardware_tests_pico\Encoders\build/core\core.a(wiring_private.cpp.o)
                0x10003e50                _ZNSt8_Rb_treeIhSt4pairIKh6CBInfoESt10_Select1stIS3_ESt4lessIhESaIS3_EE4findERS1_
 *fill*         0x10003e7e        0x2 
 .text._Z24_gpioInterruptDispatcherjm
                0x10003e80       0x58 c:\Users\dell\Desktop\Projects\Robofest\Dev\Hardware_tests_pico\Encoders\build/core\core.a(wiring_private.cpp.o)
                0x10003e80                _Z24_gpioInterruptDispatcherjm
 .text.detachInterrupt
                0x10003ed8       0xec c:\Users\dell\Desktop\Projects\Robofest\Dev\Hardware_tests_pico\Encoders\build/core\core.a(wiring_private.cpp.o)
                0x10003ed8                detachInterrupt
 .text._ZNSt8_Rb_treeIhSt4pairIKh6CBInfoESt10_Select1stIS3_ESt4lessIhESaIS3_EE16_M_insert_uniqueIS3_EES0_ISt17_Rb_tree_iteratorIS3_EbEOT_
                0x10003fc4       0x9e c:\Users\dell\Desktop\Projects\Robofest\Dev\Hardware_tests_pico\Encoders\build/core\core.a(wiring_private.cpp.o)
                0x10003fc4                _ZNSt8_Rb_treeIhSt4pairIKh6CBInfoESt10_Select1stIS3_ESt4lessIhESaIS3_EE16_M_insert_uniqueIS3_EES0_ISt17_Rb_tree_iteratorIS3_EbEOT_
 *fill*         0x10004062        0x2 
 .text.attachInterrupt
                0x10004064       0x70 c:\Users\dell\Desktop\Projects\Robofest\Dev\Hardware_tests_pico\Encoders\build/core\core.a(wiring_private.cpp.o)
                0x10004064                attachInterrupt
 .text.startup._GLOBAL__sub_I_interrupts
                0x100040d4       0x74 c:\Users\dell\Desktop\Projects\Robofest\Dev\Hardware_tests_pico\Encoders\build/core\core.a(wiring_private.cpp.o)
 .text._ZL10timer_tasklPv
                0x10004148       0x18 c:\Users\dell\Desktop\Projects\Robofest\Dev\Hardware_tests_pico\Encoders\build/core\core.a(RP2040USB.cpp.o)
 .text._ZL7usb_irqv
                0x10004160       0x20 c:\Users\dell\Desktop\Projects\Robofest\Dev\Hardware_tests_pico\Encoders\build/core\core.a(RP2040USB.cpp.o)
 .text._ZL20update_us_since_bootP15absolute_time_ty.part.0
                0x10004180       0x1c c:\Users\dell\Desktop\Projects\Robofest\Dev\Hardware_tests_pico\Encoders\build/core\core.a(RP2040USB.cpp.o)
 .text.tud_descriptor_device_cb
                0x1000419c       0x84 c:\Users\dell\Desktop\Projects\Robofest\Dev\Hardware_tests_pico\Encoders\build/core\core.a(RP2040USB.cpp.o)
                0x1000419c                tud_descriptor_device_cb
 .text._Z20__SetupDescHIDReportv
                0x10004220      0x254 c:\Users\dell\Desktop\Projects\Robofest\Dev\Hardware_tests_pico\Encoders\build/core\core.a(RP2040USB.cpp.o)
                0x10004220                _Z20__SetupDescHIDReportv
 .text.tud_hid_descriptor_report_cb
                0x10004474        0xc c:\Users\dell\Desktop\Projects\Robofest\Dev\Hardware_tests_pico\Encoders\build/core\core.a(RP2040USB.cpp.o)
                0x10004474                tud_hid_descriptor_report_cb
 .text.tud_descriptor_configuration_cb
                0x10004480        0xc c:\Users\dell\Desktop\Projects\Robofest\Dev\Hardware_tests_pico\Encoders\build/core\core.a(RP2040USB.cpp.o)
                0x10004480                tud_descriptor_configuration_cb
 .text._Z20__SetupUSBDescriptorv
                0x1000448c      0x154 c:\Users\dell\Desktop\Projects\Robofest\Dev\Hardware_tests_pico\Encoders\build/core\core.a(RP2040USB.cpp.o)
                0x1000448c                _Z20__SetupUSBDescriptorv
 .text.tud_descriptor_string_cb
                0x100045e0       0x68 c:\Users\dell\Desktop\Projects\Robofest\Dev\Hardware_tests_pico\Encoders\build/core\core.a(RP2040USB.cpp.o)
                0x100045e0                tud_descriptor_string_cb
 .text._Z10__USBStartv
                0x10004648       0x7c c:\Users\dell\Desktop\Projects\Robofest\Dev\Hardware_tests_pico\Encoders\build/core\core.a(RP2040USB.cpp.o)
                0x10004648                _Z10__USBStartv
 .text.tud_hid_get_report_cb
                0x100046c4        0x4 c:\Users\dell\Desktop\Projects\Robofest\Dev\Hardware_tests_pico\Encoders\build/core\core.a(RP2040USB.cpp.o)
                0x100046c4                tud_hid_get_report_cb
 .text.tud_hid_set_report_cb
                0x100046c8        0x2 c:\Users\dell\Desktop\Projects\Robofest\Dev\Hardware_tests_pico\Encoders\build/core\core.a(RP2040USB.cpp.o)
                0x100046c8                tud_hid_set_report_cb
 *fill*         0x100046ca        0x2 
 .text.spin_locks_reset
                0x100046cc       0x1c C:\Users\dell\AppData\Local\Arduino15\packages\rp2040\hardware\rp2040\2.5.2/lib/libpico.a(sync.c.obj)
                0x100046cc                spin_locks_reset
 .text.next_striped_spin_lock_num
                0x100046e8       0x18 C:\Users\dell\AppData\Local\Arduino15\packages\rp2040\hardware\rp2040\2.5.2/lib/libpico.a(sync.c.obj)
                0x100046e8                next_striped_spin_lock_num
 .text.spin_lock_claim_unused
                0x10004700       0x1c C:\Users\dell\AppData\Local\Arduino15\packages\rp2040\hardware\rp2040\2.5.2/lib/libpico.a(sync.c.obj)
                0x10004700                spin_lock_claim_unused
 .text.gpio_set_function
                0x1000471c       0x2c C:\Users\dell\AppData\Local\Arduino15\packages\rp2040\hardware\rp2040\2.5.2/lib/libpico.a(gpio.c.obj)
                0x1000471c                gpio_set_function
 .text.gpio_set_pulls
                0x10004748       0x2c C:\Users\dell\AppData\Local\Arduino15\packages\rp2040\hardware\rp2040\2.5.2/lib/libpico.a(gpio.c.obj)
                0x10004748                gpio_set_pulls
 .text.gpio_set_drive_strength
                0x10004774       0x20 C:\Users\dell\AppData\Local\Arduino15\packages\rp2040\hardware\rp2040\2.5.2/lib/libpico.a(gpio.c.obj)
                0x10004774                gpio_set_drive_strength
 .text.gpio_set_irq_callback
                0x10004794       0x3c C:\Users\dell\AppData\Local\Arduino15\packages\rp2040\hardware\rp2040\2.5.2/lib/libpico.a(gpio.c.obj)
                0x10004794                gpio_set_irq_callback
 .text.gpio_acknowledge_irq
                0x100047d0       0x18 C:\Users\dell\AppData\Local\Arduino15\packages\rp2040\hardware\rp2040\2.5.2/lib/libpico.a(gpio.c.obj)
                0x100047d0                gpio_acknowledge_irq
 .text.gpio_set_irq_enabled
                0x100047e8       0x44 C:\Users\dell\AppData\Local\Arduino15\packages\rp2040\hardware\rp2040\2.5.2/lib/libpico.a(gpio.c.obj)
                0x100047e8                gpio_set_irq_enabled
 .text.gpio_set_irq_enabled_with_callback
                0x1000482c       0x1e C:\Users\dell\AppData\Local\Arduino15\packages\rp2040\hardware\rp2040\2.5.2/lib/libpico.a(gpio.c.obj)
                0x1000482c                gpio_set_irq_enabled_with_callback
 *fill*         0x1000484a        0x2 
 .text.gpio_default_irq_handler
                0x1000484c       0x8c C:\Users\dell\AppData\Local\Arduino15\packages\rp2040\hardware\rp2040\2.5.2/lib/libpico.a(gpio.c.obj)
 .text.gpio_init
                0x100048d8       0x16 C:\Users\dell\AppData\Local\Arduino15\packages\rp2040\hardware\rp2040\2.5.2/lib/libpico.a(gpio.c.obj)
                0x100048d8                gpio_init
 *fill*         0x100048ee        0x2 
 .text.set_raw_irq_handler_and_unlock
                0x100048f0       0x28 C:\Users\dell\AppData\Local\Arduino15\packages\rp2040\hardware\rp2040\2.5.2/lib/libpico.a(irq.c.obj)
 .text.irq_is_enabled
                0x10004918       0x18 C:\Users\dell\AppData\Local\Arduino15\packages\rp2040\hardware\rp2040\2.5.2/lib/libpico.a(irq.c.obj)
                0x10004918                irq_is_enabled
 .text.irq_set_mask_enabled
                0x10004930       0x20 C:\Users\dell\AppData\Local\Arduino15\packages\rp2040\hardware\rp2040\2.5.2/lib/libpico.a(irq.c.obj)
                0x10004930                irq_set_mask_enabled
 .text.irq_set_enabled
                0x10004950        0xe C:\Users\dell\AppData\Local\Arduino15\packages\rp2040\hardware\rp2040\2.5.2/lib/libpico.a(irq.c.obj)
                0x10004950                irq_set_enabled
 *fill*         0x1000495e        0x2 
 .text.irq_set_pending
                0x10004960       0x10 C:\Users\dell\AppData\Local\Arduino15\packages\rp2040\hardware\rp2040\2.5.2/lib/libpico.a(irq.c.obj)
                0x10004960                irq_set_pending
 .text.irq_get_vtable_handler
                0x10004970       0x10 C:\Users\dell\AppData\Local\Arduino15\packages\rp2040\hardware\rp2040\2.5.2/lib/libpico.a(irq.c.obj)
                0x10004970                irq_get_vtable_handler
 .text.irq_set_exclusive_handler
                0x10004980       0x40 C:\Users\dell\AppData\Local\Arduino15\packages\rp2040\hardware\rp2040\2.5.2/lib/libpico.a(irq.c.obj)
                0x10004980                irq_set_exclusive_handler
 .text.irq_add_shared_handler
                0x100049c0      0x1a0 C:\Users\dell\AppData\Local\Arduino15\packages\rp2040\hardware\rp2040\2.5.2/lib/libpico.a(irq.c.obj)
                0x100049c0                irq_add_shared_handler
 .text.irq_remove_handler
                0x10004b60      0x160 C:\Users\dell\AppData\Local\Arduino15\packages\rp2040\hardware\rp2040\2.5.2/lib/libpico.a(irq.c.obj)
                0x10004b60                irq_remove_handler
 .text.irq_add_tail_to_free_list
                0x10004cc0       0xa8 C:\Users\dell\AppData\Local\Arduino15\packages\rp2040\hardware\rp2040\2.5.2/lib/libpico.a(irq.c.obj)
                0x10004cc0                irq_add_tail_to_free_list
 .text.irq_init_priorities
                0x10004d68       0x24 C:\Users\dell\AppData\Local\Arduino15\packages\rp2040\hardware\rp2040\2.5.2/lib/libpico.a(irq.c.obj)
                0x10004d68                irq_init_priorities
 .text.user_irq_claim_unused
                0x10004d8c       0x2c C:\Users\dell\AppData\Local\Arduino15\packages\rp2040\hardware\rp2040\2.5.2/lib/libpico.a(irq.c.obj)
                0x10004d8c                user_irq_claim_unused
 .text.time_reached
                0x10004db8       0x28 C:\Users\dell\AppData\Local\Arduino15\packages\rp2040\hardware\rp2040\2.5.2/lib/libpico.a(time.c.obj)
 .text.timer_pool_entry_comparator
                0x10004de0       0x30 C:\Users\dell\AppData\Local\Arduino15\packages\rp2040\hardware\rp2040\2.5.2/lib/libpico.a(time.c.obj)
                0x10004de0                timer_pool_entry_comparator
 .text.alarm_pool_post_alloc_init
                0x10004e10       0x3c C:\Users\dell\AppData\Local\Arduino15\packages\rp2040\hardware\rp2040\2.5.2/lib/libpico.a(time.c.obj)
 .text.sleep_until_callback
                0x10004e4c       0x30 C:\Users\dell\AppData\Local\Arduino15\packages\rp2040\hardware\rp2040\2.5.2/lib/libpico.a(time.c.obj)
 .text.ph_add_child_node.isra.0
                0x10004e7c       0x22 C:\Users\dell\AppData\Local\Arduino15\packages\rp2040\hardware\rp2040\2.5.2/lib/libpico.a(time.c.obj)
 *fill*         0x10004e9e        0x2 
 .text.add_alarm_under_lock
                0x10004ea0       0xc8 C:\Users\dell\AppData\Local\Arduino15\packages\rp2040\hardware\rp2040\2.5.2/lib/libpico.a(time.c.obj)
 .text.alarm_pool_alarm_callback
                0x10004f68      0x188 C:\Users\dell\AppData\Local\Arduino15\packages\rp2040\hardware\rp2040\2.5.2/lib/libpico.a(time.c.obj)
 .text.alarm_pool_init_default
                0x100050f0       0x34 C:\Users\dell\AppData\Local\Arduino15\packages\rp2040\hardware\rp2040\2.5.2/lib/libpico.a(time.c.obj)
                0x100050f0                alarm_pool_init_default
 .text.alarm_pool_get_default
                0x10005124        0x8 C:\Users\dell\AppData\Local\Arduino15\packages\rp2040\hardware\rp2040\2.5.2/lib/libpico.a(time.c.obj)
                0x10005124                alarm_pool_get_default
 .text.alarm_pool_add_alarm_at
                0x1000512c       0xda C:\Users\dell\AppData\Local\Arduino15\packages\rp2040\hardware\rp2040\2.5.2/lib/libpico.a(time.c.obj)
                0x1000512c                alarm_pool_add_alarm_at
 .text.alarm_pool_cancel_alarm
                0x10005206       0x66 C:\Users\dell\AppData\Local\Arduino15\packages\rp2040\hardware\rp2040\2.5.2/lib/libpico.a(time.c.obj)
                0x10005206                alarm_pool_cancel_alarm
 .text.sleep_until
                0x1000526c       0x98 C:\Users\dell\AppData\Local\Arduino15\packages\rp2040\hardware\rp2040\2.5.2/lib/libpico.a(time.c.obj)
                0x1000526c                sleep_until
 .text.sleep_us
                0x10005304       0x2c C:\Users\dell\AppData\Local\Arduino15\packages\rp2040\hardware\rp2040\2.5.2/lib/libpico.a(time.c.obj)
                0x10005304                sleep_us
 .text.sleep_ms
                0x10005330       0x14 C:\Users\dell\AppData\Local\Arduino15\packages\rp2040\hardware\rp2040\2.5.2/lib/libpico.a(time.c.obj)
                0x10005330                sleep_ms
 .text.best_effort_wfe_or_timeout
                0x10005344       0x40 C:\Users\dell\AppData\Local\Arduino15\packages\rp2040\hardware\rp2040\2.5.2/lib/libpico.a(time.c.obj)
                0x10005344                best_effort_wfe_or_timeout
 .text.hardware_alarm_irq_handler
                0x10005384       0x90 C:\Users\dell\AppData\Local\Arduino15\packages\rp2040\hardware\rp2040\2.5.2/lib/libpico.a(timer.c.obj)
 .text.hardware_alarm_claim
                0x10005414       0x18 C:\Users\dell\AppData\Local\Arduino15\packages\rp2040\hardware\rp2040\2.5.2/lib/libpico.a(timer.c.obj)
                0x10005414                hardware_alarm_claim
 .text.time_us_64
                0x1000542c       0x14 C:\Users\dell\AppData\Local\Arduino15\packages\rp2040\hardware\rp2040\2.5.2/lib/libpico.a(timer.c.obj)
                0x1000542c                time_us_64
 .text.busy_wait_until
                0x10005440       0x1c C:\Users\dell\AppData\Local\Arduino15\packages\rp2040\hardware\rp2040\2.5.2/lib/libpico.a(timer.c.obj)
                0x10005440                busy_wait_until
 .text.hardware_alarm_set_callback
                0x1000545c       0x94 C:\Users\dell\AppData\Local\Arduino15\packages\rp2040\hardware\rp2040\2.5.2/lib/libpico.a(timer.c.obj)
                0x1000545c                hardware_alarm_set_callback
 .text.hardware_alarm_set_target
                0x100054f0       0xbc C:\Users\dell\AppData\Local\Arduino15\packages\rp2040\hardware\rp2040\2.5.2/lib/libpico.a(timer.c.obj)
                0x100054f0                hardware_alarm_set_target
 .text.hardware_alarm_cancel
                0x100055ac       0x40 C:\Users\dell\AppData\Local\Arduino15\packages\rp2040\hardware\rp2040\2.5.2/lib/libpico.a(timer.c.obj)
                0x100055ac                hardware_alarm_cancel
 .text.ph_add_child_node.isra.0
                0x100055ec       0x22 C:\Users\dell\AppData\Local\Arduino15\packages\rp2040\hardware\rp2040\2.5.2/lib/libpico.a(pheap.c.obj)
 .text.ph_merge_nodes
                0x1000560e       0x36 C:\Users\dell\AppData\Local\Arduino15\packages\rp2040\hardware\rp2040\2.5.2/lib/libpico.a(pheap.c.obj)
 .text.ph_clear
                0x10005644       0x34 C:\Users\dell\AppData\Local\Arduino15\packages\rp2040\hardware\rp2040\2.5.2/lib/libpico.a(pheap.c.obj)
                0x10005644                ph_clear
 .text.ph_post_alloc_init
                0x10005678        0xe C:\Users\dell\AppData\Local\Arduino15\packages\rp2040\hardware\rp2040\2.5.2/lib/libpico.a(pheap.c.obj)
                0x10005678                ph_post_alloc_init
 .text.ph_merge_two_pass
                0x10005686       0x48 C:\Users\dell\AppData\Local\Arduino15\packages\rp2040\hardware\rp2040\2.5.2/lib/libpico.a(pheap.c.obj)
                0x10005686                ph_merge_two_pass
 .text.ph_remove_any_head
                0x100056ce       0x4a C:\Users\dell\AppData\Local\Arduino15\packages\rp2040\hardware\rp2040\2.5.2/lib/libpico.a(pheap.c.obj)
 .text.ph_remove_head
                0x10005718       0x14 C:\Users\dell\AppData\Local\Arduino15\packages\rp2040\hardware\rp2040\2.5.2/lib/libpico.a(pheap.c.obj)
                0x10005718                ph_remove_head
 .text.ph_remove_and_free_node
                0x1000572c       0x6e C:\Users\dell\AppData\Local\Arduino15\packages\rp2040\hardware\rp2040\2.5.2/lib/libpico.a(pheap.c.obj)
                0x1000572c                ph_remove_and_free_node
 .text.queue_init_with_spinlock
                0x1000579a       0x22 C:\Users\dell\AppData\Local\Arduino15\packages\rp2040\hardware\rp2040\2.5.2/lib/libpico.a(queue.c.obj)
                0x1000579a                queue_init_with_spinlock
 .text.mutex_init
                0x100057bc       0x1a C:\Users\dell\AppData\Local\Arduino15\packages\rp2040\hardware\rp2040\2.5.2/lib/libpico.a(mutex.c.obj)
                0x100057bc                mutex_init
 .text.recursive_mutex_init
                0x100057d6       0x1a C:\Users\dell\AppData\Local\Arduino15\packages\rp2040\hardware\rp2040\2.5.2/lib/libpico.a(mutex.c.obj)
                0x100057d6                recursive_mutex_init
 .text.exception_get_vtable_handler
                0x100057f0       0x10 C:\Users\dell\AppData\Local\Arduino15\packages\rp2040\hardware\rp2040\2.5.2/lib/libpico.a(exception.c.obj)
                0x100057f0                exception_get_vtable_handler
 .text.exception_set_exclusive_handler
                0x10005800       0x48 C:\Users\dell\AppData\Local\Arduino15\packages\rp2040\hardware\rp2040\2.5.2/lib/libpico.a(exception.c.obj)
                0x10005800                exception_set_exclusive_handler
 .text.rom_func_lookup
                0x10005848       0x10 C:\Users\dell\AppData\Local\Arduino15\packages\rp2040\hardware\rp2040\2.5.2/lib/libpico.a(bootrom.c.obj)
                0x10005848                rom_func_lookup
 .text.rom_data_lookup
                0x10005858       0x10 C:\Users\dell\AppData\Local\Arduino15\packages\rp2040\hardware\rp2040\2.5.2/lib/libpico.a(bootrom.c.obj)
                0x10005858                rom_data_lookup
 .text.rom_funcs_lookup
                0x10005868       0x26 C:\Users\dell\AppData\Local\Arduino15\packages\rp2040\hardware\rp2040\2.5.2/lib/libpico.a(bootrom.c.obj)
                0x10005868                rom_funcs_lookup
 *fill*         0x1000588e        0x2 
 .text._pio_find_offset_for_program.isra.0
                0x10005890       0x48 C:\Users\dell\AppData\Local\Arduino15\packages\rp2040\hardware\rp2040\2.5.2/lib/libpico.a(pio.c.obj)
 .text._pio_add_program_at_offset
                0x100058d8       0x80 C:\Users\dell\AppData\Local\Arduino15\packages\rp2040\hardware\rp2040\2.5.2/lib/libpico.a(pio.c.obj)
 .text.pio_claim_unused_sm
                0x10005958       0x34 C:\Users\dell\AppData\Local\Arduino15\packages\rp2040\hardware\rp2040\2.5.2/lib/libpico.a(pio.c.obj)
                0x10005958                pio_claim_unused_sm
 .text.pio_can_add_program
                0x1000598c       0x2a C:\Users\dell\AppData\Local\Arduino15\packages\rp2040\hardware\rp2040\2.5.2/lib/libpico.a(pio.c.obj)
                0x1000598c                pio_can_add_program
 *fill*         0x100059b6        0x2 
 .text.pio_add_program
                0x100059b8       0x3c C:\Users\dell\AppData\Local\Arduino15\packages\rp2040\hardware\rp2040\2.5.2/lib/libpico.a(pio.c.obj)
                0x100059b8                pio_add_program
 .text.pio_sm_init
                0x100059f4       0x88 C:\Users\dell\AppData\Local\Arduino15\packages\rp2040\hardware\rp2040\2.5.2/lib/libpico.a(pio.c.obj)
                0x100059f4                pio_sm_init
 .text          0x10005a7c       0x10 C:\Users\dell\AppData\Local\Arduino15\packages\rp2040\hardware\rp2040\2.5.2/lib/libpico.a(bit_ops_aeabi.S.obj)
 .text.startup._retrieve_unique_id_on_boot
                0x10005a8c       0x10 C:\Users\dell\AppData\Local\Arduino15\packages\rp2040\hardware\rp2040\2.5.2/lib/libpico.a(unique_id.c.obj)
 .text.pico_get_unique_board_id_string
                0x10005a9c       0x44 C:\Users\dell\AppData\Local\Arduino15\packages\rp2040\hardware\rp2040\2.5.2/lib/libpico.a(unique_id.c.obj)
                0x10005a9c                pico_get_unique_board_id_string
 .text.set_sys_clock_pll
                0x10005ae0       0x78 C:\Users\dell\AppData\Local\Arduino15\packages\rp2040\hardware\rp2040\2.5.2/lib/libpico.a(stdlib.c.obj)
                0x10005ae0                set_sys_clock_pll
 .text.check_sys_clock_khz
                0x10005b58       0x8c C:\Users\dell\AppData\Local\Arduino15\packages\rp2040\hardware\rp2040\2.5.2/lib/libpico.a(stdlib.c.obj)
                0x10005b58                check_sys_clock_khz
 .text.runtime_init
                0x10005be4       0xcc C:\Users\dell\AppData\Local\Arduino15\packages\rp2040\hardware\rp2040\2.5.2/lib/libpico.a(runtime.c.obj)
                0x10005be4                runtime_init
 .text._exit    0x10005cb0        0x4 C:\Users\dell\AppData\Local\Arduino15\packages\rp2040\hardware\rp2040\2.5.2/lib/libpico.a(runtime.c.obj)
                0x10005cb0                _exit
 .text._sbrk    0x10005cb4       0x30 C:\Users\dell\AppData\Local\Arduino15\packages\rp2040\hardware\rp2040\2.5.2/lib/libpico.a(runtime.c.obj)
                0x10005cb4                _sbrk
 .text.exit     0x10005ce4        0x4 C:\Users\dell\AppData\Local\Arduino15\packages\rp2040\hardware\rp2040\2.5.2/lib/libpico.a(runtime.c.obj)
                0x10005ce4                exit
 .text.__assert_func
                0x10005ce8       0x30 C:\Users\dell\AppData\Local\Arduino15\packages\rp2040\hardware\rp2040\2.5.2/lib/libpico.a(runtime.c.obj)
                0x10005ce8                __assert_func
 .text.panic    0x10005d18       0x2c C:\Users\dell\AppData\Local\Arduino15\packages\rp2040\hardware\rp2040\2.5.2/lib/libpico.a(runtime.c.obj)
                0x10005d18                panic
 .text.hard_assertion_failure
                0x10005d44        0xc C:\Users\dell\AppData\Local\Arduino15\packages\rp2040\hardware\rp2040\2.5.2/lib/libpico.a(runtime.c.obj)
                0x10005d44                hard_assertion_failure
 .text.__wrap___aeabi_idiv
                0x10005d50       0x50 C:\Users\dell\AppData\Local\Arduino15\packages\rp2040\hardware\rp2040\2.5.2/lib/libpico.a(divider.S.obj)
                0x10005d50                __wrap___aeabi_idivmod
                0x10005d50                divmod_s32s32
                0x10005d50                div_s32s32
                0x10005d50                __wrap___aeabi_idiv
                0x10005d58                divmod_s32s32_unsafe
                0x10005d84                divmod_s32s32_savestate
 .text.__wrap___aeabi_uidiv
                0x10005da0       0x4c C:\Users\dell\AppData\Local\Arduino15\packages\rp2040\hardware\rp2040\2.5.2/lib/libpico.a(divider.S.obj)
                0x10005da0                __wrap___aeabi_uidiv
                0x10005da0                __wrap___aeabi_uidivmod
                0x10005da0                div_u32u32
                0x10005da0                divmod_u32u32
                0x10005da8                divmod_u32u32_unsafe
                0x10005dd0                divmod_u32u32_savestate
 .text.__wrap___aeabi_ldiv
                0x10005dec      0x434 C:\Users\dell\AppData\Local\Arduino15\packages\rp2040\hardware\rp2040\2.5.2/lib/libpico.a(divider.S.obj)
                0x10005dec                div_s64s64
                0x10005dec                divmod_s64s64
                0x10005dec                __wrap___aeabi_ldivmod
                0x10005e24                divmod_u64u64
                0x10005e24                div_u64u64
                0x10005e24                __wrap___aeabi_uldivmod
                0x10005e34                divmod_u64u64_savestate
                0x10005e5c                divmod_s64s64_unsafe
                0x10005ee4                divmod_u64u64_unsafe
 .text.__wrap___aeabi_darithmetic
                0x10006220       0x80 C:\Users\dell\AppData\Local\Arduino15\packages\rp2040\hardware\rp2040\2.5.2/lib/libpico.a(double_aeabi.S.obj)
                0x10006220                __wrap___aeabi_drsub
                0x10006226                __wrap___aeabi_dsub
                0x10006238                __wrap___aeabi_dadd
                0x1000624a                __wrap___aeabi_ddiv
                0x10006286                __wrap___aeabi_dmul
 .text.__wrap___aeabi_cdcmple
                0x100062a0       0x6c C:\Users\dell\AppData\Local\Arduino15\packages\rp2040\hardware\rp2040\2.5.2/lib/libpico.a(double_aeabi.S.obj)
                0x100062a0                __wrap___aeabi_cdrcmple
                0x100062b0                __wrap___aeabi_cdcmpeq
                0x100062b0                __wrap___aeabi_cdcmple
 .text.__wrap___aeabi_dcmpeq
                0x1000630c       0x10 C:\Users\dell\AppData\Local\Arduino15\packages\rp2040\hardware\rp2040\2.5.2/lib/libpico.a(double_aeabi.S.obj)
                0x1000630c                __wrap___aeabi_dcmpeq
 .text.__wrap___aeabi_dcmplt
                0x1000631c        0xc C:\Users\dell\AppData\Local\Arduino15\packages\rp2040\hardware\rp2040\2.5.2/lib/libpico.a(double_aeabi.S.obj)
                0x1000631c                __wrap___aeabi_dcmplt
 .text.__wrap___aeabi_dcmple
                0x10006328       0x10 C:\Users\dell\AppData\Local\Arduino15\packages\rp2040\hardware\rp2040\2.5.2/lib/libpico.a(double_aeabi.S.obj)
                0x10006328                __wrap___aeabi_dcmple
 .text.__wrap___aeabi_dcmpge
                0x10006338       0x10 C:\Users\dell\AppData\Local\Arduino15\packages\rp2040\hardware\rp2040\2.5.2/lib/libpico.a(double_aeabi.S.obj)
                0x10006338                __wrap___aeabi_dcmpge
 .text.__wrap___aeabi_dcmpgt
                0x10006348        0xa C:\Users\dell\AppData\Local\Arduino15\packages\rp2040\hardware\rp2040\2.5.2/lib/libpico.a(double_aeabi.S.obj)
                0x10006348                __wrap___aeabi_dcmpgt
 .text.__wrap___aeabi_dcmpun
                0x10006352       0x1c C:\Users\dell\AppData\Local\Arduino15\packages\rp2040\hardware\rp2040\2.5.2/lib/libpico.a(double_aeabi.S.obj)
                0x10006352                __wrap___aeabi_dcmpun
 *fill*         0x1000636e        0x2 
 .text.__wrap___aeabi_i2d
                0x10006370       0x38 C:\Users\dell\AppData\Local\Arduino15\packages\rp2040\hardware\rp2040\2.5.2/lib/libpico.a(double_aeabi.S.obj)
                0x10006370                __wrap___aeabi_ui2d
                0x10006378                __wrap___aeabi_i2d
 .text.__wrap___aeabi_d2iz
                0x100063a8       0x48 C:\Users\dell\AppData\Local\Arduino15\packages\rp2040\hardware\rp2040\2.5.2/lib/libpico.a(double_aeabi.S.obj)
                0x100063a8                double2int_z
                0x100063a8                __wrap___aeabi_d2iz
 .text.__wrap___aeabi_d2uiz
                0x100063f0       0x18 C:\Users\dell\AppData\Local\Arduino15\packages\rp2040\hardware\rp2040\2.5.2/lib/libpico.a(double_aeabi.S.obj)
                0x100063f0                __wrap___aeabi_d2uiz
                0x100063f0                double2uint
 .text.__wrap___aeabi_l2d
                0x10006408       0x18 C:\Users\dell\AppData\Local\Arduino15\packages\rp2040\hardware\rp2040\2.5.2/lib/libpico.a(double_aeabi.S.obj)
                0x10006408                __wrap___aeabi_l2d
 .text.__wrap___aeabi_d2lz
                0x10006420       0x26 C:\Users\dell\AppData\Local\Arduino15\packages\rp2040\hardware\rp2040\2.5.2/lib/libpico.a(double_aeabi.S.obj)
                0x10006420                double2int64_z
                0x10006420                __wrap___aeabi_d2lz
 *fill*         0x10006446        0x2 
 .text.double2int64
                0x10006448       0x18 C:\Users\dell\AppData\Local\Arduino15\packages\rp2040\hardware\rp2040\2.5.2/lib/libpico.a(double_aeabi.S.obj)
                0x10006448                double2int64
 .text.double2ufix64
                0x10006460       0x18 C:\Users\dell\AppData\Local\Arduino15\packages\rp2040\hardware\rp2040\2.5.2/lib/libpico.a(double_aeabi.S.obj)
                0x10006460                double2ufix64
 .text.__wrap___aeabi_d2f
                0x10006478       0x18 C:\Users\dell\AppData\Local\Arduino15\packages\rp2040\hardware\rp2040\2.5.2/lib/libpico.a(double_aeabi.S.obj)
                0x10006478                __wrap___aeabi_d2f
 .text.__aeabi_double_init
                0x10006490       0x58 C:\Users\dell\AppData\Local\Arduino15\packages\rp2040\hardware\rp2040\2.5.2/lib/libpico.a(double_init_rom.c.obj)
                0x10006490                __aeabi_double_init
 .text.double_table_shim_on_use_helper
                0x100064e8       0x2c C:\Users\dell\AppData\Local\Arduino15\packages\rp2040\hardware\rp2040\2.5.2/lib/libpico.a(double_v1_rom_shim.S.obj)
                0x100064e8                double_table_shim_on_use_helper
 .text.__wrap___aeabi_dsub
                0x10006514       0x10 C:\Users\dell\AppData\Local\Arduino15\packages\rp2040\hardware\rp2040\2.5.2/lib/libpico.a(double_v1_rom_shim.S.obj)
                0x10006514                drsub_shim
                0x1000651a                dsub_shim
 .text.dadd_shim
                0x10006524      0x15c C:\Users\dell\AppData\Local\Arduino15\packages\rp2040\hardware\rp2040\2.5.2/lib/libpico.a(double_v1_rom_shim.S.obj)
                0x10006524                dadd_shim
 .text.dmul_shim
                0x10006680      0x15c C:\Users\dell\AppData\Local\Arduino15\packages\rp2040\hardware\rp2040\2.5.2/lib/libpico.a(double_v1_rom_shim.S.obj)
                0x10006680                dmul_shim
 .text.ddiv_shim
                0x100067dc      0x1b0 C:\Users\dell\AppData\Local\Arduino15\packages\rp2040\hardware\rp2040\2.5.2/lib/libpico.a(double_v1_rom_shim.S.obj)
                0x100067dc                ddiv_shim
 .text.double2uint_shim
                0x1000698c        0xe C:\Users\dell\AppData\Local\Arduino15\packages\rp2040\hardware\rp2040\2.5.2/lib/libpico.a(double_v1_rom_shim.S.obj)
                0x1000698c                double2uint_shim
                0x1000698e                double2ufix_shim
 .text.double2int64_shim
                0x1000699a       0x1a C:\Users\dell\AppData\Local\Arduino15\packages\rp2040\hardware\rp2040\2.5.2/lib/libpico.a(double_v1_rom_shim.S.obj)
                0x1000699a                double2int64_shim
                0x1000699c                double2fix64_shim
 .text.double2uint64_shim
                0x100069b4       0x70 C:\Users\dell\AppData\Local\Arduino15\packages\rp2040\hardware\rp2040\2.5.2/lib/libpico.a(double_v1_rom_shim.S.obj)
                0x100069b4                double2uint64_shim
                0x100069b6                double2ufix64_shim
                0x100069d6                d2fix_a
 .text.double2float_shim
                0x10006a24       0x5c C:\Users\dell\AppData\Local\Arduino15\packages\rp2040\hardware\rp2040\2.5.2/lib/libpico.a(double_v1_rom_shim.S.obj)
                0x10006a24                double2float_shim
 .text.x2double_shims
                0x10006a80       0x90 C:\Users\dell\AppData\Local\Arduino15\packages\rp2040\hardware\rp2040\2.5.2/lib/libpico.a(double_v1_rom_shim.S.obj)
                0x10006a80                uint2double_shim
                0x10006a82                ufix2double_shim
                0x10006a88                int2double_shim
                0x10006a8a                fix2double_shim
                0x10006a90                uint642double_shim
                0x10006a92                ufix642double_shim
                0x10006a98                int642double_shim
                0x10006a9a                fix642double_shim
 .text.dunpacks
                0x10006b10       0x3c C:\Users\dell\AppData\Local\Arduino15\packages\rp2040\hardware\rp2040\2.5.2/lib/libpico.a(double_v1_rom_shim.S.obj)
                0x10006b10                dunpacks
 .text.__aeabi_lmul
                0x10006b4c       0x32 C:\Users\dell\AppData\Local\Arduino15\packages\rp2040\hardware\rp2040\2.5.2/lib/libpico.a(pico_int64_ops_aeabi.S.obj)
                0x10006b4c                __wrap___aeabi_lmul
 *fill*         0x10006b7e        0x2 
 .text.__wrap___aeabi_farithmetic
                0x10006b80       0x48 C:\Users\dell\AppData\Local\Arduino15\packages\rp2040\hardware\rp2040\2.5.2/lib/libpico.a(float_aeabi.S.obj)
                0x10006b80                __wrap___aeabi_frsub
                0x10006b86                __wrap___aeabi_fsub
                0x10006b8c                __wrap___aeabi_fadd
                0x10006b92                __wrap___aeabi_fdiv
                0x10006bba                __wrap___aeabi_fmul
 .text.__wrap___aeabi_cfcmple
                0x10006bc8       0x50 C:\Users\dell\AppData\Local\Arduino15\packages\rp2040\hardware\rp2040\2.5.2/lib/libpico.a(float_aeabi.S.obj)
                0x10006bc8                __wrap___aeabi_cfrcmple
                0x10006bd4                __wrap___aeabi_cfcmple
                0x10006bd4                __wrap___aeabi_cfcmpeq
 .text.__wrap___aeabi_fcmplt
                0x10006c18        0xc C:\Users\dell\AppData\Local\Arduino15\packages\rp2040\hardware\rp2040\2.5.2/lib/libpico.a(float_aeabi.S.obj)
                0x10006c18                __wrap___aeabi_fcmplt
 .text.__wrap___aeabi_fcmple
                0x10006c24       0x10 C:\Users\dell\AppData\Local\Arduino15\packages\rp2040\hardware\rp2040\2.5.2/lib/libpico.a(float_aeabi.S.obj)
                0x10006c24                __wrap___aeabi_fcmple
 .text.__wrap___aeabi_fcmpun
                0x10006c34       0x18 C:\Users\dell\AppData\Local\Arduino15\packages\rp2040\hardware\rp2040\2.5.2/lib/libpico.a(float_aeabi.S.obj)
                0x10006c34                __wrap___aeabi_fcmpun
 .text.__wrap___aeabi_i2f
                0x10006c4c       0x44 C:\Users\dell\AppData\Local\Arduino15\packages\rp2040\hardware\rp2040\2.5.2/lib/libpico.a(float_aeabi.S.obj)
                0x10006c4c                __wrap___aeabi_i2f
 .text.__aeabi_float_init
                0x10006c90       0x5c C:\Users\dell\AppData\Local\Arduino15\packages\rp2040\hardware\rp2040\2.5.2/lib/libpico.a(float_init_rom.c.obj)
                0x10006c90                __aeabi_float_init
 .text.float_table_shim_on_use_helper
                0x10006cec       0x2c C:\Users\dell\AppData\Local\Arduino15\packages\rp2040\hardware\rp2040\2.5.2/lib/libpico.a(float_v1_rom_shim.S.obj)
                0x10006cec                float_table_shim_on_use_helper
 .text          0x10006d18       0x10 C:\Users\dell\AppData\Local\Arduino15\packages\rp2040\hardware\rp2040\2.5.2/lib/libpico.a(mem_ops_aeabi.S.obj)
                0x10006d18                __aeabi_mem_init
 .text.memset   0x10006d28        0xc C:\Users\dell\AppData\Local\Arduino15\packages\rp2040\hardware\rp2040\2.5.2/lib/libpico.a(mem_ops_aeabi.S.obj)
                0x10006d28                __wrap_memset
 .text.memcpy   0x10006d34        0xc C:\Users\dell\AppData\Local\Arduino15\packages\rp2040\hardware\rp2040\2.5.2/lib/libpico.a(mem_ops_aeabi.S.obj)
                0x10006d34                __wrap_memcpy
                0x10006d34                __wrap___aeabi_memcpy
 .text._Znwj    0x10006d40        0x8 C:\Users\dell\AppData\Local\Arduino15\packages\rp2040\hardware\rp2040\2.5.2/lib/libpico.a(new_delete.cpp.obj)
                0x10006d40                _Znwj
 .text._ZdlPvj  0x10006d48        0x8 C:\Users\dell\AppData\Local\Arduino15\packages\rp2040\hardware\rp2040\2.5.2/lib/libpico.a(new_delete.cpp.obj)
                0x10006d48                _ZdlPvj
 .text.multicore_fifo_pop_blocking_inline
                0x10006d50       0x14 C:\Users\dell\AppData\Local\Arduino15\packages\rp2040\hardware\rp2040\2.5.2/lib/libpico.a(multicore.c.obj)
 .text.core1_trampoline
                0x10006d64        0x2 C:\Users\dell\AppData\Local\Arduino15\packages\rp2040\hardware\rp2040\2.5.2/lib/libpico.a(multicore.c.obj)
 .text.core1_wrapper
                0x10006d66        0xc C:\Users\dell\AppData\Local\Arduino15\packages\rp2040\hardware\rp2040\2.5.2/lib/libpico.a(multicore.c.obj)
                0x10006d66                core1_wrapper
 .text.multicore_fifo_push_blocking_inline
                0x10006d72       0x12 C:\Users\dell\AppData\Local\Arduino15\packages\rp2040\hardware\rp2040\2.5.2/lib/libpico.a(multicore.c.obj)
 .text.multicore_fifo_pop_blocking
                0x10006d84        0x8 C:\Users\dell\AppData\Local\Arduino15\packages\rp2040\hardware\rp2040\2.5.2/lib/libpico.a(multicore.c.obj)
                0x10006d84                multicore_fifo_pop_blocking
 .text.multicore_launch_core1_raw
                0x10006d8c       0x6a C:\Users\dell\AppData\Local\Arduino15\packages\rp2040\hardware\rp2040\2.5.2/lib/libpico.a(multicore.c.obj)
                0x10006d8c                multicore_launch_core1_raw
 *fill*         0x10006df6        0x2 
 .text.multicore_launch_core1_with_stack
                0x10006df8       0x34 C:\Users\dell\AppData\Local\Arduino15\packages\rp2040\hardware\rp2040\2.5.2/lib/libpico.a(multicore.c.obj)
                0x10006df8                multicore_launch_core1_with_stack
 .text.multicore_launch_core1
                0x10006e2c       0x20 C:\Users\dell\AppData\Local\Arduino15\packages\rp2040\hardware\rp2040\2.5.2/lib/libpico.a(multicore.c.obj)
                0x10006e2c                multicore_launch_core1
 .text.get_driver
                0x10006e4c       0x40 C:\Users\dell\AppData\Local\Arduino15\packages\rp2040\hardware\rp2040\2.5.2/lib/libpico.a(usbd.c.obj)
 .text.configuration_reset
                0x10006e8c       0x4c C:\Users\dell\AppData\Local\Arduino15\packages\rp2040\hardware\rp2040\2.5.2/lib/libpico.a(usbd.c.obj)
 .text.invoke_class_control
                0x10006ed8       0x1a C:\Users\dell\AppData\Local\Arduino15\packages\rp2040\hardware\rp2040\2.5.2/lib/libpico.a(usbd.c.obj)
 .text.osal_queue_send.constprop.0.isra.0
                0x10006ef2       0x30 C:\Users\dell\AppData\Local\Arduino15\packages\rp2040\hardware\rp2040\2.5.2/lib/libpico.a(usbd.c.obj)
 *fill*         0x10006f22        0x2 
 .text.tud_mounted
                0x10006f24       0x10 C:\Users\dell\AppData\Local\Arduino15\packages\rp2040\hardware\rp2040\2.5.2/lib/libpico.a(usbd.c.obj)
                0x10006f24                tud_mounted
 .text.tud_suspended
                0x10006f34       0x10 C:\Users\dell\AppData\Local\Arduino15\packages\rp2040\hardware\rp2040\2.5.2/lib/libpico.a(usbd.c.obj)
                0x10006f34                tud_suspended
 .text.tud_inited
                0x10006f44        0xc C:\Users\dell\AppData\Local\Arduino15\packages\rp2040\hardware\rp2040\2.5.2/lib/libpico.a(usbd.c.obj)
                0x10006f44                tud_inited
 .text.tud_init
                0x10006f50       0x98 C:\Users\dell\AppData\Local\Arduino15\packages\rp2040\hardware\rp2040\2.5.2/lib/libpico.a(usbd.c.obj)
                0x10006f50                tud_init
 .text.dcd_event_handler
                0x10006fe8       0x7c C:\Users\dell\AppData\Local\Arduino15\packages\rp2040\hardware\rp2040\2.5.2/lib/libpico.a(usbd.c.obj)
                0x10006fe8                dcd_event_handler
 .text.dcd_event_bus_signal
                0x10007064       0x22 C:\Users\dell\AppData\Local\Arduino15\packages\rp2040\hardware\rp2040\2.5.2/lib/libpico.a(usbd.c.obj)
                0x10007064                dcd_event_bus_signal
 .text.dcd_event_bus_reset
                0x10007086       0x2a C:\Users\dell\AppData\Local\Arduino15\packages\rp2040\hardware\rp2040\2.5.2/lib/libpico.a(usbd.c.obj)
                0x10007086                dcd_event_bus_reset
 .text.dcd_event_setup_received
                0x100070b0       0x26 C:\Users\dell\AppData\Local\Arduino15\packages\rp2040\hardware\rp2040\2.5.2/lib/libpico.a(usbd.c.obj)
                0x100070b0                dcd_event_setup_received
 .text.dcd_event_xfer_complete
                0x100070d6       0x38 C:\Users\dell\AppData\Local\Arduino15\packages\rp2040\hardware\rp2040\2.5.2/lib/libpico.a(usbd.c.obj)
                0x100070d6                dcd_event_xfer_complete
 *fill*         0x1000710e        0x2 
 .text.usbd_edpt_open
                0x10007110       0x30 C:\Users\dell\AppData\Local\Arduino15\packages\rp2040\hardware\rp2040\2.5.2/lib/libpico.a(usbd.c.obj)
                0x10007110                usbd_edpt_open
 .text.usbd_open_edpt_pair
                0x10007140       0x4e C:\Users\dell\AppData\Local\Arduino15\packages\rp2040\hardware\rp2040\2.5.2/lib/libpico.a(usbd.c.obj)
                0x10007140                usbd_open_edpt_pair
 *fill*         0x1000718e        0x2 
 .text.usbd_edpt_claim
                0x10007190       0x68 C:\Users\dell\AppData\Local\Arduino15\packages\rp2040\hardware\rp2040\2.5.2/lib/libpico.a(usbd.c.obj)
                0x10007190                usbd_edpt_claim
 .text.usbd_edpt_release
                0x100071f8       0x4c C:\Users\dell\AppData\Local\Arduino15\packages\rp2040\hardware\rp2040\2.5.2/lib/libpico.a(usbd.c.obj)
                0x100071f8                usbd_edpt_release
 .text.usbd_edpt_xfer
                0x10007244       0x44 C:\Users\dell\AppData\Local\Arduino15\packages\rp2040\hardware\rp2040\2.5.2/lib/libpico.a(usbd.c.obj)
                0x10007244                usbd_edpt_xfer
 .text.usbd_edpt_stall
                0x10007288       0x34 C:\Users\dell\AppData\Local\Arduino15\packages\rp2040\hardware\rp2040\2.5.2/lib/libpico.a(usbd.c.obj)
                0x10007288                usbd_edpt_stall
 .text.usbd_edpt_clear_stall
                0x100072bc       0x34 C:\Users\dell\AppData\Local\Arduino15\packages\rp2040\hardware\rp2040\2.5.2/lib/libpico.a(usbd.c.obj)
                0x100072bc                usbd_edpt_clear_stall
 .text.usbd_edpt_stalled
                0x100072f0       0x1c C:\Users\dell\AppData\Local\Arduino15\packages\rp2040\hardware\rp2040\2.5.2/lib/libpico.a(usbd.c.obj)
                0x100072f0                usbd_edpt_stalled
 .text.tud_task
                0x1000730c      0x558 C:\Users\dell\AppData\Local\Arduino15\packages\rp2040\hardware\rp2040\2.5.2/lib/libpico.a(usbd.c.obj)
                0x1000730c                tud_task
 .text._data_stage_xact
                0x10007864       0x58 C:\Users\dell\AppData\Local\Arduino15\packages\rp2040\hardware\rp2040\2.5.2/lib/libpico.a(usbd_control.c.obj)
 .text._status_stage_xact.isra.0
                0x100078bc       0x14 C:\Users\dell\AppData\Local\Arduino15\packages\rp2040\hardware\rp2040\2.5.2/lib/libpico.a(usbd_control.c.obj)
 .text.tud_control_status
                0x100078d0       0x24 C:\Users\dell\AppData\Local\Arduino15\packages\rp2040\hardware\rp2040\2.5.2/lib/libpico.a(usbd_control.c.obj)
                0x100078d0                tud_control_status
 .text.tud_control_xfer
                0x100078f4       0x54 C:\Users\dell\AppData\Local\Arduino15\packages\rp2040\hardware\rp2040\2.5.2/lib/libpico.a(usbd_control.c.obj)
                0x100078f4                tud_control_xfer
 .text.usbd_control_reset
                0x10007948       0x14 C:\Users\dell\AppData\Local\Arduino15\packages\rp2040\hardware\rp2040\2.5.2/lib/libpico.a(usbd_control.c.obj)
                0x10007948                usbd_control_reset
 .text.usbd_control_set_complete_callback
                0x1000795c        0xc C:\Users\dell\AppData\Local\Arduino15\packages\rp2040\hardware\rp2040\2.5.2/lib/libpico.a(usbd_control.c.obj)
                0x1000795c                usbd_control_set_complete_callback
 .text.usbd_control_set_request
                0x10007968       0x1c C:\Users\dell\AppData\Local\Arduino15\packages\rp2040\hardware\rp2040\2.5.2/lib/libpico.a(usbd_control.c.obj)
                0x10007968                usbd_control_set_request
 .text.usbd_control_xfer_cb
                0x10007984       0xa4 C:\Users\dell\AppData\Local\Arduino15\packages\rp2040\hardware\rp2040\2.5.2/lib/libpico.a(usbd_control.c.obj)
                0x10007984                usbd_control_xfer_cb
 .text._prep_out_transaction
                0x10007a28       0x42 C:\Users\dell\AppData\Local\Arduino15\packages\rp2040\hardware\rp2040\2.5.2/lib/libpico.a(cdc_device.c.obj)
 *fill*         0x10007a6a        0x2 
 .text.tud_cdc_n_connected
                0x10007a6c       0x30 C:\Users\dell\AppData\Local\Arduino15\packages\rp2040\hardware\rp2040\2.5.2/lib/libpico.a(cdc_device.c.obj)
                0x10007a6c                tud_cdc_n_connected
 .text.tud_cdc_n_available
                0x10007a9c       0x18 C:\Users\dell\AppData\Local\Arduino15\packages\rp2040\hardware\rp2040\2.5.2/lib/libpico.a(cdc_device.c.obj)
                0x10007a9c                tud_cdc_n_available
 .text.tud_cdc_n_read
                0x10007ab4       0x28 C:\Users\dell\AppData\Local\Arduino15\packages\rp2040\hardware\rp2040\2.5.2/lib/libpico.a(cdc_device.c.obj)
                0x10007ab4                tud_cdc_n_read
 .text.tud_cdc_n_peek
                0x10007adc       0x18 C:\Users\dell\AppData\Local\Arduino15\packages\rp2040\hardware\rp2040\2.5.2/lib/libpico.a(cdc_device.c.obj)
                0x10007adc                tud_cdc_n_peek
 .text.tud_cdc_n_write_flush
                0x10007af4       0x78 C:\Users\dell\AppData\Local\Arduino15\packages\rp2040\hardware\rp2040\2.5.2/lib/libpico.a(cdc_device.c.obj)
                0x10007af4                tud_cdc_n_write_flush
 .text.tud_cdc_n_write
                0x10007b6c       0x34 C:\Users\dell\AppData\Local\Arduino15\packages\rp2040\hardware\rp2040\2.5.2/lib/libpico.a(cdc_device.c.obj)
                0x10007b6c                tud_cdc_n_write
 .text.tud_cdc_n_write_available
                0x10007ba0       0x18 C:\Users\dell\AppData\Local\Arduino15\packages\rp2040\hardware\rp2040\2.5.2/lib/libpico.a(cdc_device.c.obj)
                0x10007ba0                tud_cdc_n_write_available
 .text.cdcd_init
                0x10007bb8       0x7c C:\Users\dell\AppData\Local\Arduino15\packages\rp2040\hardware\rp2040\2.5.2/lib/libpico.a(cdc_device.c.obj)
                0x10007bb8                cdcd_init
 .text.cdcd_reset
                0x10007c34       0x30 C:\Users\dell\AppData\Local\Arduino15\packages\rp2040\hardware\rp2040\2.5.2/lib/libpico.a(cdc_device.c.obj)
                0x10007c34                cdcd_reset
 .text.cdcd_open
                0x10007c64       0xa4 C:\Users\dell\AppData\Local\Arduino15\packages\rp2040\hardware\rp2040\2.5.2/lib/libpico.a(cdc_device.c.obj)
                0x10007c64                cdcd_open
 .text.cdcd_control_xfer_cb
                0x10007d08       0xd8 C:\Users\dell\AppData\Local\Arduino15\packages\rp2040\hardware\rp2040\2.5.2/lib/libpico.a(cdc_device.c.obj)
                0x10007d08                cdcd_control_xfer_cb
 .text.cdcd_xfer_cb
                0x10007de0       0xe4 C:\Users\dell\AppData\Local\Arduino15\packages\rp2040\hardware\rp2040\2.5.2/lib/libpico.a(cdc_device.c.obj)
                0x10007de0                cdcd_xfer_cb
 .text.hidd_reset
                0x10007ec4       0x14 C:\Users\dell\AppData\Local\Arduino15\packages\rp2040\hardware\rp2040\2.5.2/lib/libpico.a(hid_device.c.obj)
                0x10007ec4                hidd_reset
 .text.hidd_init
                0x10007ed8        0xa C:\Users\dell\AppData\Local\Arduino15\packages\rp2040\hardware\rp2040\2.5.2/lib/libpico.a(hid_device.c.obj)
                0x10007ed8                hidd_init
 *fill*         0x10007ee2        0x2 
 .text.hidd_open
                0x10007ee4       0xb4 C:\Users\dell\AppData\Local\Arduino15\packages\rp2040\hardware\rp2040\2.5.2/lib/libpico.a(hid_device.c.obj)
                0x10007ee4                hidd_open
 .text.hidd_control_xfer_cb
                0x10007f98      0x1e4 C:\Users\dell\AppData\Local\Arduino15\packages\rp2040\hardware\rp2040\2.5.2/lib/libpico.a(hid_device.c.obj)
                0x10007f98                hidd_control_xfer_cb
 .text.hidd_xfer_cb
                0x1000817c       0x80 C:\Users\dell\AppData\Local\Arduino15\packages\rp2040\hardware\rp2040\2.5.2/lib/libpico.a(hid_device.c.obj)
                0x1000817c                hidd_xfer_cb
 .text.tusb_init
                0x100081fc        0xa C:\Users\dell\AppData\Local\Arduino15\packages\rp2040\hardware\rp2040\2.5.2/lib/libpico.a(tusb.c.obj)
                0x100081fc                tusb_init
 .text.tusb_inited
                0x10008206        0x8 C:\Users\dell\AppData\Local\Arduino15\packages\rp2040\hardware\rp2040\2.5.2/lib/libpico.a(tusb.c.obj)
                0x10008206                tusb_inited
 *fill*         0x1000820e        0x2 
 .text.tu_edpt_validate
                0x10008210       0x60 C:\Users\dell\AppData\Local\Arduino15\packages\rp2040\hardware\rp2040\2.5.2/lib/libpico.a(tusb.c.obj)
                0x10008210                tu_edpt_validate
 .text.tu_edpt_bind_driver
                0x10008270       0x2a C:\Users\dell\AppData\Local\Arduino15\packages\rp2040\hardware\rp2040\2.5.2/lib/libpico.a(tusb.c.obj)
                0x10008270                tu_edpt_bind_driver
 .text.advance_pointer
                0x1000829a       0x18 C:\Users\dell\AppData\Local\Arduino15\packages\rp2040\hardware\rp2040\2.5.2/lib/libpico.a(tusb_fifo.c.obj)
 .text._tu_fifo_correct_read_pointer
                0x100082b2       0x1e C:\Users\dell\AppData\Local\Arduino15\packages\rp2040\hardware\rp2040\2.5.2/lib/libpico.a(tusb_fifo.c.obj)
 .text._ff_unlock
                0x100082d0        0xc C:\Users\dell\AppData\Local\Arduino15\packages\rp2040\hardware\rp2040\2.5.2/lib/libpico.a(tusb_fifo.c.obj)
 .text._ff_pull_const_addr
                0x100082dc       0x58 C:\Users\dell\AppData\Local\Arduino15\packages\rp2040\hardware\rp2040\2.5.2/lib/libpico.a(tusb_fifo.c.obj)
 .text._tu_fifo_peek_n
                0x10008334      0x12a C:\Users\dell\AppData\Local\Arduino15\packages\rp2040\hardware\rp2040\2.5.2/lib/libpico.a(tusb_fifo.c.obj)
 *fill*         0x1000845e        0x2 
 .text._ff_push_const_addr
                0x10008460       0x48 C:\Users\dell\AppData\Local\Arduino15\packages\rp2040\hardware\rp2040\2.5.2/lib/libpico.a(tusb_fifo.c.obj)
 .text._tu_fifo_peek
                0x100084a8       0x48 C:\Users\dell\AppData\Local\Arduino15\packages\rp2040\hardware\rp2040\2.5.2/lib/libpico.a(tusb_fifo.c.obj)
 .text._ff_lock
                0x100084f0       0x10 C:\Users\dell\AppData\Local\Arduino15\packages\rp2040\hardware\rp2040\2.5.2/lib/libpico.a(tusb_fifo.c.obj)
 .text._tu_fifo_read_n
                0x10008500       0x3e C:\Users\dell\AppData\Local\Arduino15\packages\rp2040\hardware\rp2040\2.5.2/lib/libpico.a(tusb_fifo.c.obj)
 .text._tu_fifo_write_n.part.0
                0x1000853e      0x14a C:\Users\dell\AppData\Local\Arduino15\packages\rp2040\hardware\rp2040\2.5.2/lib/libpico.a(tusb_fifo.c.obj)
 .text.tu_fifo_config
                0x10008688       0x52 C:\Users\dell\AppData\Local\Arduino15\packages\rp2040\hardware\rp2040\2.5.2/lib/libpico.a(tusb_fifo.c.obj)
                0x10008688                tu_fifo_config
 .text.tu_fifo_count
                0x100086da       0x20 C:\Users\dell\AppData\Local\Arduino15\packages\rp2040\hardware\rp2040\2.5.2/lib/libpico.a(tusb_fifo.c.obj)
                0x100086da                tu_fifo_count
 .text.tu_fifo_empty
                0x100086fa       0x10 C:\Users\dell\AppData\Local\Arduino15\packages\rp2040\hardware\rp2040\2.5.2/lib/libpico.a(tusb_fifo.c.obj)
                0x100086fa                tu_fifo_empty
 .text.tu_fifo_remaining
                0x1000870a       0x1c C:\Users\dell\AppData\Local\Arduino15\packages\rp2040\hardware\rp2040\2.5.2/lib/libpico.a(tusb_fifo.c.obj)
                0x1000870a                tu_fifo_remaining
 .text.tu_fifo_read
                0x10008726       0x36 C:\Users\dell\AppData\Local\Arduino15\packages\rp2040\hardware\rp2040\2.5.2/lib/libpico.a(tusb_fifo.c.obj)
                0x10008726                tu_fifo_read
 .text.tu_fifo_read_n
                0x1000875c        0xa C:\Users\dell\AppData\Local\Arduino15\packages\rp2040\hardware\rp2040\2.5.2/lib/libpico.a(tusb_fifo.c.obj)
                0x1000875c                tu_fifo_read_n
 .text.tu_fifo_peek
                0x10008766       0x28 C:\Users\dell\AppData\Local\Arduino15\packages\rp2040\hardware\rp2040\2.5.2/lib/libpico.a(tusb_fifo.c.obj)
                0x10008766                tu_fifo_peek
 .text.tu_fifo_write
                0x1000878e       0x60 C:\Users\dell\AppData\Local\Arduino15\packages\rp2040\hardware\rp2040\2.5.2/lib/libpico.a(tusb_fifo.c.obj)
                0x1000878e                tu_fifo_write
 .text.tu_fifo_write_n
                0x100087ee       0x12 C:\Users\dell\AppData\Local\Arduino15\packages\rp2040\hardware\rp2040\2.5.2/lib/libpico.a(tusb_fifo.c.obj)
                0x100087ee                tu_fifo_write_n
 .text.tu_fifo_clear
                0x10008800       0x34 C:\Users\dell\AppData\Local\Arduino15\packages\rp2040\hardware\rp2040\2.5.2/lib/libpico.a(tusb_fifo.c.obj)
                0x10008800                tu_fifo_clear
 .text.tu_fifo_set_overwritable
                0x10008834       0x24 C:\Users\dell\AppData\Local\Arduino15\packages\rp2040\hardware\rp2040\2.5.2/lib/libpico.a(tusb_fifo.c.obj)
                0x10008834                tu_fifo_set_overwritable
 .text.hw_claim_lock
                0x10008858       0x18 C:\Users\dell\AppData\Local\Arduino15\packages\rp2040\hardware\rp2040\2.5.2/lib/libpico.a(claim.c.obj)
                0x10008858                hw_claim_lock
 .text.hw_claim_unlock
                0x10008870       0x14 C:\Users\dell\AppData\Local\Arduino15\packages\rp2040\hardware\rp2040\2.5.2/lib/libpico.a(claim.c.obj)
                0x10008870                hw_claim_unlock
 .text.hw_is_claimed
                0x10008884       0x16 C:\Users\dell\AppData\Local\Arduino15\packages\rp2040\hardware\rp2040\2.5.2/lib/libpico.a(claim.c.obj)
                0x10008884                hw_is_claimed
 .text.hw_claim_or_assert
                0x1000889a       0x3a C:\Users\dell\AppData\Local\Arduino15\packages\rp2040\hardware\rp2040\2.5.2/lib/libpico.a(claim.c.obj)
                0x1000889a                hw_claim_or_assert
 .text.hw_claim_unused_from_range
                0x100088d4       0x54 C:\Users\dell\AppData\Local\Arduino15\packages\rp2040\hardware\rp2040\2.5.2/lib/libpico.a(claim.c.obj)
                0x100088d4                hw_claim_unused_from_range
 .text.running_on_fpga
                0x10008928       0x10 C:\Users\dell\AppData\Local\Arduino15\packages\rp2040\hardware\rp2040\2.5.2/lib/libpico.a(platform.c.obj)
                0x10008928                running_on_fpga
 .text.clock_configure
                0x10008938       0xd4 C:\Users\dell\AppData\Local\Arduino15\packages\rp2040\hardware\rp2040\2.5.2/lib/libpico.a(clocks.c.obj)
                0x10008938                clock_configure
 .text.clocks_init
                0x10008a0c       0xf4 C:\Users\dell\AppData\Local\Arduino15\packages\rp2040\hardware\rp2040\2.5.2/lib/libpico.a(clocks.c.obj)
                0x10008a0c                clocks_init
 .text.clock_get_hz
                0x10008b00        0xc C:\Users\dell\AppData\Local\Arduino15\packages\rp2040\hardware\rp2040\2.5.2/lib/libpico.a(clocks.c.obj)
                0x10008b00                clock_get_hz
 .text.lock_init
                0x10008b0c       0x10 C:\Users\dell\AppData\Local\Arduino15\packages\rp2040\hardware\rp2040\2.5.2/lib/libpico.a(lock_core.c.obj)
                0x10008b0c                lock_init
 .text.critical_section_init_with_lock_num
                0x10008b1c       0x14 C:\Users\dell\AppData\Local\Arduino15\packages\rp2040\hardware\rp2040\2.5.2/lib/libpico.a(critical_section.c.obj)
                0x10008b1c                critical_section_init_with_lock_num
 .text.critical_section_init
                0x10008b30       0x14 C:\Users\dell\AppData\Local\Arduino15\packages\rp2040\hardware\rp2040\2.5.2/lib/libpico.a(critical_section.c.obj)
                0x10008b30                critical_section_init
 .text.pll_init
                0x10008b44       0x9c C:\Users\dell\AppData\Local\Arduino15\packages\rp2040\hardware\rp2040\2.5.2/lib/libpico.a(pll.c.obj)
                0x10008b44                pll_init
 .text.watchdog_start_tick
                0x10008be0       0x10 C:\Users\dell\AppData\Local\Arduino15\packages\rp2040\hardware\rp2040\2.5.2/lib/libpico.a(watchdog.c.obj)
                0x10008be0                watchdog_start_tick
 .text.xosc_init
                0x10008bf0       0x28 C:\Users\dell\AppData\Local\Arduino15\packages\rp2040\hardware\rp2040\2.5.2/lib/libpico.a(xosc.c.obj)
                0x10008bf0                xosc_init
 .text.flash_get_unique_id
                0x10008c18       0x42 C:\Users\dell\AppData\Local\Arduino15\packages\rp2040\hardware\rp2040\2.5.2/lib/libpico.a(flash.c.obj)
                0x10008c18                flash_get_unique_id
 *fill*         0x10008c5a        0x2 
 .text.hw_endpoint_init
                0x10008c5c       0xc8 C:\Users\dell\AppData\Local\Arduino15\packages\rp2040\hardware\rp2040\2.5.2/lib/libpico.a(dcd_rp2040.c.obj)
 .text.reset_non_control_endpoints
                0x10008d24       0x3c C:\Users\dell\AppData\Local\Arduino15\packages\rp2040\hardware\rp2040\2.5.2/lib/libpico.a(dcd_rp2040.c.obj)
 .text.dcd_rp2040_irq
                0x10008d60      0x128 C:\Users\dell\AppData\Local\Arduino15\packages\rp2040\hardware\rp2040\2.5.2/lib/libpico.a(dcd_rp2040.c.obj)
 .text.dcd_int_enable
                0x10008e88        0xc C:\Users\dell\AppData\Local\Arduino15\packages\rp2040\hardware\rp2040\2.5.2/lib/libpico.a(dcd_rp2040.c.obj)
                0x10008e88                dcd_int_enable
 .text.dcd_set_address
                0x10008e94       0x14 C:\Users\dell\AppData\Local\Arduino15\packages\rp2040\hardware\rp2040\2.5.2/lib/libpico.a(dcd_rp2040.c.obj)
                0x10008e94                dcd_set_address
 .text.dcd_connect
                0x10008ea8       0x10 C:\Users\dell\AppData\Local\Arduino15\packages\rp2040\hardware\rp2040\2.5.2/lib/libpico.a(dcd_rp2040.c.obj)
                0x10008ea8                dcd_connect
 .text.dcd_init
                0x10008eb8       0x64 C:\Users\dell\AppData\Local\Arduino15\packages\rp2040\hardware\rp2040\2.5.2/lib/libpico.a(dcd_rp2040.c.obj)
                0x10008eb8                dcd_init
 .text.dcd_edpt0_status_complete
                0x10008f1c       0x18 C:\Users\dell\AppData\Local\Arduino15\packages\rp2040\hardware\rp2040\2.5.2/lib/libpico.a(dcd_rp2040.c.obj)
                0x10008f1c                dcd_edpt0_status_complete
 .text.dcd_edpt_open
                0x10008f34       0x20 C:\Users\dell\AppData\Local\Arduino15\packages\rp2040\hardware\rp2040\2.5.2/lib/libpico.a(dcd_rp2040.c.obj)
                0x10008f34                dcd_edpt_open
 .text.dcd_edpt_close_all
                0x10008f54        0x8 C:\Users\dell\AppData\Local\Arduino15\packages\rp2040\hardware\rp2040\2.5.2/lib/libpico.a(dcd_rp2040.c.obj)
                0x10008f54                dcd_edpt_close_all
 .text.dcd_edpt_xfer
                0x10008f5c       0x24 C:\Users\dell\AppData\Local\Arduino15\packages\rp2040\hardware\rp2040\2.5.2/lib/libpico.a(dcd_rp2040.c.obj)
                0x10008f5c                dcd_edpt_xfer
 .text.dcd_edpt_stall
                0x10008f80       0x34 C:\Users\dell\AppData\Local\Arduino15\packages\rp2040\hardware\rp2040\2.5.2/lib/libpico.a(dcd_rp2040.c.obj)
                0x10008f80                dcd_edpt_stall
 .text.dcd_edpt_clear_stall
                0x10008fb4       0x2c C:\Users\dell\AppData\Local\Arduino15\packages\rp2040\hardware\rp2040\2.5.2/lib/libpico.a(dcd_rp2040.c.obj)
                0x10008fb4                dcd_edpt_clear_stall
 .text.prepare_ep_buffer
                0x10008fe0       0x66 C:\Users\dell\AppData\Local\Arduino15\packages\rp2040\hardware\rp2040\2.5.2/lib/libpico.a(rp2040_usb.c.obj)
 .text.sync_ep_buffer
                0x10009046       0x48 C:\Users\dell\AppData\Local\Arduino15\packages\rp2040\hardware\rp2040\2.5.2/lib/libpico.a(rp2040_usb.c.obj)
 *fill*         0x1000908e        0x2 
 .text.rp2040_usb_init
                0x10009090       0x4c C:\Users\dell\AppData\Local\Arduino15\packages\rp2040\hardware\rp2040\2.5.2/lib/libpico.a(rp2040_usb.c.obj)
                0x10009090                rp2040_usb_init
 .text.hw_endpoint_reset_transfer
                0x100090dc        0xc C:\Users\dell\AppData\Local\Arduino15\packages\rp2040\hardware\rp2040\2.5.2/lib/libpico.a(rp2040_usb.c.obj)
                0x100090dc                hw_endpoint_reset_transfer
 .text._hw_endpoint_buffer_control_update32
                0x100090e8       0x58 C:\Users\dell\AppData\Local\Arduino15\packages\rp2040\hardware\rp2040\2.5.2/lib/libpico.a(rp2040_usb.c.obj)
                0x100090e8                _hw_endpoint_buffer_control_update32
 .text._hw_endpoint_start_next_buffer
                0x10009140       0x6c C:\Users\dell\AppData\Local\Arduino15\packages\rp2040\hardware\rp2040\2.5.2/lib/libpico.a(rp2040_usb.c.obj)
 .text.hw_endpoint_xfer_start
                0x100091ac       0x14 C:\Users\dell\AppData\Local\Arduino15\packages\rp2040\hardware\rp2040\2.5.2/lib/libpico.a(rp2040_usb.c.obj)
                0x100091ac                hw_endpoint_xfer_start
 .text.hw_endpoint_xfer_continue
                0x100091c0       0x54 C:\Users\dell\AppData\Local\Arduino15\packages\rp2040\hardware\rp2040\2.5.2/lib/libpico.a(rp2040_usb.c.obj)
                0x100091c0                hw_endpoint_xfer_continue
 .text._ZStL23local_Rb_tree_incrementPSt18_Rb_tree_node_base
                0x10009214       0x28 c:/users/dell/appdata/local/arduino15/packages/rp2040/tools/pqt-gcc/1.4.0-c-0196c06/bin/../lib/gcc/arm-none-eabi/10.3.0/../../../../arm-none-eabi/lib/thumb\libstdc++.a(tree.o)
 .text._ZStL23local_Rb_tree_decrementPSt18_Rb_tree_node_base
                0x1000923c       0x32 c:/users/dell/appdata/local/arduino15/packages/rp2040/tools/pqt-gcc/1.4.0-c-0196c06/bin/../lib/gcc/arm-none-eabi/10.3.0/../../../../arm-none-eabi/lib/thumb\libstdc++.a(tree.o)
 .text._ZStL25local_Rb_tree_rotate_leftPSt18_Rb_tree_node_baseRS0_
                0x1000926e       0x2e c:/users/dell/appdata/local/arduino15/packages/rp2040/tools/pqt-gcc/1.4.0-c-0196c06/bin/../lib/gcc/arm-none-eabi/10.3.0/../../../../arm-none-eabi/lib/thumb\libstdc++.a(tree.o)
 .text._ZStL26local_Rb_tree_rotate_rightPSt18_Rb_tree_node_baseRS0_
                0x1000929c       0x2e c:/users/dell/appdata/local/arduino15/packages/rp2040/tools/pqt-gcc/1.4.0-c-0196c06/bin/../lib/gcc/arm-none-eabi/10.3.0/../../../../arm-none-eabi/lib/thumb\libstdc++.a(tree.o)
 .text._ZSt18_Rb_tree_incrementPKSt18_Rb_tree_node_base
                0x100092ca        0x8 c:/users/dell/appdata/local/arduino15/packages/rp2040/tools/pqt-gcc/1.4.0-c-0196c06/bin/../lib/gcc/arm-none-eabi/10.3.0/../../../../arm-none-eabi/lib/thumb\libstdc++.a(tree.o)
                0x100092ca                _ZSt18_Rb_tree_incrementPKSt18_Rb_tree_node_base
 .text._ZSt18_Rb_tree_decrementPSt18_Rb_tree_node_base
                0x100092d2        0x8 c:/users/dell/appdata/local/arduino15/packages/rp2040/tools/pqt-gcc/1.4.0-c-0196c06/bin/../lib/gcc/arm-none-eabi/10.3.0/../../../../arm-none-eabi/lib/thumb\libstdc++.a(tree.o)
                0x100092d2                _ZSt18_Rb_tree_decrementPSt18_Rb_tree_node_base
 .text._ZSt29_Rb_tree_insert_and_rebalancebPSt18_Rb_tree_node_baseS0_RS_
                0x100092da       0xbe c:/users/dell/appdata/local/arduino15/packages/rp2040/tools/pqt-gcc/1.4.0-c-0196c06/bin/../lib/gcc/arm-none-eabi/10.3.0/../../../../arm-none-eabi/lib/thumb\libstdc++.a(tree.o)
                0x100092da                _ZSt29_Rb_tree_insert_and_rebalancebPSt18_Rb_tree_node_baseS0_RS_
 .text._ZSt28_Rb_tree_rebalance_for_erasePSt18_Rb_tree_node_baseRS_
                0x10009398      0x1ca c:/users/dell/appdata/local/arduino15/packages/rp2040/tools/pqt-gcc/1.4.0-c-0196c06/bin/../lib/gcc/arm-none-eabi/10.3.0/../../../../arm-none-eabi/lib/thumb\libstdc++.a(tree.o)
                0x10009398                _ZSt28_Rb_tree_rebalance_for_erasePSt18_Rb_tree_node_baseRS_
 .text.unlikely._ZSt17__throw_bad_allocv
                0x10009562        0x6 c:/users/dell/appdata/local/arduino15/packages/rp2040/tools/pqt-gcc/1.4.0-c-0196c06/bin/../lib/gcc/arm-none-eabi/10.3.0/../../../../arm-none-eabi/lib/thumb\libstdc++.a(functexcept.o)
                0x10009562                _ZSt17__throw_bad_allocv
 .text.unlikely._ZSt20__throw_length_errorPKc
                0x10009568        0x6 c:/users/dell/appdata/local/arduino15/packages/rp2040/tools/pqt-gcc/1.4.0-c-0196c06/bin/../lib/gcc/arm-none-eabi/10.3.0/../../../../arm-none-eabi/lib/thumb\libstdc++.a(functexcept.o)
                0x10009568                _ZSt20__throw_length_errorPKc
 .text          0x1000956e        0xe c:/users/dell/appdata/local/arduino15/packages/rp2040/tools/pqt-gcc/1.4.0-c-0196c06/bin/../lib/gcc/arm-none-eabi/10.3.0/../../../../arm-none-eabi/lib/thumb\libc.a(lib_a-abort.o)
                0x1000956e                abort
 .text          0x1000957c       0x14 c:/users/dell/appdata/local/arduino15/packages/rp2040/tools/pqt-gcc/1.4.0-c-0196c06/bin/../lib/gcc/arm-none-eabi/10.3.0/../../../../arm-none-eabi/lib/thumb\libc.a(lib_a-calloc.o)
                0x1000957c                calloc
 .text          0x10009590       0x9c c:/users/dell/appdata/local/arduino15/packages/rp2040/tools/pqt-gcc/1.4.0-c-0196c06/bin/../lib/gcc/arm-none-eabi/10.3.0/../../../../arm-none-eabi/lib/thumb\libc.a(lib_a-callocr.o)
                0x10009590                _calloc_r
 .text          0x1000962c        0x8 c:/users/dell/appdata/local/arduino15/packages/rp2040/tools/pqt-gcc/1.4.0-c-0196c06/bin/../lib/gcc/arm-none-eabi/10.3.0/../../../../arm-none-eabi/lib/thumb\libc.a(lib_a-errno.o)
                0x1000962c                __errno
 .text          0x10009634      0x238 c:/users/dell/appdata/local/arduino15/packages/rp2040/tools/pqt-gcc/1.4.0-c-0196c06/bin/../lib/gcc/arm-none-eabi/10.3.0/../../../../arm-none-eabi/lib/thumb\libc.a(lib_a-findfp.o)
                0x1000967c                _cleanup_r
                0x100096bc                __sfmoreglue
                0x100096e8                _cleanup
                0x100096f8                __sfp_lock_acquire
                0x10009708                __sfp_lock_release
                0x10009718                __sinit_lock_acquire
                0x10009728                __sinit_lock_release
                0x10009738                __sinit
                0x100097ac                __sfp
                0x1000983c                __fp_lock_all
                0x10009854                __fp_unlock_all
 .text          0x1000986c       0x76 c:/users/dell/appdata/local/arduino15/packages/rp2040/tools/pqt-gcc/1.4.0-c-0196c06/bin/../lib/gcc/arm-none-eabi/10.3.0/../../../../arm-none-eabi/lib/thumb\libc.a(lib_a-fwalk.o)
                0x1000986c                _fwalk
                0x100098a2                _fwalk_reent
 .text          0x100098e2       0x20 c:/users/dell/appdata/local/arduino15/packages/rp2040/tools/pqt-gcc/1.4.0-c-0196c06/bin/../lib/gcc/arm-none-eabi/10.3.0/../../../../arm-none-eabi/lib/thumb\libc.a(lib_a-malloc.o)
                0x100098e2                malloc
                0x100098f2                free
 *fill*         0x10009902        0x2 
 .text          0x10009904      0x420 c:/users/dell/appdata/local/arduino15/packages/rp2040/tools/pqt-gcc/1.4.0-c-0196c06/bin/../lib/gcc/arm-none-eabi/10.3.0/../../../../arm-none-eabi/lib/thumb\libc.a(lib_a-mallocr.o)
                0x10009904                _malloc_r
 .text          0x10009d24       0x20 c:/users/dell/appdata/local/arduino15/packages/rp2040/tools/pqt-gcc/1.4.0-c-0196c06/bin/../lib/gcc/arm-none-eabi/10.3.0/../../../../arm-none-eabi/lib/thumb\libc.a(lib_a-mlock.o)
                0x10009d24                __malloc_lock
                0x10009d34                __malloc_unlock
 .text          0x10009d44      0x5f0 c:/users/dell/appdata/local/arduino15/packages/rp2040/tools/pqt-gcc/1.4.0-c-0196c06/bin/../lib/gcc/arm-none-eabi/10.3.0/../../../../arm-none-eabi/lib/thumb\libc.a(lib_a-nano-vfprintf_float.o)
                0x10009d44                __cvt
                0x10009e0a                __exponent
                0x10009e98                _printf_float
 .text          0x1000a334      0x410 c:/users/dell/appdata/local/arduino15/packages/rp2040/tools/pqt-gcc/1.4.0-c-0196c06/bin/../lib/gcc/arm-none-eabi/10.3.0/../../../../arm-none-eabi/lib/thumb\libc.a(lib_a-nano-vfprintf_i.o)
                0x1000a334                _printf_common
                0x1000a412                _printf_i
 .text          0x1000a744      0x410 c:/users/dell/appdata/local/arduino15/packages/rp2040/tools/pqt-gcc/1.4.0-c-0196c06/bin/../lib/gcc/arm-none-eabi/10.3.0/../../../../arm-none-eabi/lib/thumb\libc.a(lib_a-nano-vfscanf_float.o)
                0x1000a744                _scanf_float
 .text          0x1000ab54       0x54 c:/users/dell/appdata/local/arduino15/packages/rp2040/tools/pqt-gcc/1.4.0-c-0196c06/bin/../lib/gcc/arm-none-eabi/10.3.0/../../../../arm-none-eabi/lib/thumb\libc.a(lib_a-printf.o)
                0x1000ab54                _printf_r
                0x1000ab54                _iprintf_r
                0x1000ab7c                iprintf
                0x1000ab7c                printf
 .text          0x1000aba8       0xe0 c:/users/dell/appdata/local/arduino15/packages/rp2040/tools/pqt-gcc/1.4.0-c-0196c06/bin/../lib/gcc/arm-none-eabi/10.3.0/../../../../arm-none-eabi/lib/thumb\libc.a(lib_a-puts.o)
                0x1000aba8                _puts_r
                0x1000ac78                puts
 .text          0x1000ac88       0x24 c:/users/dell/appdata/local/arduino15/packages/rp2040/tools/pqt-gcc/1.4.0-c-0196c06/bin/../lib/gcc/arm-none-eabi/10.3.0/../../../../arm-none-eabi/lib/thumb\libc.a(lib_a-sbrkr.o)
                0x1000ac88                _sbrk_r
 .text          0x1000acac        0x8 c:/users/dell/appdata/local/arduino15/packages/rp2040/tools/pqt-gcc/1.4.0-c-0196c06/bin/../lib/gcc/arm-none-eabi/10.3.0/../../../../arm-none-eabi/lib/thumb\libc.a(lib_a-sf_nan.o)
                0x1000acac                nanf
 .text          0x1000acb4      0x136 c:/users/dell/appdata/local/arduino15/packages/rp2040/tools/pqt-gcc/1.4.0-c-0196c06/bin/../lib/gcc/arm-none-eabi/10.3.0/../../../../arm-none-eabi/lib/thumb\libc.a(lib_a-signal.o)
                0x1000acb4                _init_signal_r
                0x1000acde                _signal_r
                0x1000ad10                _raise_r
                0x1000ad64                __sigtramp_r
                0x1000adaa                raise
                0x1000adba                signal
                0x1000adce                _init_signal
                0x1000adda                __sigtramp
 *fill*         0x1000adea        0x2 
 .text          0x1000adec       0x2c c:/users/dell/appdata/local/arduino15/packages/rp2040/tools/pqt-gcc/1.4.0-c-0196c06/bin/../lib/gcc/arm-none-eabi/10.3.0/../../../../arm-none-eabi/lib/thumb\libc.a(lib_a-signalr.o)
                0x1000adec                _kill_r
                0x1000ae10                _getpid_r
 .text          0x1000ae18       0x78 c:/users/dell/appdata/local/arduino15/packages/rp2040/tools/pqt-gcc/1.4.0-c-0196c06/bin/../lib/gcc/arm-none-eabi/10.3.0/../../../../arm-none-eabi/lib/thumb\libc.a(lib_a-sprintf.o)
                0x1000ae18                _sprintf_r
                0x1000ae18                _siprintf_r
                0x1000ae50                siprintf
                0x1000ae50                sprintf
 .text          0x1000ae90       0x9c c:/users/dell/appdata/local/arduino15/packages/rp2040/tools/pqt-gcc/1.4.0-c-0196c06/bin/../lib/gcc/arm-none-eabi/10.3.0/../../../../arm-none-eabi/lib/thumb\libc.a(lib_a-stdio.o)
                0x1000ae90                __sread
                0x1000aeb8                __seofread
                0x1000aebc                __swrite
                0x1000aef4                __sseek
                0x1000af20                __sclose
 .text          0x1000af2c        0xe c:/users/dell/appdata/local/arduino15/packages/rp2040/tools/pqt-gcc/1.4.0-c-0196c06/bin/../lib/gcc/arm-none-eabi/10.3.0/../../../../arm-none-eabi/lib/thumb\libc.a(lib_a-strlen.o)
                0x1000af2c                strlen
 *fill*         0x1000af3a        0x2 
 .text          0x1000af3c      0xdfc c:/users/dell/appdata/local/arduino15/packages/rp2040/tools/pqt-gcc/1.4.0-c-0196c06/bin/../lib/gcc/arm-none-eabi/10.3.0/../../../../arm-none-eabi/lib/thumb\libc.a(lib_a-strtod.o)
                0x1000af6c                _strtod_l
                0x1000bb9c                _strtod_r
                0x1000bbac                strtod_l
                0x1000bbc4                strtod
                0x1000bbe0                strtof_l
                0x1000bc8c                strtof
 .text          0x1000bd38      0x154 c:/users/dell/appdata/local/arduino15/packages/rp2040/tools/pqt-gcc/1.4.0-c-0196c06/bin/../lib/gcc/arm-none-eabi/10.3.0/../../../../arm-none-eabi/lib/thumb\libc.a(lib_a-strtol.o)
                0x1000be54                _strtol_r
                0x1000be5c                strtol_l
                0x1000be74                strtol
 .text          0x1000be8c       0x4a c:/users/dell/appdata/local/arduino15/packages/rp2040/tools/pqt-gcc/1.4.0-c-0196c06/bin/../lib/gcc/arm-none-eabi/10.3.0/../../../../arm-none-eabi/lib/thumb\libc.a(lib_a-vprintf.o)
                0x1000be8c                vprintf
                0x1000be8c                viprintf
                0x1000beb2                _vprintf_r
                0x1000beb2                _viprintf_r
 *fill*         0x1000bed6        0x2 
 .text          0x1000bed8       0x28 c:/users/dell/appdata/local/arduino15/packages/rp2040/tools/pqt-gcc/1.4.0-c-0196c06/bin/../lib/gcc/arm-none-eabi/10.3.0/../../../../arm-none-eabi/lib/thumb\libc.a(lib_a-writer.o)
                0x1000bed8                _write_r
 .text          0x1000bf00       0x24 c:/users/dell/appdata/local/arduino15/packages/rp2040/tools/pqt-gcc/1.4.0-c-0196c06/bin/../lib/gcc/arm-none-eabi/10.3.0/../../../../arm-none-eabi/lib/thumb\libc.a(lib_a-closer.o)
                0x1000bf00                _close_r
 .text          0x1000bf24      0xd4c c:/users/dell/appdata/local/arduino15/packages/rp2040/tools/pqt-gcc/1.4.0-c-0196c06/bin/../lib/gcc/arm-none-eabi/10.3.0/../../../../arm-none-eabi/lib/thumb\libc.a(lib_a-dtoa.o)
                0x1000c03a                _dtoa_r
 .text          0x1000cc70      0x100 c:/users/dell/appdata/local/arduino15/packages/rp2040/tools/pqt-gcc/1.4.0-c-0196c06/bin/../lib/gcc/arm-none-eabi/10.3.0/../../../../arm-none-eabi/lib/thumb\libc.a(lib_a-fclose.o)
                0x1000cc70                _fclose_r
                0x1000cd60                fclose
 .text          0x1000cd70      0x1dc c:/users/dell/appdata/local/arduino15/packages/rp2040/tools/pqt-gcc/1.4.0-c-0196c06/bin/../lib/gcc/arm-none-eabi/10.3.0/../../../../arm-none-eabi/lib/thumb\libc.a(lib_a-fflush.o)
                0x1000cd70                __sflush_r
                0x1000cea0                _fflush_r
                0x1000cf24                fflush
 .text          0x1000cf4c      0x200 c:/users/dell/appdata/local/arduino15/packages/rp2040/tools/pqt-gcc/1.4.0-c-0196c06/bin/../lib/gcc/arm-none-eabi/10.3.0/../../../../arm-none-eabi/lib/thumb\libc.a(lib_a-freer.o)
                0x1000cf4c                _malloc_trim_r
                0x1000cfe8                _free_r
 .text          0x1000d14c      0x2d0 c:/users/dell/appdata/local/arduino15/packages/rp2040/tools/pqt-gcc/1.4.0-c-0196c06/bin/../lib/gcc/arm-none-eabi/10.3.0/../../../../arm-none-eabi/lib/thumb\libc.a(lib_a-fvwrite.o)
                0x1000d14c                __sfvwrite_r
 .text          0x1000d41c      0x54c c:/users/dell/appdata/local/arduino15/packages/rp2040/tools/pqt-gcc/1.4.0-c-0196c06/bin/../lib/gcc/arm-none-eabi/10.3.0/../../../../arm-none-eabi/lib/thumb\libc.a(lib_a-gdtoa-gethex.o)
                0x1000d4c4                __hexdig_fun
                0x1000d4ee                __gethex
 .text          0x1000d968      0x19c c:/users/dell/appdata/local/arduino15/packages/rp2040/tools/pqt-gcc/1.4.0-c-0196c06/bin/../lib/gcc/arm-none-eabi/10.3.0/../../../../arm-none-eabi/lib/thumb\libc.a(lib_a-gdtoa-hexnan.o)
                0x1000d98c                __match
                0x1000d9b4                __hexnan
 .text          0x1000db04       0x64 c:/users/dell/appdata/local/arduino15/packages/rp2040/tools/pqt-gcc/1.4.0-c-0196c06/bin/../lib/gcc/arm-none-eabi/10.3.0/../../../../arm-none-eabi/lib/thumb\libc.a(lib_a-locale.o)
                0x1000db04                _setlocale_r
                0x1000db44                __locale_mb_cur_max
                0x1000db54                setlocale
 .text          0x1000db68       0x14 c:/users/dell/appdata/local/arduino15/packages/rp2040/tools/pqt-gcc/1.4.0-c-0196c06/bin/../lib/gcc/arm-none-eabi/10.3.0/../../../../arm-none-eabi/lib/thumb\libc.a(lib_a-localeconv.o)
                0x1000db68                __localeconv_l
                0x1000db6c                _localeconv_r
                0x1000db74                localeconv
 .text          0x1000db7c       0x28 c:/users/dell/appdata/local/arduino15/packages/rp2040/tools/pqt-gcc/1.4.0-c-0196c06/bin/../lib/gcc/arm-none-eabi/10.3.0/../../../../arm-none-eabi/lib/thumb\libc.a(lib_a-lseekr.o)
                0x1000db7c                _lseek_r
 .text          0x1000dba4       0x38 c:/users/dell/appdata/local/arduino15/packages/rp2040/tools/pqt-gcc/1.4.0-c-0196c06/bin/../lib/gcc/arm-none-eabi/10.3.0/../../../../arm-none-eabi/lib/thumb\libc.a(lib_a-mbtowc_r.o)
                0x1000dba4                _mbtowc_r